2026-09-23 16:28:09,974 INFO classical_baseline_152765.repartition: step 2 repartition trigger reason=congestion (congestion) links=1-4 affected_qubits=[5, 14]
2026-09-23 16:28:09,974 INFO classical_baseline_152765.repartition: step 2 evaluated 1 selective candidates; objective 12462.31 -> 12462.31 (communication 10862.31 -> 10862.31, deferred load 8.0 -> 8.0, migration 0.00)
2026-09-23 16:28:09,974 INFO classical_baseline_152765.repartition: step 2 repartition rejected: no_improving_selective_move
2026-09-23 16:28:10,005 INFO classical_baseline_152765.repartition: step 3 repartition trigger reason=combined (congestion+resource) links=1-4 affected_qubits=[4, 5, 8, 9, 12, 15, 16, 20]
2026-09-23 16:28:10,005 INFO classical_baseline_152765.repartition: step 3 evaluated 40 selective candidates; objective 16082.04 -> 15650.86 (communication 9682.04 -> 9340.80, deferred load 32.0 -> 31.0, migration 110.06)
2026-09-23 16:28:10,006 INFO classical_baseline_152765.repartition: step 3 repartition rejected: improvement_below_margin
2026-09-23 16:28:10,022 INFO classical_baseline_152765.repartition: step 4 repartition trigger reason=combined (congestion+resource) links=1-4 affected_qubits=[5, 7, 8, 9, 14, 15, 16]
2026-09-23 16:28:10,022 INFO classical_baseline_152765.repartition: step 4 evaluated 17 selective candidates; objective 14774.54 -> 14774.54 (communication 12974.54 -> 12974.54, deferred load 9.0 -> 9.0, migration 0.00)
2026-09-23 16:28:10,022 INFO classical_baseline_152765.repartition: step 4 repartition rejected: no_improving_selective_move
2026-09-23 16:28:10,126 INFO classical_baseline_152765.repartition: step 5 repartition trigger reason=combined (congestion+resource) links=1-4|1-5 affected_qubits=[0, 2, 4, 5, 7, 9, 12, 13, 14, 15, 16, 17, 18]
2026-09-23 16:28:10,126 INFO classical_baseline_152765.repartition: step 5 evaluated 130 selective candidates; objective 18292.23 -> 17774.58 (communication 15292.23 -> 14631.74, deferred load 15.0 -> 15.0, migration 142.84)
2026-09-23 16:28:10,126 INFO classical_baseline_152765.repartition: step 5 repartition rejected: improvement_below_margin
2026-09-23 16:28:10,136 INFO classical_baseline_152765.repartition: step 6 repartition trigger reason=combined (congestion+resource) links=1-4 affected_qubits=[7, 10, 12, 15, 19]
2026-09-23 16:28:10,136 INFO classical_baseline_152765.repartition: step 6 evaluated 8 selective candidates; objective 9554.22 -> 9554.22 (communication 9554.22 -> 9554.22, deferred load 0.0 -> 0.0, migration 0.00)
2026-09-23 16:28:10,136 INFO classical_baseline_152765.repartition: step 6 repartition rejected: no_improving_selective_move
2026-09-23 16:28:10,149 INFO classical_baseline_152765.repartition: step 9 repartition trigger reason=congestion (congestion) links=1-4 affected_qubits=[3, 9, 12, 15, 17, 23]
2026-09-23 16:28:10,149 INFO classical_baseline_152765.repartition: step 9 evaluated 11 selective candidates; objective 10762.68 -> 10762.68 (communication 10762.68 -> 10762.68, deferred load 0.0 -> 0.0, migration 0.00)
2026-09-23 16:28:10,149 INFO classical_baseline_152765.repartition: step 9 repartition rejected: no_improving_selective_move
2026-09-23 16:28:10,182 INFO classical_baseline_152765.repartition: step 10 repartition trigger reason=congestion (congestion) links=1-4|1-5 affected_qubits=[1, 4, 12, 13, 14, 15, 16, 17, 18, 21]
2026-09-23 16:28:10,182 INFO classical_baseline_152765.repartition: step 10 evaluated 36 selective candidates; objective 15079.99 -> 15079.99 (communication 13679.99 -> 13679.99, deferred load 7.0 -> 7.0, migration 0.00)
2026-09-23 16:28:10,182 INFO classical_baseline_152765.repartition: step 10 repartition rejected: no_improving_selective_move
2026-09-23 16:28:10,218 INFO classical_baseline_152765.repartition: step 11 repartition trigger reason=congestion (congestion) links=1-4|1-5 affected_qubits=[0, 4, 5, 13, 15, 16, 17, 19]
2026-09-23 16:28:10,218 INFO classical_baseline_152765.repartition: step 11 evaluated 42 selective candidates; objective 14823.43 -> 14472.07 (communication 13423.43 -> 12941.80, deferred load 7.0 -> 7.0, migration 130.27)
2026-09-23 16:28:10,218 INFO classical_baseline_152765.repartition: step 11 repartition rejected: improvement_below_margin
2026-09-23 16:28:10,281 INFO classical_baseline_152765.repartition: step 12 repartition trigger reason=congestion (congestion) links=1-4|1-5 affected_qubits=[0, 4, 9, 11, 13, 14, 15, 16, 17, 18]
2026-09-23 16:28:10,281 INFO classical_baseline_152765.repartition: step 12 evaluated 74 selective candidates; objective 13720.03 -> 13175.44 (communication 12320.03 -> 11645.02, deferred load 7.0 -> 7.0, migration 130.42)
2026-09-23 16:28:10,281 INFO classical_baseline_152765.repartition: step 12 repartition rejected: improvement_below_margin
2026-09-23 16:28:10,313 INFO classical_baseline_152765.repartition: step 13 repartition trigger reason=congestion (congestion) links=1-4 affected_qubits=[1, 2, 5, 7, 12, 15]
2026-09-23 16:28:10,313 INFO classical_baseline_152765.repartition: step 13 evaluated 24 selective candidates; objective 14512.54 -> 14325.39 (communication 12912.54 -> 12698.44, deferred load 8.0 -> 8.0, migration 26.96)
2026-09-23 16:28:10,313 INFO classical_baseline_152765.repartition: step 13 repartition rejected: improvement_below_margin
2026-09-23 16:28:10,360 INFO classical_baseline_152765.repartition: step 14 repartition trigger reason=combined (congestion+resource) links=1-4 affected_qubits=[0, 4, 5, 9, 12, 14, 15, 20, 22]
2026-09-23 16:28:10,360 INFO classical_baseline_152765.repartition: step 14 evaluated 56 selective candidates; objective 15491.60 -> 15026.44 (communication 12291.60 -> 11288.16, deferred load 16.0 -> 18.0, migration 138.27)
2026-09-23 16:28:10,360 INFO classical_baseline_152765.repartition: step 14 repartition rejected: improvement_below_margin
2026-09-23 16:28:10,422 INFO classical_baseline_152765.repartition: step 15 repartition trigger reason=combined (congestion+resource) links=1-4 affected_qubits=[3, 5, 6, 9, 11, 12, 14, 15, 16, 20]
2026-09-23 16:28:10,422 INFO classical_baseline_152765.repartition: step 15 evaluated 76 selective candidates; objective 15595.59 -> 15348.08 (communication 11995.59 -> 11673.10, deferred load 18.0 -> 18.0, migration 74.98)
2026-09-23 16:28:10,422 INFO classical_baseline_152765.repartition: step 15 repartition rejected: improvement_below_margin
2026-09-23 16:28:10,505 INFO classical_baseline_152765.repartition: step 16 repartition trigger reason=combined (congestion+resource) links=1-4 affected_qubits=[1, 3, 5, 6, 9, 11, 12, 15, 16, 20, 22]
2026-09-23 16:28:10,505 INFO classical_baseline_152765.repartition: step 16 evaluated 94 selective candidates; objective 13042.34 -> 12613.57 (communication 11842.34 -> 11368.25, deferred load 6.0 -> 6.0, migration 45.32)
2026-09-23 16:28:10,505 INFO classical_baseline_152765.repartition: step 16 repartition rejected: improvement_below_margin
2026-09-23 16:28:10,596 INFO classical_baseline_152765.repartition: step 17 repartition trigger reason=combined (congestion+resource) links=1-4 affected_qubits=[1, 5, 8, 9, 11, 12, 15, 16, 18, 19, 20, 22, 23]
2026-09-23 16:28:10,596 INFO classical_baseline_152765.repartition: step 17 evaluated 132 selective candidates; objective 18272.20 -> 18197.39 (communication 7872.20 -> 7707.27, deferred load 52.0 -> 52.0, migration 90.12)
2026-09-23 16:28:10,596 INFO classical_baseline_152765.repartition: step 17 repartition rejected: improvement_below_margin
2026-09-23 16:28:10,737 INFO classical_baseline_152765.repartition: step 18 repartition trigger reason=combined (congestion+resource) links=1-5 affected_qubits=[3, 5, 8, 9, 12, 14, 15, 16, 17, 18, 19, 20, 22, 23]
2026-09-23 16:28:10,737 INFO classical_baseline_152765.repartition: step 18 evaluated 158 selective candidates; objective 10982.87 -> 10444.17 (communication 9582.87 -> 9643.98, deferred load 7.0 -> 3.0, migration 200.19)
2026-09-23 16:28:10,737 INFO classical_baseline_152765.repartition: step 18 repartition rejected: improvement_below_margin
2026-09-23 16:28:10,840 INFO classical_baseline_152765.repartition: step 19 repartition trigger reason=combined (congestion+resource) links=1-4 affected_qubits=[4, 5, 8, 9, 12, 14, 15, 16, 18, 19, 20, 22, 23]
2026-09-23 16:28:10,840 INFO classical_baseline_152765.repartition: step 19 evaluated 134 selective candidates; objective 16315.47 -> 15543.76 (communication 8915.47 -> 8790.63, deferred load 37.0 -> 33.0, migration 153.13)
2026-09-23 16:28:10,840 INFO classical_baseline_152765.repartition: step 19 repartition rejected: improvement_below_margin
2026-09-23 16:28:10,918 INFO classical_baseline_152765.repartition: step 20 repartition trigger reason=combined (congestion+resource) links=1-4 affected_qubits=[4, 5, 7, 8, 9, 12, 14, 15, 16, 19, 20]
2026-09-23 16:28:10,918 INFO classical_baseline_152765.repartition: step 20 evaluated 90 selective candidates; objective 15292.62 -> 14808.28 (communication 12492.62 -> 12029.69, deferred load 14.0 -> 13.0, migration 178.59)
2026-09-23 16:28:10,918 INFO classical_baseline_152765.repartition: step 20 repartition rejected: improvement_below_margin
2026-09-23 16:28:11,062 INFO classical_baseline_152765.repartition: step 21 repartition trigger reason=combined (congestion+resource) links=1-4|1-5 affected_qubits=[0, 2, 4, 5, 7, 8, 9, 12, 13, 14, 15, 16, 17, 18, 20]
2026-09-23 16:28:11,062 INFO classical_baseline_152765.repartition: step 21 evaluated 178 selective candidates; objective 17827.31 -> 17028.00 (communication 13627.31 -> 13224.19, deferred load 21.0 -> 18.0, migration 203.81)
2026-09-23 16:28:11,062 INFO classical_baseline_152765.repartition: step 21 repartition rejected: improvement_below_margin
2026-09-23 16:28:11,193 INFO classical_baseline_152765.repartition: step 22 repartition trigger reason=combined (congestion+resource) links=1-3|1-4 affected_qubits=[2, 5, 7, 8, 9, 10, 12, 14, 15, 16, 17, 19, 20, 23]
2026-09-23 16:28:11,193 INFO classical_baseline_152765.repartition: step 22 evaluated 156 selective candidates; objective 14102.13 -> 13395.80 (communication 11502.13 -> 11632.56, deferred load 13.0 -> 8.0, migration 163.24)
2026-09-23 16:28:11,193 INFO classical_baseline_152765.repartition: step 22 accepted swap of qubits [7, 15]: QPU [1, 4] -> QPU [4, 1]
2026-09-23 16:28:11,193 INFO classical_baseline_152765.repartition: step 22 accepted swap of qubits [5, 10]: QPU [4, 1] -> QPU [1, 4]
2026-09-23 16:28:11,193 INFO classical_baseline_152765.repartition: step 22 link 1-3 projected peak utilization 0.67 -> 0.67
2026-09-23 16:28:11,193 INFO classical_baseline_152765.repartition: step 22 link 1-4 projected peak utilization 1.00 -> 1.00
2026-09-23 16:28:11,193 INFO classical_baseline_152765.repartition: step 22 moved qubits [5, 7, 10, 15]; new partition {0: [0, 2, 6, 22], 1: [3, 5, 15, 23], 2: [11, 18, 19, 21], 3: [1, 8, 14, 20], 4: [7, 9, 10, 12], 5: [4, 13, 16, 17]}
2026-09-23 16:28:11,194 INFO classical_baseline_152765.repartition: step 23 trigger 'congestion+resource' suppressed by cooldown (last repartition at step 22)
2026-09-23 16:28:11,195 INFO classical_baseline_152765.repartition: step 24 trigger 'congestion+resource' suppressed by cooldown (last repartition at step 22)
2026-09-23 16:28:11,242 INFO classical_baseline_152765.repartition: step 25 repartition trigger reason=combined (congestion+resource) links=1-4 affected_qubits=[3, 7, 9, 10, 12, 13, 14, 16, 23]
2026-09-23 16:28:11,242 INFO classical_baseline_152765.repartition: step 25 evaluated 56 selective candidates; objective 15383.08 -> 15031.49 (communication 11783.08 -> 12457.72, deferred load 18.0 -> 12.0, migration 173.76)
2026-09-23 16:28:11,242 INFO classical_baseline_152765.repartition: step 25 repartition rejected: improvement_below_margin
2026-09-23 16:28:11,302 INFO classical_baseline_152765.repartition: step 26 repartition trigger reason=combined (congestion+resource) links=1-4 affected_qubits=[3, 5, 7, 9, 10, 11, 12, 16, 18, 23]
2026-09-23 16:28:11,302 INFO classical_baseline_152765.repartition: step 26 evaluated 70 selective candidates; objective 16210.24 -> 15395.60 (communication 14410.24 -> 14237.47, deferred load 9.0 -> 5.0, migration 158.13)
2026-09-23 16:28:11,302 INFO classical_baseline_152765.repartition: step 26 accepted swap of qubits [9, 23]: QPU [4, 1] -> QPU [1, 4]
2026-09-23 16:28:11,302 INFO classical_baseline_152765.repartition: step 26 accepted swap of qubits [3, 12]: QPU [1, 4] -> QPU [4, 1]
2026-09-23 16:28:11,302 INFO classical_baseline_152765.repartition: step 26 link 1-4 projected peak utilization 1.00 -> 1.00
2026-09-23 16:28:11,303 INFO classical_baseline_152765.repartition: step 26 moved qubits [3, 9, 12, 23]; new partition {0: [0, 2, 6, 22], 1: [5, 9, 12, 15], 2: [11, 18, 19, 21], 3: [1, 8, 14, 20], 4: [3, 7, 10, 23], 5: [4, 13, 16, 17]}
2026-09-23 16:28:11,304 INFO classical_baseline_152765.repartition: step 27 trigger 'congestion' suppressed by cooldown (last repartition at step 26)
2026-09-23 16:28:11,306 INFO classical_baseline_152765.repartition: step 28 trigger 'congestion' suppressed by cooldown (last repartition at step 26)
2026-09-23 16:28:11,310 INFO classical_baseline_152765.repartition: step 29 repartition trigger reason=congestion (congestion) links=1-4 affected_qubits=[3, 18]
2026-09-23 16:28:11,310 INFO classical_baseline_152765.repartition: step 29 evaluated 1 selective candidates; objective 16228.10 -> 16228.10 (communication 13628.10 -> 13628.10, deferred load 13.0 -> 13.0, migration 0.00)
2026-09-23 16:28:11,310 INFO classical_baseline_152765.repartition: step 29 repartition rejected: no_improving_selective_move
2026-09-23 16:28:11,513 INFO classical_baseline_152765.repartition: step 30 repartition trigger reason=combined (congestion+resource) links=0-2|1-4 affected_qubits=[0, 1, 5, 7, 8, 10, 11, 12, 13, 15, 16, 18, 19, 20, 21, 22, 23]
2026-09-23 16:28:11,513 INFO classical_baseline_152765.repartition: step 30 evaluated 238 selective candidates; objective 13283.19 -> 12613.47 (communication 11883.19 -> 11168.07, deferred load 7.0 -> 7.0, migration 45.39)
2026-09-23 16:28:11,513 INFO classical_baseline_152765.repartition: step 30 accepted swap of qubits [0, 19]: QPU [0, 2] -> QPU [2, 0]
2026-09-23 16:28:11,513 INFO classical_baseline_152765.repartition: step 30 link 0-2 projected peak utilization 0.75 -> 0.62
2026-09-23 16:28:11,513 INFO classical_baseline_152765.repartition: step 30 link 1-4 projected peak utilization 1.00 -> 1.00
2026-09-23 16:28:11,513 INFO classical_baseline_152765.repartition: step 30 moved qubits [0, 19]; new partition {0: [2, 6, 19, 22], 1: [5, 9, 12, 15], 2: [0, 11, 18, 21], 3: [1, 8, 14, 20], 4: [3, 7, 10, 23], 5: [4, 13, 16, 17]}
2026-09-23 16:28:11,515 INFO classical_baseline_152765.repartition: step 31 trigger 'congestion+resource' suppressed by cooldown (last repartition at step 30)
2026-09-23 16:28:11,516 INFO classical_baseline_152765.repartition: step 32 trigger 'congestion+resource' suppressed by cooldown (last repartition at step 30)
2026-09-23 16:28:11,539 INFO classical_baseline_152765.repartition: step 33 repartition trigger reason=combined (congestion+resource) links=1-4 affected_qubits=[2, 7, 9, 10, 11, 13, 20, 23]
2026-09-23 16:28:11,539 INFO classical_baseline_152765.repartition: step 33 evaluated 25 selective candidates; objective 14648.94 -> 14648.94 (communication 9048.94 -> 9048.94, deferred load 28.0 -> 28.0, migration 0.00)
2026-09-23 16:28:11,539 INFO classical_baseline_152765.repartition: step 33 repartition rejected: no_improving_selective_move
2026-09-23 16:28:11,565 INFO classical_baseline_152765.repartition: step 34 repartition trigger reason=combined (congestion+resource) links=1-4 affected_qubits=[0, 1, 3, 7, 9, 10, 11, 16, 23]
2026-09-23 16:28:11,565 INFO classical_baseline_152765.repartition: step 34 evaluated 29 selective candidates; objective 14433.33 -> 14433.33 (communication 11433.33 -> 11433.33, deferred load 15.0 -> 15.0, migration 0.00)
2026-09-23 16:28:11,565 INFO classical_baseline_152765.repartition: step 34 repartition rejected: no_improving_selective_move
2026-09-23 16:28:11,601 INFO classical_baseline_152765.repartition: step 35 repartition trigger reason=combined (congestion+resource) links=1-4 affected_qubits=[0, 1, 2, 3, 7, 9, 10, 11, 16, 23]
2026-09-23 16:28:11,601 INFO classical_baseline_152765.repartition: step 35 evaluated 38 selective candidates; objective 11769.05 -> 11769.05 (communication 9969.05 -> 9969.05, deferred load 9.0 -> 9.0, migration 0.00)
2026-09-23 16:28:11,601 INFO classical_baseline_152765.repartition: step 35 repartition rejected: no_improving_selective_move
2026-09-23 16:28:11,640 INFO classical_baseline_152765.repartition: step 36 repartition trigger reason=combined (congestion+resource) links=1-4 affected_qubits=[0, 1, 2, 3, 7, 9, 10, 11, 16, 18, 23]
2026-09-23 16:28:11,640 INFO classical_baseline_152765.repartition: step 36 evaluated 46 selective candidates; objective 14418.50 -> 14418.50 (communication 8418.50 -> 8418.50, deferred load 30.0 -> 30.0, migration 0.00)
2026-09-23 16:28:11,640 INFO classical_baseline_152765.repartition: step 36 repartition rejected: no_improving_selective_move
2026-09-23 16:28:11,794 INFO classical_baseline_152765.repartition: step 37 repartition trigger reason=combined (congestion+resource) links=1-4|1-5 affected_qubits=[0, 2, 3, 4, 5, 6, 7, 9, 10, 12, 13, 16, 17, 18, 23]
2026-09-23 16:28:11,794 INFO classical_baseline_152765.repartition: step 37 evaluated 176 selective candidates; objective 11562.24 -> 11538.83 (communication 9562.24 -> 9464.00, deferred load 10.0 -> 10.0, migration 74.83)
2026-09-23 16:28:11,794 INFO classical_baseline_152765.repartition: step 37 repartition rejected: improvement_below_margin
2026-09-23 16:28:11,867 INFO classical_baseline_152765.repartition: step 38 repartition trigger reason=combined (congestion+resource) links=1-4 affected_qubits=[0, 2, 3, 6, 7, 9, 10, 11, 12, 18, 23]
2026-09-23 16:28:11,867 INFO classical_baseline_152765.repartition: step 38 evaluated 88 selective candidates; objective 13460.73 -> 13268.01 (communication 10260.73 -> 10139.60, deferred load 16.0 -> 15.0, migration 128.41)
2026-09-23 16:28:11,867 INFO classical_baseline_152765.repartition: step 38 repartition rejected: improvement_below_margin
2026-09-23 16:28:11,976 INFO classical_baseline_152765.repartition: step 39 repartition trigger reason=combined (congestion+resource) links=1-4 affected_qubits=[0, 1, 2, 3, 6, 7, 10, 11, 12, 17, 19, 21, 23]
2026-09-23 16:28:11,976 INFO classical_baseline_152765.repartition: step 39 evaluated 132 selective candidates; objective 14198.98 -> 13868.50 (communication 10598.98 -> 10339.26, deferred load 18.0 -> 17.0, migration 129.24)
2026-09-23 16:28:11,976 INFO classical_baseline_152765.repartition: step 39 repartition rejected: improvement_below_margin
2026-09-23 16:28:12,106 INFO classical_baseline_152765.repartition: step 40 repartition trigger reason=combined (congestion+resource) links=1-4 affected_qubits=[0, 1, 2, 3, 6, 7, 10, 11, 12, 17, 19, 20, 21, 23]
2026-09-23 16:28:12,106 INFO classical_baseline_152765.repartition: step 40 evaluated 156 selective candidates; objective 15309.44 -> 14867.81 (communication 11709.44 -> 10104.89, deferred load 18.0 -> 23.0, migration 162.92)
2026-09-23 16:28:12,106 INFO classical_baseline_152765.repartition: step 40 repartition rejected: improvement_below_margin
2026-09-23 16:28:12,263 INFO classical_baseline_152765.repartition: step 41 repartition trigger reason=combined (congestion+resource) links=1-4 affected_qubits=[1, 3, 6, 7, 9, 10, 11, 12, 14, 16, 17, 19, 20, 21, 23]
2026-09-23 16:28:12,263 INFO classical_baseline_152765.repartition: step 41 evaluated 184 selective candidates; objective 12945.14 -> 12378.02 (communication 10145.14 -> 10292.91, deferred load 14.0 -> 9.0, migration 285.11)
2026-09-23 16:28:12,264 INFO classical_baseline_152765.repartition: step 41 repartition rejected: improvement_below_margin
2026-09-23 16:28:12,426 INFO classical_baseline_152765.repartition: step 42 repartition trigger reason=combined (congestion+resource) links=1-4 affected_qubits=[1, 3, 6, 7, 9, 10, 11, 12, 14, 16, 17, 19, 20, 21, 22, 23]
2026-09-23 16:28:12,426 INFO classical_baseline_152765.repartition: step 42 evaluated 210 selective candidates; objective 18830.23 -> 17950.76 (communication 11830.23 -> 10795.39, deferred load 35.0 -> 35.0, migration 155.36)
2026-09-23 16:28:12,426 INFO classical_baseline_152765.repartition: step 42 repartition rejected: improvement_below_margin
2026-09-23 16:28:12,736 INFO classical_baseline_152765.repartition: step 43 repartition trigger reason=combined (congestion+resource) links=1-4|1-5 affected_qubits=[0, 2, 3, 4, 5, 6, 7, 9, 10, 11, 12, 13, 14, 15, 16, 17, 19, 20, 21, 22, 23]
2026-09-23 16:28:12,736 INFO classical_baseline_152765.repartition: step 43 evaluated 364 selective candidates; objective 13047.61 -> 12669.08 (communication 10247.61 -> 10126.57, deferred load 14.0 -> 12.0, migration 142.51)
2026-09-23 16:28:12,736 INFO classical_baseline_152765.repartition: step 43 repartition rejected: improvement_below_margin
2026-09-23 16:28:13,007 INFO classical_baseline_152765.repartition: step 44 repartition trigger reason=combined (congestion+resource) links=1-4|1-5 affected_qubits=[0, 2, 3, 4, 6, 7, 9, 10, 11, 12, 13, 14, 16, 17, 18, 19, 20, 21, 22, 23]
2026-09-23 16:28:13,007 INFO classical_baseline_152765.repartition: step 44 evaluated 328 selective candidates; objective 16050.62 -> 15011.66 (communication 12250.62 -> 10664.25, deferred load 19.0 -> 21.0, migration 147.41)
2026-09-23 16:28:13,007 INFO classical_baseline_152765.repartition: step 44 accepted swap of qubits [11, 23]: QPU [2, 4] -> QPU [4, 2]
2026-09-23 16:28:13,007 INFO classical_baseline_152765.repartition: step 44 accepted swap of qubits [18, 22]: QPU [2, 0] -> QPU [0, 2]
2026-09-23 16:28:13,007 INFO classical_baseline_152765.repartition: step 44 link 1-4 projected peak utilization 1.00 -> 1.00
2026-09-23 16:28:13,007 INFO classical_baseline_152765.repartition: step 44 link 1-5 projected peak utilization 0.62 -> 0.62
2026-09-23 16:28:13,007 INFO classical_baseline_152765.repartition: step 44 moved qubits [11, 18, 22, 23]; new partition {0: [2, 6, 18, 19], 1: [5, 9, 12, 15], 2: [0, 21, 22, 23], 3: [1, 8, 14, 20], 4: [3, 7, 10, 11], 5: [4, 13, 16, 17]}
2026-09-23 16:28:13,009 INFO classical_baseline_152765.repartition: step 45 trigger 'congestion+resource' suppressed by cooldown (last repartition at step 44)
2026-09-23 16:28:13,010 INFO classical_baseline_152765.repartition: step 46 trigger 'congestion+resource' suppressed by cooldown (last repartition at step 44)
2026-09-23 16:28:13,189 INFO classical_baseline_152765.repartition: step 47 repartition trigger reason=combined (congestion+resource) links=1-3|1-4 affected_qubits=[1, 3, 5, 6, 7, 9, 10, 11, 14, 15, 17, 19, 20, 21, 22, 23]
2026-09-23 16:28:13,189 INFO classical_baseline_152765.repartition: step 47 evaluated 208 selective candidates; objective 14858.41 -> 13832.56 (communication 11658.41 -> 12160.42, deferred load 16.0 -> 7.0, migration 272.14)
2026-09-23 16:28:13,189 INFO classical_baseline_152765.repartition: step 47 accepted swap of qubits [11, 23]: QPU [4, 2] -> QPU [2, 4]
2026-09-23 16:28:13,189 INFO classical_baseline_152765.repartition: step 47 accepted swap of qubits [7, 19]: QPU [4, 0] -> QPU [0, 4]
2026-09-23 16:28:13,189 INFO classical_baseline_152765.repartition: step 47 link 1-3 projected peak utilization 0.67 -> 0.67
2026-09-23 16:28:13,189 INFO classical_baseline_152765.repartition: step 47 link 1-4 projected peak utilization 1.00 -> 1.00
2026-09-23 16:28:13,189 INFO classical_baseline_152765.repartition: step 47 moved qubits [7, 11, 19, 23]; new partition {0: [2, 6, 7, 18], 1: [5, 9, 12, 15], 2: [0, 11, 21, 22], 3: [1, 8, 14, 20], 4: [3, 10, 19, 23], 5: [4, 13, 16, 17]}
2026-09-23 16:28:13,191 INFO classical_baseline_152765.repartition: step 48 trigger 'congestion+resource' suppressed by cooldown (last repartition at step 47)
2026-09-23 16:28:13,192 INFO classical_baseline_152765.repartition: step 49 trigger 'congestion' suppressed by cooldown (last repartition at step 47)
2026-09-23 16:28:13,203 INFO classical_baseline_152765.repartition: step 50 repartition trigger reason=congestion (congestion) links=1-4 affected_qubits=[0, 3, 10, 11, 16, 23]
2026-09-23 16:28:13,203 INFO classical_baseline_152765.repartition: step 50 evaluated 11 selective candidates; objective 14711.14 -> 14711.14 (communication 8711.14 -> 8711.14, deferred load 30.0 -> 30.0, migration 0.00)
2026-09-23 16:28:13,203 INFO classical_baseline_152765.repartition: step 50 repartition rejected: no_improving_selective_move
