2026-09-23 16:22:26,615 INFO run.814374.128647587468624.baseline: step 2 congestion on links 6-7 (utilization 6-7:0.60); affected=2 unaffected=10 in_flight_on_congested=1
2026-09-23 16:22:26,615 INFO run.814374.128647587468624.baseline.rerouting: step 2 selective rerouting: 2 affected communications on congested links 6-7; 10 unaffected communications left untouched
2026-09-23 16:22:26,615 INFO run.814374.128647587468624.baseline.rerouting: step 2 block 0: 2 communications, 7 QUBO variables, 0 pairwise capacity conflicts; classical=classical_exhaustive E=0.6926; qaoa=not run; executed=classical_exhaustive E=0.6926 (keep-current E=1.8618); routes changed=1
2026-09-23 16:22:26,615 INFO run.814374.128647587468624.baseline.rerouting: step 2 rerouted s0002-w001-g004-q4_11 (q4 QPU6 -> q11 QPU3): 6-7-5-3 -> 6-4-5-3, cost 150.58 -> 108.19
2026-09-23 16:22:26,615 INFO run.814374.128647587468624.baseline.rerouting: step 2 link 6-7 utilization 0.60 -> 0.40 after selective rerouting
2026-09-23 16:22:26,618 INFO run.814374.128647587468624.baseline: step 3 congestion on links 0-5|3-5|5-7|6-7 (utilization 0-5:0.75, 3-5:0.78, 5-7:0.67, 6-7:0.60); affected=10 unaffected=4 in_flight_on_congested=5
2026-09-23 16:22:26,622 INFO run.814374.128647587468624.baseline.rerouting: step 3 selective rerouting: 10 affected communications on congested links 0-5|3-5|5-7|6-7; 4 unaffected communications left untouched
2026-09-23 16:22:26,622 INFO run.814374.128647587468624.baseline.rerouting: step 3 block 0: 3 communications, 11 QUBO variables, 0 pairwise capacity conflicts; classical=classical_exhaustive E=1.1759; qaoa=not run; executed=classical_exhaustive E=1.1759 (keep-current E=5.7407); routes changed=2
2026-09-23 16:22:26,622 INFO run.814374.128647587468624.baseline.rerouting: step 3 block 1: 3 communications, 12 QUBO variables, 0 pairwise capacity conflicts; classical=classical_exhaustive E=1.4212; qaoa=not run; executed=classical_exhaustive E=1.4212 (keep-current E=4.0205); routes changed=2
2026-09-23 16:22:26,622 INFO run.814374.128647587468624.baseline.rerouting: step 3 block 2: 3 communications, 12 QUBO variables, 0 pairwise capacity conflicts; classical=classical_exhaustive E=1.1301; qaoa=not run; executed=classical_exhaustive E=1.1301 (keep-current E=3.1481); routes changed=1
2026-09-23 16:22:26,622 INFO run.814374.128647587468624.baseline.rerouting: step 3 block 3: 1 communications, 3 QUBO variables, 0 pairwise capacity conflicts; classical=classical_exhaustive E=0.1916; qaoa=not run; executed=classical_exhaustive E=0.1916 (keep-current E=0.1916); routes changed=0
2026-09-23 16:22:26,622 INFO run.814374.128647587468624.baseline.rerouting: step 3 rerouted s0003-w002-g002-q2_23 (q2 QPU2 -> q23 QPU5): 2-0-5 -> 2-7-5, cost 159.11 -> 79.62
2026-09-23 16:22:26,622 INFO run.814374.128647587468624.baseline.rerouting: step 3 rerouted s0003-w002-g005-q5_11 (q5 QPU7 -> q11 QPU3): 7-5-3 -> 7-5-0-3, cost 242.57 -> 108.53
2026-09-23 16:22:26,622 INFO run.814374.128647587468624.baseline.rerouting: step 3 rerouted s0003-w002-g008-q9_28 (q9 QPU0 -> q28 QPU6): 0-5-7-6 -> 0-2-1-6, cost 301.47 -> 102.61
2026-09-23 16:22:26,622 INFO run.814374.128647587468624.baseline.rerouting: step 3 rerouted s0003-w002-g009-q10_29 (q10 QPU0 -> q29 QPU7): 0-5-7 -> 0-2-7, cost 228.98 -> 81.15
2026-09-23 16:22:26,622 INFO run.814374.128647587468624.baseline.rerouting: step 3 rerouted s0003-w002-g013-q15_31 (q15 QPU3 -> q31 QPU7): 3-5-7 -> 3-0-2-7, cost 242.57 -> 119.75
2026-09-23 16:22:26,622 INFO run.814374.128647587468624.baseline.rerouting: step 3 link 0-5 utilization 0.75 -> 0.50 after selective rerouting
2026-09-23 16:22:26,622 INFO run.814374.128647587468624.baseline.rerouting: step 3 link 3-5 utilization 0.78 -> 0.56 after selective rerouting
2026-09-23 16:22:26,622 INFO run.814374.128647587468624.baseline.rerouting: step 3 link 5-7 utilization 0.67 -> 0.50 after selective rerouting
2026-09-23 16:22:26,622 INFO run.814374.128647587468624.baseline.rerouting: step 3 link 6-7 utilization 0.60 -> 0.40 after selective rerouting
2026-09-23 16:22:26,624 INFO run.814374.128647587468624.baseline: step 4 congestion on links 0-2|1-4|4-5 (utilization 0-2:0.70, 1-4:0.83, 4-5:0.60); affected=8 unaffected=4 in_flight_on_congested=8
2026-09-23 16:22:26,625 INFO run.814374.128647587468624.baseline.rerouting: step 4 selective rerouting: 8 affected communications on congested links 0-2|1-4|4-5; 4 unaffected communications left untouched
2026-09-23 16:22:26,625 INFO run.814374.128647587468624.baseline.rerouting: step 4 block 0: 4 communications, 10 QUBO variables, 0 pairwise capacity conflicts; classical=classical_exhaustive E=3.6940; qaoa=not run; executed=classical_exhaustive E=3.6940 (keep-current E=8.3347); routes changed=2
2026-09-23 16:22:26,625 INFO run.814374.128647587468624.baseline.rerouting: step 4 block 1: 4 communications, 9 QUBO variables, 0 pairwise capacity conflicts; classical=classical_exhaustive E=1.1945; qaoa=not run; executed=classical_exhaustive E=1.1945 (keep-current E=2.4104); routes changed=1
2026-09-23 16:22:26,625 INFO run.814374.128647587468624.baseline.rerouting: step 4 rerouted s0004-w003-g001-q1_16 (q1 QPU1 -> q16 QPU4): 1-4 -> 1-6-4, cost 147.84 -> 79.81
2026-09-23 16:22:26,625 INFO run.814374.128647587468624.baseline.rerouting: step 4 rerouted s0004-w003-g012-q15_19 (q15 QPU3 -> q19 QPU1): 3-5-4-1 -> 3-0-2-1, cost 271.54 -> 190.94
2026-09-23 16:22:26,625 INFO run.814374.128647587468624.baseline.rerouting: step 4 rerouted s0004-w003-g014-q20_23 (q20 QPU2 -> q23 QPU5): 2-0-5 -> 2-7-5, cost 150.43 -> 80.19
2026-09-23 16:22:26,625 INFO run.814374.128647587468624.baseline.rerouting: step 4 link 0-2 utilization 0.70 -> 0.70 after selective rerouting
2026-09-23 16:22:26,625 INFO run.814374.128647587468624.baseline.rerouting: step 4 link 1-4 utilization 0.83 -> 0.50 after selective rerouting
2026-09-23 16:22:26,625 INFO run.814374.128647587468624.baseline.rerouting: step 4 link 4-5 utilization 0.60 -> 0.50 after selective rerouting
2026-09-23 16:22:26,627 INFO run.814374.128647587468624.baseline: step 5 congestion on links 0-2|0-3|0-5|1-4|4-6|5-7|6-7 (utilization 0-2:0.64, 0-3:0.62, 0-5:0.75, 1-4:0.67, 4-6:0.67, 5-7:0.67, 6-7:1.00); affected=13 unaffected=1 in_flight_on_congested=11
2026-09-23 16:22:26,629 INFO run.814374.128647587468624.baseline.rerouting: step 5 selective rerouting: 13 affected communications on congested links 0-2|0-3|0-5|1-4|4-6|5-7|6-7; 1 unaffected communications left untouched
2026-09-23 16:22:26,629 INFO run.814374.128647587468624.baseline.rerouting: step 5 block 0: 3 communications, 9 QUBO variables, 0 pairwise capacity conflicts; classical=classical_exhaustive E=1.1702; qaoa=not run; executed=classical_exhaustive E=1.1702 (keep-current E=1.4101); routes changed=1
2026-09-23 16:22:26,629 INFO run.814374.128647587468624.baseline.rerouting: step 5 block 1: 3 communications, 10 QUBO variables, 0 pairwise capacity conflicts; classical=classical_exhaustive E=1.5031; qaoa=not run; executed=classical_exhaustive E=1.5031 (keep-current E=3.3096); routes changed=1
2026-09-23 16:22:26,629 INFO run.814374.128647587468624.baseline.rerouting: step 5 block 2: 3 communications, 12 QUBO variables, 8 pairwise capacity conflicts; classical=classical_exhaustive E=1.2865; qaoa=not run; executed=classical_exhaustive E=1.2865 (keep-current E=1.8395); routes changed=1
2026-09-23 16:22:26,629 INFO run.814374.128647587468624.baseline.rerouting: step 5 block 3: 3 communications, 11 QUBO variables, 0 pairwise capacity conflicts; classical=classical_exhaustive E=1.4541; qaoa=not run; executed=classical_exhaustive E=1.4541 (keep-current E=2.1312); routes changed=1
2026-09-23 16:22:26,629 INFO run.814374.128647587468624.baseline.rerouting: step 5 block 4: 1 communications, 4 QUBO variables, 0 pairwise capacity conflicts; classical=classical_exhaustive E=0.6062; qaoa=not run; executed=classical_exhaustive E=0.6062 (keep-current E=0.6062); routes changed=0
2026-09-23 16:22:26,629 INFO run.814374.128647587468624.baseline.rerouting: step 5 rerouted s0005-w004-g003-q3_20 (q3 QPU5 -> q20 QPU2): 5-0-2 -> 5-7-2, cost 223.85 -> 170.01
2026-09-23 16:22:26,629 INFO run.814374.128647587468624.baseline.rerouting: step 5 rerouted s0005-w004-g012-q18_19 (q18 QPU3 -> q19 QPU1): 3-5-4-1 -> 3-0-2-1, cost 179.72 -> 341.18
2026-09-23 16:22:26,629 INFO run.814374.128647587468624.baseline.rerouting: step 5 rerouted s0005-w004-g013-q24_30 (q24 QPU6 -> q30 QPU0): 6-7-5-0 -> 6-1-2-0, cost 364.96 -> 249.72
2026-09-23 16:22:26,629 INFO run.814374.128647587468624.baseline.rerouting: step 5 rerouted s0005-w004-g014-q26_27 (q26 QPU4 -> q27 QPU7): 4-6-7 -> 4-5-7, cost 270.06 -> 164.51
2026-09-23 16:22:26,629 INFO run.814374.128647587468624.baseline.rerouting: step 5 link 0-2 utilization 0.64 -> 0.73 after selective rerouting
2026-09-23 16:22:26,629 INFO run.814374.128647587468624.baseline.rerouting: step 5 link 0-3 utilization 0.62 -> 0.75 after selective rerouting
2026-09-23 16:22:26,629 INFO run.814374.128647587468624.baseline.rerouting: step 5 link 0-5 utilization 0.75 -> 0.50 after selective rerouting
2026-09-23 16:22:26,629 INFO run.814374.128647587468624.baseline.rerouting: step 5 link 1-4 utilization 0.67 -> 0.50 after selective rerouting
2026-09-23 16:22:26,629 INFO run.814374.128647587468624.baseline.rerouting: step 5 link 4-6 utilization 0.67 -> 0.50 after selective rerouting
2026-09-23 16:22:26,629 INFO run.814374.128647587468624.baseline.rerouting: step 5 link 5-7 utilization 0.67 -> 0.75 after selective rerouting
2026-09-23 16:22:26,629 INFO run.814374.128647587468624.baseline.rerouting: step 5 link 6-7 utilization 1.00 -> 0.67 after selective rerouting
2026-09-23 16:22:26,743 INFO run.814374.128647587468624.baseline.repartition: step 5 repartition trigger reason=congestion (congestion) links=0-2 affected_qubits=[7, 10, 11, 12, 18, 19, 24, 30]
2026-09-23 16:22:26,743 INFO run.814374.128647587468624.baseline.repartition: step 5 evaluated 50 selective candidates; objective 17182.98 -> 16706.10 (communication 17182.98 -> 16582.49, deferred load 0.0 -> 0.0, migration 123.61)
2026-09-23 16:22:26,743 INFO run.814374.128647587468624.baseline.repartition: step 5 repartition rejected: improvement_below_margin
2026-09-23 16:22:26,746 INFO run.814374.128647587468624.baseline: step 6 congestion on links 0-2|1-2|1-4|4-6|6-7 (utilization 0-2:0.64, 1-2:0.70, 1-4:0.67, 4-6:0.67, 6-7:0.83); affected=9 unaffected=3 in_flight_on_congested=10
2026-09-23 16:22:26,747 INFO run.814374.128647587468624.baseline.rerouting: step 6 selective rerouting: 9 affected communications on congested links 0-2|1-2|1-4|4-6|6-7; 3 unaffected communications left untouched
2026-09-23 16:22:26,747 INFO run.814374.128647587468624.baseline.rerouting: step 6 block 0: 4 communications, 10 QUBO variables, 3 pairwise capacity conflicts; classical=classical_exhaustive E=1.3049; qaoa=not run; executed=classical_exhaustive E=1.3049 (keep-current E=6.3314); routes changed=2
2026-09-23 16:22:26,747 INFO run.814374.128647587468624.baseline.rerouting: step 6 block 1: 4 communications, 11 QUBO variables, 0 pairwise capacity conflicts; classical=classical_exhaustive E=1.7774; qaoa=not run; executed=classical_exhaustive E=1.7774 (keep-current E=3.5230); routes changed=1
2026-09-23 16:22:26,747 INFO run.814374.128647587468624.baseline.rerouting: step 6 block 2: 1 communications, 4 QUBO variables, 0 pairwise capacity conflicts; classical=classical_exhaustive E=0.4577; qaoa=not run; executed=classical_exhaustive E=0.4577 (keep-current E=0.4577); routes changed=0
2026-09-23 16:22:26,747 INFO run.814374.128647587468624.baseline.rerouting: step 6 rerouted s0006-w005-g007-q10_19 (q10 QPU0 -> q19 QPU1): 0-2-1 -> 0-5-4-1, cost 217.13 -> 234.87
2026-09-23 16:22:26,748 INFO run.814374.128647587468624.baseline.rerouting: step 6 rerouted s0006-w005-g012-q16_20 (q16 QPU4 -> q20 QPU2): 4-1-2 -> 4-5-7-2, cost 221.25 -> 174.60
2026-09-23 16:22:26,748 INFO run.814374.128647587468624.baseline.rerouting: step 6 rerouted s0006-w005-g015-q25_31 (q25 QPU4 -> q31 QPU7): 4-6-7 -> 4-5-7, cost 239.94 -> 138.70
2026-09-23 16:22:26,748 INFO run.814374.128647587468624.baseline.rerouting: step 6 link 0-2 utilization 0.64 -> 0.55 after selective rerouting
2026-09-23 16:22:26,748 INFO run.814374.128647587468624.baseline.rerouting: step 6 link 1-2 utilization 0.70 -> 0.50 after selective rerouting
2026-09-23 16:22:26,748 INFO run.814374.128647587468624.baseline.rerouting: step 6 link 1-4 utilization 0.67 -> 0.67 after selective rerouting
2026-09-23 16:22:26,748 INFO run.814374.128647587468624.baseline.rerouting: step 6 link 4-6 utilization 0.67 -> 0.50 after selective rerouting
2026-09-23 16:22:26,748 INFO run.814374.128647587468624.baseline.rerouting: step 6 link 6-7 utilization 0.83 -> 0.67 after selective rerouting
2026-09-23 16:22:26,777 INFO run.814374.128647587468624.baseline.repartition: step 6 repartition trigger reason=congestion (congestion) links=6-7 affected_qubits=[4, 5, 6, 8]
2026-09-23 16:22:26,777 INFO run.814374.128647587468624.baseline.repartition: step 6 evaluated 10 selective candidates; objective 12724.18 -> 12718.75 (communication 12724.18 -> 12692.22, deferred load 0.0 -> 0.0, migration 26.53)
2026-09-23 16:22:26,777 INFO run.814374.128647587468624.baseline.repartition: step 6 repartition rejected: improvement_below_margin
2026-09-23 16:22:26,779 INFO run.814374.128647587468624.baseline: step 7 congestion on links 0-3|4-6 (utilization 0-3:0.62, 4-6:0.83); affected=8 unaffected=3 in_flight_on_congested=2
2026-09-23 16:22:26,780 INFO run.814374.128647587468624.baseline.rerouting: step 7 selective rerouting: 8 affected communications on congested links 0-3|4-6; 3 unaffected communications left untouched
2026-09-23 16:22:26,780 INFO run.814374.128647587468624.baseline.rerouting: step 7 block 0: 3 communications, 10 QUBO variables, 0 pairwise capacity conflicts; classical=classical_exhaustive E=1.9668; qaoa=not run; executed=classical_exhaustive E=1.9668 (keep-current E=2.3105); routes changed=1
2026-09-23 16:22:26,780 INFO run.814374.128647587468624.baseline.rerouting: step 7 block 1: 3 communications, 10 QUBO variables, 0 pairwise capacity conflicts; classical=classical_exhaustive E=2.0756; qaoa=not run; executed=classical_exhaustive E=2.0756 (keep-current E=2.6235); routes changed=1
2026-09-23 16:22:26,780 INFO run.814374.128647587468624.baseline.rerouting: step 7 block 2: 2 communications, 7 QUBO variables, 0 pairwise capacity conflicts; classical=classical_exhaustive E=1.0579; qaoa=not run; executed=classical_exhaustive E=1.0579 (keep-current E=2.8432); routes changed=1
2026-09-23 16:22:26,780 INFO run.814374.128647587468624.baseline.rerouting: step 7 rerouted s0007-w006-g010-q12_17 (q12 QPU2 -> q17 QPU3): 2-0-3 -> 2-7-5-3, cost 148.86 -> 105.32
2026-09-23 16:22:26,780 INFO run.814374.128647587468624.baseline.rerouting: step 7 rerouted s0007-w006-g013-q16_28 (q16 QPU4 -> q28 QPU6): 4-6 -> 4-5-7-6, cost 158.59 -> 87.39
2026-09-23 16:22:26,780 INFO run.814374.128647587468624.baseline.rerouting: step 7 rerouted s0007-w006-g015-q26_27 (q26 QPU4 -> q27 QPU7): 4-6-7 -> 4-1-2-7, cost 171.19 -> 109.80
2026-09-23 16:22:26,780 INFO run.814374.128647587468624.baseline.rerouting: step 7 link 0-3 utilization 0.62 -> 0.50 after selective rerouting
2026-09-23 16:22:26,780 INFO run.814374.128647587468624.baseline.rerouting: step 7 link 4-6 utilization 0.83 -> 0.50 after selective rerouting
2026-09-23 16:22:26,784 INFO run.814374.128647587468624.baseline: step 8 congestion on links 1-4|6-7 (utilization 1-4:0.80, 6-7:1.00); affected=6 unaffected=8 in_flight_on_congested=3
2026-09-23 16:22:26,785 INFO run.814374.128647587468624.baseline.rerouting: step 8 selective rerouting: 6 affected communications on congested links 1-4|6-7; 8 unaffected communications left untouched
2026-09-23 16:22:26,785 INFO run.814374.128647587468624.baseline.rerouting: step 8 block 0: 3 communications, 10 QUBO variables, 2 pairwise capacity conflicts; classical=classical_exhaustive E=1.3140; qaoa=not run; executed=classical_exhaustive E=1.3140 (keep-current E=1.7245); routes changed=1
2026-09-23 16:22:26,785 INFO run.814374.128647587468624.baseline.rerouting: step 8 block 1: 3 communications, 11 QUBO variables, 0 pairwise capacity conflicts; classical=classical_exhaustive E=1.2589; qaoa=not run; executed=classical_exhaustive E=1.2589 (keep-current E=1.9584); routes changed=1
2026-09-23 16:22:26,785 INFO run.814374.128647587468624.baseline.rerouting: step 8 rerouted s0008-w007-g002-q2_16 (q2 QPU2 -> q16 QPU4): 2-1-4 -> 2-0-5-4, cost 166.48 -> 97.65
2026-09-23 16:22:26,785 INFO run.814374.128647587468624.baseline.rerouting: step 8 rerouted s0008-w007-g007-q7_31 (q7 QPU1 -> q31 QPU7): 1-6-7 -> 1-2-7, cost 182.63 -> 81.74
2026-09-23 16:22:26,785 INFO run.814374.128647587468624.baseline.rerouting: step 8 link 1-4 utilization 0.80 -> 0.60 after selective rerouting
2026-09-23 16:22:26,785 INFO run.814374.128647587468624.baseline.rerouting: step 8 link 6-7 utilization 1.00 -> 0.80 after selective rerouting
2026-09-23 16:22:26,786 INFO run.814374.128647587468624.baseline: step 9 congestion on links 0-2|6-7 (utilization 0-2:0.60, 6-7:1.00); affected=6 unaffected=1 in_flight_on_congested=5
2026-09-23 16:22:26,787 INFO run.814374.128647587468624.baseline.rerouting: step 9 selective rerouting: 6 affected communications on congested links 0-2|6-7; 1 unaffected communications left untouched
2026-09-23 16:22:26,787 INFO run.814374.128647587468624.baseline.rerouting: step 9 block 0: 3 communications, 8 QUBO variables, 0 pairwise capacity conflicts; classical=classical_exhaustive E=1.8253; qaoa=not run; executed=classical_exhaustive E=1.8253 (keep-current E=1.8896); routes changed=1
2026-09-23 16:22:26,788 INFO run.814374.128647587468624.baseline.rerouting: step 9 block 1: 3 communications, 12 QUBO variables, 0 pairwise capacity conflicts; classical=classical_exhaustive E=1.2539; qaoa=not run; executed=classical_exhaustive E=1.2539 (keep-current E=2.5762); routes changed=2
2026-09-23 16:22:26,788 INFO run.814374.128647587468624.baseline.rerouting: step 9 rerouted s0009-w008-g003-q3_4 (q3 QPU5 -> q4 QPU6): 5-7-6 -> 5-4-6, cost 185.83 -> 82.72
2026-09-23 16:22:26,788 INFO run.814374.128647587468624.baseline.rerouting: step 9 rerouted s0009-w008-g007-q9_14 (q9 QPU0 -> q14 QPU1): 0-2-1 -> 0-5-4-1, cost 130.28 -> 95.33
2026-09-23 16:22:26,788 INFO run.814374.128647587468624.baseline.rerouting: step 9 rerouted s0009-w008-g013-q19_27 (q19 QPU1 -> q27 QPU7): 1-6-7 -> 1-2-7, cost 180.69 -> 74.61
2026-09-23 16:22:26,788 INFO run.814374.128647587468624.baseline.rerouting: step 9 link 0-2 utilization 0.60 -> 0.50 after selective rerouting
2026-09-23 16:22:26,788 INFO run.814374.128647587468624.baseline.rerouting: step 9 link 6-7 utilization 1.00 -> 0.60 after selective rerouting
2026-09-23 16:22:26,800 INFO run.814374.128647587468624.baseline.repartition: step 9 repartition trigger reason=congestion (congestion) links=6-7 affected_qubits=[6, 15]
2026-09-23 16:22:26,800 INFO run.814374.128647587468624.baseline.repartition: step 9 evaluated 1 selective candidates; objective 12853.12 -> 12853.12 (communication 12853.12 -> 12853.12, deferred load 0.0 -> 0.0, migration 0.00)
2026-09-23 16:22:26,800 INFO run.814374.128647587468624.baseline.repartition: step 9 repartition rejected: no_improving_selective_move
2026-09-23 16:22:26,803 INFO run.814374.128647587468624.baseline: step 10 congestion on links 6-7 (utilization 6-7:0.75); affected=2 unaffected=13 in_flight_on_congested=1
2026-09-23 16:22:26,804 INFO run.814374.128647587468624.baseline.rerouting: step 10 selective rerouting: 2 affected communications on congested links 6-7; 13 unaffected communications left untouched
2026-09-23 16:22:26,804 INFO run.814374.128647587468624.baseline.rerouting: step 10 block 0: 2 communications, 8 QUBO variables, 0 pairwise capacity conflicts; classical=classical_exhaustive E=0.7422; qaoa=not run; executed=classical_exhaustive E=0.7422 (keep-current E=1.9755); routes changed=1
2026-09-23 16:22:26,804 INFO run.814374.128647587468624.baseline.rerouting: step 10 rerouted s0010-w009-g010-q14_31 (q14 QPU1 -> q31 QPU7): 1-6-7 -> 1-2-7, cost 137.74 -> 76.61
2026-09-23 16:22:26,804 INFO run.814374.128647587468624.baseline.rerouting: step 10 link 6-7 utilization 0.75 -> 0.50 after selective rerouting
2026-09-23 16:22:26,806 INFO run.814374.128647587468624.baseline: step 11 congestion on links 0-5 (utilization 0-5:0.67); affected=3 unaffected=9 in_flight_on_congested=3
2026-09-23 16:22:26,807 INFO run.814374.128647587468624.baseline.rerouting: step 11 selective rerouting: 3 affected communications on congested links 0-5; 9 unaffected communications left untouched
2026-09-23 16:22:26,807 INFO run.814374.128647587468624.baseline.rerouting: step 11 block 0: 3 communications, 10 QUBO variables, 0 pairwise capacity conflicts; classical=classical_exhaustive E=0.9309; qaoa=not run; executed=classical_exhaustive E=0.9309 (keep-current E=1.1984); routes changed=1
2026-09-23 16:22:26,807 INFO run.814374.128647587468624.baseline.rerouting: step 11 rerouted s0011-w010-g011-q12_13 (q12 QPU2 -> q13 QPU5): 2-0-5 -> 2-7-5, cost 140.84 -> 78.15
2026-09-23 16:22:26,807 INFO run.814374.128647587468624.baseline.rerouting: step 11 link 0-5 utilization 0.67 -> 0.56 after selective rerouting
2026-09-23 16:22:26,809 INFO run.814374.128647587468624.baseline: step 12 congestion on links 6-7 (utilization 6-7:0.75); affected=3 unaffected=7 in_flight_on_congested=0
2026-09-23 16:22:26,810 INFO run.814374.128647587468624.baseline.rerouting: step 12 selective rerouting: 3 affected communications on congested links 6-7; 7 unaffected communications left untouched
2026-09-23 16:22:26,810 INFO run.814374.128647587468624.baseline.rerouting: step 12 block 0: 3 communications, 12 QUBO variables, 0 pairwise capacity conflicts; classical=classical_exhaustive E=0.8407; qaoa=not run; executed=classical_exhaustive E=0.8407 (keep-current E=1.7162); routes changed=2
2026-09-23 16:22:26,810 INFO run.814374.128647587468624.baseline.rerouting: step 12 rerouted s0012-w011-g011-q14_31 (q14 QPU1 -> q31 QPU7): 1-6-7 -> 1-2-7, cost 137.93 -> 70.72
2026-09-23 16:22:26,810 INFO run.814374.128647587468624.baseline.rerouting: step 12 rerouted s0012-w011-g014-q20_24 (q20 QPU2 -> q24 QPU6): 2-7-6 -> 2-1-6, cost 149.15 -> 58.03
2026-09-23 16:22:26,810 INFO run.814374.128647587468624.baseline.rerouting: step 12 link 6-7 utilization 0.75 -> 0.25 after selective rerouting
2026-09-23 16:22:26,812 INFO run.814374.128647587468624.baseline: step 13 congestion on links 6-7 (utilization 6-7:0.75); affected=3 unaffected=9 in_flight_on_congested=0
2026-09-23 16:22:26,813 INFO run.814374.128647587468624.baseline.rerouting: step 13 selective rerouting: 3 affected communications on congested links 6-7; 9 unaffected communications left untouched
2026-09-23 16:22:26,813 INFO run.814374.128647587468624.baseline.rerouting: step 13 block 0: 3 communications, 11 QUBO variables, 0 pairwise capacity conflicts; classical=classical_exhaustive E=1.1461; qaoa=not run; executed=classical_exhaustive E=1.1461 (keep-current E=1.7319); routes changed=1
2026-09-23 16:22:26,813 INFO run.814374.128647587468624.baseline.rerouting: step 13 rerouted s0013-w012-g001-q1_5 (q1 QPU1 -> q5 QPU7): 1-6-7 -> 1-2-7, cost 138.74 -> 77.57
2026-09-23 16:22:26,813 INFO run.814374.128647587468624.baseline.rerouting: step 13 link 6-7 utilization 0.75 -> 0.50 after selective rerouting
2026-09-23 16:22:26,816 INFO run.814374.128647587468624.baseline: step 14 congestion on links 0-2|1-2|6-7 (utilization 0-2:0.60, 1-2:0.60, 6-7:0.75); affected=8 unaffected=6 in_flight_on_congested=4
2026-09-23 16:22:26,817 INFO run.814374.128647587468624.baseline.rerouting: step 14 selective rerouting: 8 affected communications on congested links 0-2|1-2|6-7; 6 unaffected communications left untouched
2026-09-23 16:22:26,817 INFO run.814374.128647587468624.baseline.rerouting: step 14 block 0: 3 communications, 12 QUBO variables, 5 pairwise capacity conflicts; classical=classical_exhaustive E=1.0421; qaoa=not run; executed=classical_exhaustive E=1.0421 (keep-current E=1.4858); routes changed=1
2026-09-23 16:22:26,817 INFO run.814374.128647587468624.baseline.rerouting: step 14 block 1: 4 communications, 11 QUBO variables, 0 pairwise capacity conflicts; classical=classical_exhaustive E=2.5423; qaoa=not run; executed=classical_exhaustive E=2.5423 (keep-current E=4.7733); routes changed=2
2026-09-23 16:22:26,817 INFO run.814374.128647587468624.baseline.rerouting: step 14 block 2: 1 communications, 4 QUBO variables, 0 pairwise capacity conflicts; classical=classical_exhaustive E=0.3420; qaoa=not run; executed=classical_exhaustive E=0.3420 (keep-current E=0.3420); routes changed=0
2026-09-23 16:22:26,817 INFO run.814374.128647587468624.baseline.rerouting: step 14 rerouted s0014-w013-g005-q5_6 (q5 QPU7 -> q6 QPU6): 7-6 -> 7-5-4-6, cost 109.52 -> 197.92
2026-09-23 16:22:26,817 INFO run.814374.128647587468624.baseline.rerouting: step 14 rerouted s0014-w013-g010-q12_22 (q12 QPU2 -> q22 QPU4): 2-1-4 -> 2-7-5-4, cost 136.41 -> 184.60
2026-09-23 16:22:26,817 INFO run.814374.128647587468624.baseline.rerouting: step 14 rerouted s0014-w013-g011-q13_20 (q13 QPU5 -> q20 QPU2): 5-0-2 -> 5-7-2, cost 128.72 -> 75.01
2026-09-23 16:22:26,817 INFO run.814374.128647587468624.baseline.rerouting: step 14 link 0-2 utilization 0.60 -> 0.50 after selective rerouting
2026-09-23 16:22:26,817 INFO run.814374.128647587468624.baseline.rerouting: step 14 link 1-2 utilization 0.60 -> 0.50 after selective rerouting
2026-09-23 16:22:26,817 INFO run.814374.128647587468624.baseline.rerouting: step 14 link 6-7 utilization 0.75 -> 0.50 after selective rerouting
2026-09-23 16:22:26,820 INFO run.814374.128647587468624.baseline: step 15 congestion on links 1-2|1-6|4-5|6-7 (utilization 1-2:0.70, 1-6:0.60, 4-5:0.60, 6-7:1.00); affected=12 unaffected=3 in_flight_on_congested=5
2026-09-23 16:22:26,822 INFO run.814374.128647587468624.baseline.rerouting: step 15 selective rerouting: 12 affected communications on congested links 1-2|1-6|4-5|6-7; 3 unaffected communications left untouched
2026-09-23 16:22:26,822 INFO run.814374.128647587468624.baseline.rerouting: step 15 block 0: 3 communications, 6 QUBO variables, 0 pairwise capacity conflicts; classical=classical_exhaustive E=2.4390; qaoa=not run; executed=classical_exhaustive E=2.4390 (keep-current E=7.1661); routes changed=2
2026-09-23 16:22:26,822 INFO run.814374.128647587468624.baseline.rerouting: step 15 block 1: 3 communications, 7 QUBO variables, 0 pairwise capacity conflicts; classical=classical_exhaustive E=1.7538; qaoa=not run; executed=classical_exhaustive E=1.7538 (keep-current E=2.4461); routes changed=1
2026-09-23 16:22:26,822 INFO run.814374.128647587468624.baseline.rerouting: step 15 block 2: 3 communications, 12 QUBO variables, 5 pairwise capacity conflicts; classical=classical_exhaustive E=1.4293; qaoa=not run; executed=classical_exhaustive E=1.4293 (keep-current E=1.7703); routes changed=2
2026-09-23 16:22:26,822 INFO run.814374.128647587468624.baseline.rerouting: step 15 block 3: 3 communications, 12 QUBO variables, 0 pairwise capacity conflicts; classical=classical_exhaustive E=2.2290; qaoa=not run; executed=classical_exhaustive E=2.2290 (keep-current E=4.4989); routes changed=2
2026-09-23 16:22:26,822 INFO run.814374.128647587468624.baseline.rerouting: step 15 rerouted s0015-w014-g000-q0_16 (q0 QPU0 -> q16 QPU4): 0-5-4 -> 0-3-5-4, cost 120.59 -> 199.76
2026-09-23 16:22:26,822 INFO run.814374.128647587468624.baseline.rerouting: step 15 rerouted s0015-w014-g001-q1_13 (q1 QPU1 -> q13 QPU5): 1-4-5 -> 1-2-0-5, cost 135.04 -> 154.24
2026-09-23 16:22:26,822 INFO run.814374.128647587468624.baseline.rerouting: step 15 rerouted s0015-w014-g006-q6_15 (q6 QPU6 -> q15 QPU3): 6-7-5-3 -> 6-4-5-3, cost 214.09 -> 210.96
2026-09-23 16:22:26,822 INFO run.814374.128647587468624.baseline.rerouting: step 15 rerouted s0015-w014-g010-q11_26 (q11 QPU3 -> q26 QPU4): 3-5-4 -> 3-0-2-1-4, cost 128.41 -> 205.21
2026-09-23 16:22:26,822 INFO run.814374.128647587468624.baseline.rerouting: step 15 rerouted s0015-w014-g011-q12_25 (q12 QPU2 -> q25 QPU4): 2-1-4 -> 2-7-5-4, cost 157.58 -> 207.01
2026-09-23 16:22:26,822 INFO run.814374.128647587468624.baseline.rerouting: step 15 rerouted s0015-w014-g012-q14_30 (q14 QPU1 -> q30 QPU0): 1-2-0 -> 1-4-5-0, cost 152.93 -> 188.68
2026-09-23 16:22:26,822 INFO run.814374.128647587468624.baseline.rerouting: step 15 rerouted s0015-w014-g015-q27_28 (q27 QPU7 -> q28 QPU6): 7-2-1-6 -> 7-5-4-6, cost 248.09 -> 218.56
2026-09-23 16:22:26,822 INFO run.814374.128647587468624.baseline.rerouting: step 15 link 1-2 utilization 0.70 -> 0.60 after selective rerouting
2026-09-23 16:22:26,822 INFO run.814374.128647587468624.baseline.rerouting: step 15 link 1-6 utilization 0.60 -> 0.40 after selective rerouting
2026-09-23 16:22:26,822 INFO run.814374.128647587468624.baseline.rerouting: step 15 link 4-5 utilization 0.60 -> 0.80 after selective rerouting
2026-09-23 16:22:26,822 INFO run.814374.128647587468624.baseline.rerouting: step 15 link 6-7 utilization 1.00 -> 0.75 after selective rerouting
2026-09-23 16:22:27,004 INFO run.814374.128647587468624.baseline.repartition: step 15 repartition trigger reason=congestion (congestion) links=4-5 affected_qubits=[0, 6, 12, 14, 15, 16, 25, 27, 28, 30]
2026-09-23 16:22:27,005 INFO run.814374.128647587468624.baseline.repartition: step 15 evaluated 84 selective candidates; objective 21406.99 -> 20984.06 (communication 21406.99 -> 20961.43, deferred load 0.0 -> 0.0, migration 22.62)
2026-09-23 16:22:27,005 INFO run.814374.128647587468624.baseline.repartition: step 15 repartition rejected: improvement_below_margin
2026-09-23 16:22:27,007 INFO run.814374.128647587468624.baseline: step 16 congestion on links 4-5|4-6|6-7 (utilization 4-5:0.80, 4-6:0.67, 6-7:0.75); affected=4 unaffected=5 in_flight_on_congested=8
2026-09-23 16:22:27,007 INFO run.814374.128647587468624.baseline.rerouting: step 16 selective rerouting: 4 affected communications on congested links 4-5|4-6|6-7; 5 unaffected communications left untouched
2026-09-23 16:22:27,007 INFO run.814374.128647587468624.baseline.rerouting: step 16 block 0: 3 communications, 11 QUBO variables, 0 pairwise capacity conflicts; classical=classical_exhaustive E=1.0945; qaoa=not run; executed=classical_exhaustive E=1.0945 (keep-current E=1.0945); routes changed=0
2026-09-23 16:22:27,007 INFO run.814374.128647587468624.baseline.rerouting: step 16 block 1: 1 communications, 4 QUBO variables, 0 pairwise capacity conflicts; classical=classical_exhaustive E=0.3885; qaoa=not run; executed=classical_exhaustive E=0.3885 (keep-current E=0.3885); routes changed=0
2026-09-23 16:22:27,007 INFO run.814374.128647587468624.baseline.rerouting: step 16 link 4-5 utilization 0.80 -> 0.80 after selective rerouting
2026-09-23 16:22:27,007 INFO run.814374.128647587468624.baseline.rerouting: step 16 link 4-6 utilization 0.67 -> 0.67 after selective rerouting
2026-09-23 16:22:27,007 INFO run.814374.128647587468624.baseline.rerouting: step 16 link 6-7 utilization 0.75 -> 0.75 after selective rerouting
2026-09-23 16:22:27,051 INFO run.814374.128647587468624.baseline.repartition: step 16 repartition trigger reason=congestion (congestion) links=4-5|6-7 affected_qubits=[4, 8, 16, 18, 19, 27]
2026-09-23 16:22:27,051 INFO run.814374.128647587468624.baseline.repartition: step 16 evaluated 15 selective candidates; objective 18230.06 -> 18230.06 (communication 18230.06 -> 18230.06, deferred load 0.0 -> 0.0, migration 0.00)
2026-09-23 16:22:27,051 INFO run.814374.128647587468624.baseline.repartition: step 16 repartition rejected: no_improving_selective_move
2026-09-23 16:22:27,053 INFO run.814374.128647587468624.baseline: step 17 congestion on links 0-3 (utilization 0-3:0.71); affected=1 unaffected=5 in_flight_on_congested=4
2026-09-23 16:22:27,053 INFO run.814374.128647587468624.baseline.rerouting: step 17 selective rerouting: 1 affected communications on congested links 0-3; 5 unaffected communications left untouched
2026-09-23 16:22:27,053 INFO run.814374.128647587468624.baseline.rerouting: step 17 block 0: 1 communications, 2 QUBO variables, 0 pairwise capacity conflicts; classical=classical_exhaustive E=0.9283; qaoa=not run; executed=classical_exhaustive E=0.9283 (keep-current E=1.0000); routes changed=1
2026-09-23 16:22:27,053 INFO run.814374.128647587468624.baseline.rerouting: step 17 rerouted s0017-w000-g009-q10_11 (q10 QPU0 -> q11 QPU3): 0-3 -> 0-5-3, cost 130.04 -> 121.00
2026-09-23 16:22:27,053 INFO run.814374.128647587468624.baseline.rerouting: step 17 link 0-3 utilization 0.71 -> 0.57 after selective rerouting
2026-09-23 16:22:27,056 INFO run.814374.128647587468624.baseline: step 18 congestion on links 6-7 (utilization 6-7:0.75); affected=2 unaffected=10 in_flight_on_congested=1
2026-09-23 16:22:27,056 INFO run.814374.128647587468624.baseline.rerouting: step 18 selective rerouting: 2 affected communications on congested links 6-7; 10 unaffected communications left untouched
2026-09-23 16:22:27,056 INFO run.814374.128647587468624.baseline.rerouting: step 18 block 0: 2 communications, 7 QUBO variables, 0 pairwise capacity conflicts; classical=classical_exhaustive E=0.6615; qaoa=not run; executed=classical_exhaustive E=0.6615 (keep-current E=2.1037); routes changed=1
2026-09-23 16:22:27,056 INFO run.814374.128647587468624.baseline.rerouting: step 18 rerouted s0018-w001-g004-q4_11 (q4 QPU6 -> q11 QPU3): 6-7-5-3 -> 6-4-5-3, cost 174.35 -> 114.82
2026-09-23 16:22:27,056 INFO run.814374.128647587468624.baseline.rerouting: step 18 link 6-7 utilization 0.75 -> 0.50 after selective rerouting
2026-09-23 16:22:27,059 INFO run.814374.128647587468624.baseline: step 19 congestion on links 0-5|3-5|5-7|6-7 (utilization 0-5:0.67, 3-5:0.70, 5-7:0.62, 6-7:0.75); affected=10 unaffected=4 in_flight_on_congested=5
2026-09-23 16:22:27,061 INFO run.814374.128647587468624.baseline.rerouting: step 19 selective rerouting: 10 affected communications on congested links 0-5|3-5|5-7|6-7; 4 unaffected communications left untouched
2026-09-23 16:22:27,061 INFO run.814374.128647587468624.baseline.rerouting: step 19 block 0: 3 communications, 11 QUBO variables, 0 pairwise capacity conflicts; classical=classical_exhaustive E=0.7814; qaoa=not run; executed=classical_exhaustive E=0.7814 (keep-current E=1.4078); routes changed=2
2026-09-23 16:22:27,061 INFO run.814374.128647587468624.baseline.rerouting: step 19 block 1: 3 communications, 12 QUBO variables, 0 pairwise capacity conflicts; classical=classical_exhaustive E=1.2933; qaoa=not run; executed=classical_exhaustive E=1.2933 (keep-current E=3.5142); routes changed=2
2026-09-23 16:22:27,061 INFO run.814374.128647587468624.baseline.rerouting: step 19 block 2: 3 communications, 12 QUBO variables, 0 pairwise capacity conflicts; classical=classical_exhaustive E=1.7427; qaoa=not run; executed=classical_exhaustive E=1.7427 (keep-current E=4.3128); routes changed=1
2026-09-23 16:22:27,061 INFO run.814374.128647587468624.baseline.rerouting: step 19 block 3: 1 communications, 3 QUBO variables, 0 pairwise capacity conflicts; classical=classical_exhaustive E=0.1791; qaoa=not run; executed=classical_exhaustive E=0.1791 (keep-current E=0.1791); routes changed=0
2026-09-23 16:22:27,061 INFO run.814374.128647587468624.baseline.rerouting: step 19 rerouted s0019-w002-g002-q2_23 (q2 QPU2 -> q23 QPU5): 2-0-5 -> 2-7-5, cost 140.09 -> 83.80
2026-09-23 16:22:27,061 INFO run.814374.128647587468624.baseline.rerouting: step 19 rerouted s0019-w002-g005-q5_11 (q5 QPU7 -> q11 QPU3): 7-5-3 -> 7-5-0-3, cost 221.00 -> 104.57
2026-09-23 16:22:27,061 INFO run.814374.128647587468624.baseline.rerouting: step 19 rerouted s0019-w002-g008-q9_28 (q9 QPU0 -> q28 QPU6): 0-5-7-6 -> 0-2-1-6, cost 303.73 -> 103.23
2026-09-23 16:22:27,061 INFO run.814374.128647587468624.baseline.rerouting: step 19 rerouted s0019-w002-g009-q10_29 (q10 QPU0 -> q29 QPU7): 0-5-7 -> 0-2-7, cost 208.80 -> 79.59
2026-09-23 16:22:27,061 INFO run.814374.128647587468624.baseline.rerouting: step 19 rerouted s0019-w002-g013-q15_31 (q15 QPU3 -> q31 QPU7): 3-5-7 -> 3-0-2-7, cost 221.00 -> 113.56
2026-09-23 16:22:27,061 INFO run.814374.128647587468624.baseline.rerouting: step 19 link 0-5 utilization 0.67 -> 0.44 after selective rerouting
2026-09-23 16:22:27,061 INFO run.814374.128647587468624.baseline.rerouting: step 19 link 3-5 utilization 0.70 -> 0.50 after selective rerouting
2026-09-23 16:22:27,061 INFO run.814374.128647587468624.baseline.rerouting: step 19 link 5-7 utilization 0.62 -> 0.46 after selective rerouting
2026-09-23 16:22:27,061 INFO run.814374.128647587468624.baseline.rerouting: step 19 link 6-7 utilization 0.75 -> 0.50 after selective rerouting
2026-09-23 16:22:27,063 INFO run.814374.128647587468624.baseline: step 20 congestion on links 0-2|1-4|4-5 (utilization 0-2:0.70, 1-4:0.71, 4-5:0.60); affected=8 unaffected=4 in_flight_on_congested=8
2026-09-23 16:22:27,064 INFO run.814374.128647587468624.baseline.rerouting: step 20 selective rerouting: 8 affected communications on congested links 0-2|1-4|4-5; 4 unaffected communications left untouched
2026-09-23 16:22:27,064 INFO run.814374.128647587468624.baseline.rerouting: step 20 block 0: 4 communications, 10 QUBO variables, 0 pairwise capacity conflicts; classical=classical_exhaustive E=3.2026; qaoa=not run; executed=classical_exhaustive E=3.2026 (keep-current E=7.1347); routes changed=2
2026-09-23 16:22:27,064 INFO run.814374.128647587468624.baseline.rerouting: step 20 block 1: 4 communications, 9 QUBO variables, 0 pairwise capacity conflicts; classical=classical_exhaustive E=1.1206; qaoa=not run; executed=classical_exhaustive E=1.1206 (keep-current E=1.3876); routes changed=1
2026-09-23 16:22:27,064 INFO run.814374.128647587468624.baseline.rerouting: step 20 rerouted s0020-w003-g001-q1_16 (q1 QPU1 -> q16 QPU4): 1-4 -> 1-6-4, cost 128.22 -> 77.41
2026-09-23 16:22:27,064 INFO run.814374.128647587468624.baseline.rerouting: step 20 rerouted s0020-w003-g012-q15_19 (q15 QPU3 -> q19 QPU1): 3-5-4-1 -> 3-0-2-1, cost 250.27 -> 190.19
2026-09-23 16:22:27,064 INFO run.814374.128647587468624.baseline.rerouting: step 20 rerouted s0020-w003-g014-q20_23 (q20 QPU2 -> q23 QPU5): 2-0-5 -> 2-7-5, cost 149.65 -> 81.12
2026-09-23 16:22:27,064 INFO run.814374.128647587468624.baseline.rerouting: step 20 link 0-2 utilization 0.70 -> 0.70 after selective rerouting
2026-09-23 16:22:27,064 INFO run.814374.128647587468624.baseline.rerouting: step 20 link 1-4 utilization 0.71 -> 0.43 after selective rerouting
2026-09-23 16:22:27,064 INFO run.814374.128647587468624.baseline.rerouting: step 20 link 4-5 utilization 0.60 -> 0.50 after selective rerouting
2026-09-23 16:22:27,068 INFO run.814374.128647587468624.baseline: step 21 congestion on links 0-2|4-5|4-6|6-7 (utilization 0-2:0.70, 4-5:0.70, 4-6:0.67, 6-7:1.00); affected=13 unaffected=1 in_flight_on_congested=7
2026-09-23 16:22:27,071 INFO run.814374.128647587468624.baseline.rerouting: step 21 selective rerouting: 13 affected communications on congested links 0-2|4-5|4-6|6-7; 1 unaffected communications left untouched
2026-09-23 16:22:27,071 INFO run.814374.128647587468624.baseline.rerouting: step 21 block 0: 3 communications, 9 QUBO variables, 0 pairwise capacity conflicts; classical=classical_exhaustive E=1.5662; qaoa=not run; executed=classical_exhaustive E=1.5662 (keep-current E=4.7241); routes changed=2
2026-09-23 16:22:27,071 INFO run.814374.128647587468624.baseline.rerouting: step 21 block 1: 3 communications, 5 QUBO variables, 0 pairwise capacity conflicts; classical=classical_exhaustive E=3.9058; qaoa=not run; executed=classical_exhaustive E=3.9058 (keep-current E=8.2129); routes changed=1
2026-09-23 16:22:27,071 INFO run.814374.128647587468624.baseline.rerouting: step 21 block 2: 3 communications, 6 QUBO variables, 0 pairwise capacity conflicts; classical=classical_exhaustive E=1.7687; qaoa=not run; executed=classical_exhaustive E=1.7687 (keep-current E=1.7687); routes changed=0
2026-09-23 16:22:27,071 INFO run.814374.128647587468624.baseline.rerouting: step 21 block 3: 3 communications, 11 QUBO variables, 0 pairwise capacity conflicts; classical=classical_exhaustive E=1.4666; qaoa=not run; executed=classical_exhaustive E=1.4666 (keep-current E=2.8318); routes changed=1
2026-09-23 16:22:27,071 INFO run.814374.128647587468624.baseline.rerouting: step 21 block 4: 1 communications, 4 QUBO variables, 0 pairwise capacity conflicts; classical=classical_exhaustive E=0.6818; qaoa=not run; executed=classical_exhaustive E=0.6818 (keep-current E=0.6818); routes changed=0
2026-09-23 16:22:27,071 INFO run.814374.128647587468624.baseline.rerouting: step 21 rerouted s0021-w004-g001-q1_15 (q1 QPU1 -> q15 QPU3): 1-4-5-3 -> 1-2-0-3, cost 182.42 -> 244.53
2026-09-23 16:22:27,071 INFO run.814374.128647587468624.baseline.rerouting: step 21 rerouted s0021-w004-g003-q3_20 (q3 QPU5 -> q20 QPU2): 5-0-2 -> 5-7-2, cost 146.82 -> 164.02
2026-09-23 16:22:27,071 INFO run.814374.128647587468624.baseline.rerouting: step 21 rerouted s0021-w004-g005-q5_16 (q5 QPU7 -> q16 QPU4): 7-6-4 -> 7-2-1-4, cost 258.63 -> 187.30
2026-09-23 16:22:27,071 INFO run.814374.128647587468624.baseline.rerouting: step 21 rerouted s0021-w004-g009-q11_12 (q11 QPU3 -> q12 QPU2): 3-0-2 -> 3-5-7-2, cost 162.40 -> 193.29
2026-09-23 16:22:27,071 INFO run.814374.128647587468624.baseline.rerouting: step 21 link 0-2 utilization 0.70 -> 0.60 after selective rerouting
2026-09-23 16:22:27,071 INFO run.814374.128647587468624.baseline.rerouting: step 21 link 4-5 utilization 0.70 -> 0.60 after selective rerouting
2026-09-23 16:22:27,071 INFO run.814374.128647587468624.baseline.rerouting: step 21 link 4-6 utilization 0.67 -> 0.50 after selective rerouting
2026-09-23 16:22:27,071 INFO run.814374.128647587468624.baseline.rerouting: step 21 link 6-7 utilization 1.00 -> 0.75 after selective rerouting
2026-09-23 16:22:27,091 INFO run.814374.128647587468624.baseline.repartition: step 21 repartition trigger reason=congestion (congestion) links=0-2 affected_qubits=[1, 7, 10, 15]
2026-09-23 16:22:27,091 INFO run.814374.128647587468624.baseline.repartition: step 21 evaluated 5 selective candidates; objective 17094.07 -> 17094.07 (communication 17094.07 -> 17094.07, deferred load 0.0 -> 0.0, migration 0.00)
2026-09-23 16:22:27,091 INFO run.814374.128647587468624.baseline.repartition: step 21 repartition rejected: no_improving_selective_move
2026-09-23 16:22:27,094 INFO run.814374.128647587468624.baseline: step 22 congestion on links 1-2|1-4|6-7 (utilization 1-2:0.78, 1-4:0.71, 6-7:0.80); affected=7 unaffected=5 in_flight_on_congested=7
2026-09-23 16:22:27,095 INFO run.814374.128647587468624.baseline.rerouting: step 22 selective rerouting: 7 affected communications on congested links 1-2|1-4|6-7; 5 unaffected communications left untouched
2026-09-23 16:22:27,095 INFO run.814374.128647587468624.baseline.rerouting: step 22 block 0: 4 communications, 10 QUBO variables, 1 pairwise capacity conflicts; classical=classical_exhaustive E=1.9287; qaoa=not run; executed=classical_exhaustive E=1.9287 (keep-current E=8.8064); routes changed=3
2026-09-23 16:22:27,095 INFO run.814374.128647587468624.baseline.rerouting: step 22 block 1: 3 communications, 11 QUBO variables, 0 pairwise capacity conflicts; classical=classical_exhaustive E=1.3719; qaoa=not run; executed=classical_exhaustive E=1.3719 (keep-current E=3.3278); routes changed=2
2026-09-23 16:22:27,095 INFO run.814374.128647587468624.baseline.rerouting: step 22 rerouted s0022-w005-g005-q6_8 (q6 QPU6 -> q8 QPU5): 6-7-5 -> 6-4-5, cost 152.24 -> 233.35
2026-09-23 16:22:27,095 INFO run.814374.128647587468624.baseline.rerouting: step 22 rerouted s0022-w005-g007-q10_19 (q10 QPU0 -> q19 QPU1): 0-2-1 -> 0-5-4-1, cost 166.38 -> 177.35
2026-09-23 16:22:27,095 INFO run.814374.128647587468624.baseline.rerouting: step 22 rerouted s0022-w005-g010-q14_22 (q14 QPU1 -> q22 QPU4): 1-4 -> 1-6-4, cost 124.58 -> 149.23
2026-09-23 16:22:27,095 INFO run.814374.128647587468624.baseline.rerouting: step 22 rerouted s0022-w005-g012-q16_20 (q16 QPU4 -> q20 QPU2): 4-1-2 -> 4-5-0-2, cost 243.84 -> 177.19
2026-09-23 16:22:27,095 INFO run.814374.128647587468624.baseline.rerouting: step 22 rerouted s0022-w005-g015-q25_31 (q25 QPU4 -> q31 QPU7): 4-6-7 -> 4-5-7, cost 155.63 -> 158.60
2026-09-23 16:22:27,095 INFO run.814374.128647587468624.baseline.rerouting: step 22 link 1-2 utilization 0.78 -> 0.56 after selective rerouting
2026-09-23 16:22:27,095 INFO run.814374.128647587468624.baseline.rerouting: step 22 link 1-4 utilization 0.71 -> 0.57 after selective rerouting
2026-09-23 16:22:27,095 INFO run.814374.128647587468624.baseline.rerouting: step 22 link 6-7 utilization 0.80 -> 0.40 after selective rerouting
2026-09-23 16:22:27,234 INFO run.814374.128647587468624.baseline.repartition: step 22 repartition trigger reason=congestion (congestion) links=4-5 affected_qubits=[6, 8, 10, 16, 19, 20, 25, 31]
2026-09-23 16:22:27,234 INFO run.814374.128647587468624.baseline.repartition: step 22 evaluated 54 selective candidates; objective 15583.11 -> 15448.66 (communication 15583.11 -> 15329.22, deferred load 0.0 -> 0.0, migration 119.44)
2026-09-23 16:22:27,234 INFO run.814374.128647587468624.baseline.repartition: step 22 repartition rejected: improvement_below_margin
2026-09-23 16:22:27,237 INFO run.814374.128647587468624.baseline: step 23 congestion on links 0-2|0-3|1-6|4-5|4-6 (utilization 0-2:0.60, 0-3:0.62, 1-6:0.60, 4-5:0.64, 4-6:1.00); affected=11 unaffected=0 in_flight_on_congested=8
2026-09-23 16:22:27,238 INFO run.814374.128647587468624.baseline.rerouting: step 23 selective rerouting: 11 affected communications on congested links 0-2|0-3|1-6|4-5|4-6; 0 unaffected communications left untouched
2026-09-23 16:22:27,238 INFO run.814374.128647587468624.baseline.rerouting: step 23 block 0: 3 communications, 10 QUBO variables, 0 pairwise capacity conflicts; classical=classical_exhaustive E=1.7977; qaoa=not run; executed=classical_exhaustive E=1.7977 (keep-current E=4.3796); routes changed=1
2026-09-23 16:22:27,238 INFO run.814374.128647587468624.baseline.rerouting: step 23 block 1: 3 communications, 9 QUBO variables, 0 pairwise capacity conflicts; classical=classical_exhaustive E=1.0939; qaoa=not run; executed=classical_exhaustive E=1.0939 (keep-current E=1.3653); routes changed=2
2026-09-23 16:22:27,238 INFO run.814374.128647587468624.baseline.rerouting: step 23 block 2: 3 communications, 10 QUBO variables, 3 pairwise capacity conflicts; classical=classical_exhaustive E=1.3837; qaoa=not run; executed=classical_exhaustive E=1.3837 (keep-current E=1.6396); routes changed=2
2026-09-23 16:22:27,238 INFO run.814374.128647587468624.baseline.rerouting: step 23 block 3: 2 communications, 6 QUBO variables, 0 pairwise capacity conflicts; classical=classical_exhaustive E=1.4770; qaoa=not run; executed=classical_exhaustive E=1.4770 (keep-current E=1.5145); routes changed=1
2026-09-23 16:22:27,238 INFO run.814374.128647587468624.baseline.rerouting: step 23 rerouted s0023-w006-g001-q1_29 (q1 QPU1 -> q29 QPU7): 1-6-7 -> 1-2-7, cost 110.80 -> 80.67
2026-09-23 16:22:27,238 INFO run.814374.128647587468624.baseline.rerouting: step 23 rerouted s0023-w006-g006-q6_22 (q6 QPU6 -> q22 QPU4): 6-4 -> 6-7-5-4, cost 183.70 -> 168.74
2026-09-23 16:22:27,238 INFO run.814374.128647587468624.baseline.rerouting: step 23 rerouted s0023-w006-g010-q12_17 (q12 QPU2 -> q17 QPU3): 2-0-3 -> 2-7-5-3, cost 201.64 -> 114.22
2026-09-23 16:22:27,238 INFO run.814374.128647587468624.baseline.rerouting: step 23 rerouted s0023-w006-g012-q15_21 (q15 QPU3 -> q21 QPU2): 3-0-2 -> 3-5-0-2, cost 201.64 -> 91.33
2026-09-23 16:22:27,238 INFO run.814374.128647587468624.baseline.rerouting: step 23 rerouted s0023-w006-g014-q24_25 (q24 QPU6 -> q25 QPU4): 6-4 -> 6-7-5-4, cost 183.70 -> 168.74
2026-09-23 16:22:27,238 INFO run.814374.128647587468624.baseline.rerouting: step 23 rerouted s0023-w006-g015-q26_27 (q26 QPU4 -> q27 QPU7): 4-5-7 -> 4-1-2-7, cost 141.60 -> 117.08
2026-09-23 16:22:27,238 INFO run.814374.128647587468624.baseline.rerouting: step 23 link 0-2 utilization 0.60 -> 0.50 after selective rerouting
2026-09-23 16:22:27,238 INFO run.814374.128647587468624.baseline.rerouting: step 23 link 0-3 utilization 0.62 -> 0.38 after selective rerouting
2026-09-23 16:22:27,238 INFO run.814374.128647587468624.baseline.rerouting: step 23 link 1-6 utilization 0.60 -> 0.40 after selective rerouting
2026-09-23 16:22:27,238 INFO run.814374.128647587468624.baseline.rerouting: step 23 link 4-5 utilization 0.64 -> 0.73 after selective rerouting
2026-09-23 16:22:27,238 INFO run.814374.128647587468624.baseline.rerouting: step 23 link 4-6 utilization 1.00 -> 0.67 after selective rerouting
2026-09-23 16:22:27,285 INFO run.814374.128647587468624.baseline.repartition: step 23 repartition trigger reason=congestion (congestion) links=4-5|4-6 affected_qubits=[6, 16, 22, 24, 25, 28]
2026-09-23 16:22:27,285 INFO run.814374.128647587468624.baseline.repartition: step 23 evaluated 18 selective candidates; objective 13079.13 -> 12814.48 (communication 13079.13 -> 12732.07, deferred load 0.0 -> 0.0, migration 82.40)
2026-09-23 16:22:27,285 INFO run.814374.128647587468624.baseline.repartition: step 23 repartition rejected: improvement_below_margin
2026-09-23 16:22:27,289 INFO run.814374.128647587468624.baseline: step 24 congestion on links 1-2|6-7 (utilization 1-2:0.67, 6-7:1.00); affected=7 unaffected=7 in_flight_on_congested=4
2026-09-23 16:22:27,290 INFO run.814374.128647587468624.baseline.rerouting: step 24 selective rerouting: 7 affected communications on congested links 1-2|6-7; 7 unaffected communications left untouched
2026-09-23 16:22:27,290 INFO run.814374.128647587468624.baseline.rerouting: step 24 block 0: 3 communications, 6 QUBO variables, 0 pairwise capacity conflicts; classical=classical_exhaustive E=2.0132; qaoa=not run; executed=classical_exhaustive E=2.0132 (keep-current E=2.1025); routes changed=1
2026-09-23 16:22:27,290 INFO run.814374.128647587468624.baseline.rerouting: step 24 block 1: 3 communications, 11 QUBO variables, 0 pairwise capacity conflicts; classical=classical_exhaustive E=1.5200; qaoa=not run; executed=classical_exhaustive E=1.5200 (keep-current E=2.4583); routes changed=2
2026-09-23 16:22:27,290 INFO run.814374.128647587468624.baseline.rerouting: step 24 block 2: 1 communications, 4 QUBO variables, 0 pairwise capacity conflicts; classical=classical_exhaustive E=0.4079; qaoa=not run; executed=classical_exhaustive E=0.4079 (keep-current E=0.5393); routes changed=1
2026-09-23 16:22:27,290 INFO run.814374.128647587468624.baseline.rerouting: step 24 rerouted s0024-w007-g002-q2_16 (q2 QPU2 -> q16 QPU4): 2-1-4 -> 2-0-5-4, cost 152.23 -> 90.40
2026-09-23 16:22:27,290 INFO run.814374.128647587468624.baseline.rerouting: step 24 rerouted s0024-w007-g004-q4_11 (q4 QPU6 -> q11 QPU3): 6-7-5-3 -> 6-4-5-3, cost 217.95 -> 119.87
2026-09-23 16:22:27,290 INFO run.814374.128647587468624.baseline.rerouting: step 24 rerouted s0024-w007-g006-q6_18 (q6 QPU6 -> q18 QPU3): 6-7-5-3 -> 6-7-5-0-3, cost 217.95 -> 171.36
2026-09-23 16:22:27,290 INFO run.814374.128647587468624.baseline.rerouting: step 24 rerouted s0024-w007-g007-q7_31 (q7 QPU1 -> q31 QPU7): 1-6-7 -> 1-4-5-7, cost 180.62 -> 110.97
2026-09-23 16:22:27,290 INFO run.814374.128647587468624.baseline.rerouting: step 24 link 1-2 utilization 0.67 -> 0.56 after selective rerouting
2026-09-23 16:22:27,290 INFO run.814374.128647587468624.baseline.rerouting: step 24 link 6-7 utilization 1.00 -> 0.60 after selective rerouting
2026-09-23 16:22:27,291 INFO run.814374.128647587468624.baseline: step 25 congestion on links 0-2|6-7 (utilization 0-2:0.60, 6-7:0.80); affected=6 unaffected=1 in_flight_on_congested=4
2026-09-23 16:22:27,292 INFO run.814374.128647587468624.baseline.rerouting: step 25 selective rerouting: 6 affected communications on congested links 0-2|6-7; 1 unaffected communications left untouched
2026-09-23 16:22:27,292 INFO run.814374.128647587468624.baseline.rerouting: step 25 block 0: 3 communications, 10 QUBO variables, 0 pairwise capacity conflicts; classical=classical_exhaustive E=0.8053; qaoa=not run; executed=classical_exhaustive E=0.8053 (keep-current E=1.0186); routes changed=2
2026-09-23 16:22:27,292 INFO run.814374.128647587468624.baseline.rerouting: step 25 block 1: 3 communications, 12 QUBO variables, 0 pairwise capacity conflicts; classical=classical_exhaustive E=1.9292; qaoa=not run; executed=classical_exhaustive E=1.9292 (keep-current E=6.6581); routes changed=2
2026-09-23 16:22:27,292 INFO run.814374.128647587468624.baseline.rerouting: step 25 rerouted s0025-w008-g003-q3_4 (q3 QPU5 -> q4 QPU6): 5-7-6 -> 5-4-6, cost 152.41 -> 82.16
2026-09-23 16:22:27,293 INFO run.814374.128647587468624.baseline.rerouting: step 25 rerouted s0025-w008-g007-q9_14 (q9 QPU0 -> q14 QPU1): 0-2-1 -> 0-5-4-1, cost 129.76 -> 95.74
2026-09-23 16:22:27,293 INFO run.814374.128647587468624.baseline.rerouting: step 25 rerouted s0025-w008-g009-q11_20 (q11 QPU3 -> q20 QPU2): 3-0-2 -> 3-5-7-2, cost 139.06 -> 117.84
2026-09-23 16:22:27,293 INFO run.814374.128647587468624.baseline.rerouting: step 25 rerouted s0025-w008-g013-q19_27 (q19 QPU1 -> q27 QPU7): 1-6-7 -> 1-2-7, cost 145.86 -> 81.16
2026-09-23 16:22:27,293 INFO run.814374.128647587468624.baseline.rerouting: step 25 link 0-2 utilization 0.60 -> 0.40 after selective rerouting
2026-09-23 16:22:27,293 INFO run.814374.128647587468624.baseline.rerouting: step 25 link 6-7 utilization 0.80 -> 0.40 after selective rerouting
2026-09-23 16:22:27,296 INFO run.814374.128647587468624.baseline: step 26 congestion on links 1-6|4-5 (utilization 1-6:1.00, 4-5:0.60); affected=6 unaffected=9 in_flight_on_congested=5
2026-09-23 16:22:27,296 INFO run.814374.128647587468624.baseline.rerouting: step 26 selective rerouting: 6 affected communications on congested links 1-6|4-5; 9 unaffected communications left untouched
2026-09-23 16:22:27,296 INFO run.814374.128647587468624.baseline.rerouting: step 26 block 0: 3 communications, 10 QUBO variables, 0 pairwise capacity conflicts; classical=classical_exhaustive E=2.0344; qaoa=not run; executed=classical_exhaustive E=2.0344 (keep-current E=2.6223); routes changed=1
2026-09-23 16:22:27,296 INFO run.814374.128647587468624.baseline.rerouting: step 26 block 1: 3 communications, 10 QUBO variables, 0 pairwise capacity conflicts; classical=classical_exhaustive E=1.0620; qaoa=not run; executed=classical_exhaustive E=1.0620 (keep-current E=2.7852); routes changed=2
2026-09-23 16:22:27,296 INFO run.814374.128647587468624.baseline.rerouting: step 26 rerouted s0026-w009-g002-q2_4 (q2 QPU2 -> q4 QPU6): 2-1-6 -> 2-7-6, cost 196.09 -> 67.97
2026-09-23 16:22:27,296 INFO run.814374.128647587468624.baseline.rerouting: step 26 rerouted s0026-w009-g010-q14_31 (q14 QPU1 -> q31 QPU7): 1-6-7 -> 1-2-7, cost 181.04 -> 83.88
2026-09-23 16:22:27,296 INFO run.814374.128647587468624.baseline.rerouting: step 26 rerouted s0026-w009-g012-q16_30 (q16 QPU4 -> q30 QPU0): 4-5-0 -> 4-1-2-0, cost 121.49 -> 106.25
2026-09-23 16:22:27,296 INFO run.814374.128647587468624.baseline.rerouting: step 26 link 1-6 utilization 1.00 -> 0.60 after selective rerouting
2026-09-23 16:22:27,296 INFO run.814374.128647587468624.baseline.rerouting: step 26 link 4-5 utilization 0.60 -> 0.50 after selective rerouting
2026-09-23 16:22:27,301 INFO run.814374.128647587468624.baseline: step 28 congestion on links 6-7 (utilization 6-7:0.60); affected=3 unaffected=7 in_flight_on_congested=0
2026-09-23 16:22:27,302 INFO run.814374.128647587468624.baseline.rerouting: step 28 selective rerouting: 3 affected communications on congested links 6-7; 7 unaffected communications left untouched
2026-09-23 16:22:27,302 INFO run.814374.128647587468624.baseline.rerouting: step 28 block 0: 3 communications, 12 QUBO variables, 0 pairwise capacity conflicts; classical=classical_exhaustive E=1.2081; qaoa=not run; executed=classical_exhaustive E=1.2081 (keep-current E=1.7196); routes changed=2
2026-09-23 16:22:27,302 INFO run.814374.128647587468624.baseline.rerouting: step 28 rerouted s0028-w011-g011-q14_31 (q14 QPU1 -> q31 QPU7): 1-6-7 -> 1-2-7, cost 112.82 -> 82.54
2026-09-23 16:22:27,302 INFO run.814374.128647587468624.baseline.rerouting: step 28 rerouted s0028-w011-g014-q20_24 (q20 QPU2 -> q24 QPU6): 2-7-6 -> 2-1-6, cost 127.00 -> 68.35
2026-09-23 16:22:27,302 INFO run.814374.128647587468624.baseline.rerouting: step 28 link 6-7 utilization 0.60 -> 0.20 after selective rerouting
2026-09-23 16:22:27,304 INFO run.814374.128647587468624.baseline: step 29 congestion on links 6-7 (utilization 6-7:0.60); affected=3 unaffected=9 in_flight_on_congested=0
2026-09-23 16:22:27,305 INFO run.814374.128647587468624.baseline.rerouting: step 29 selective rerouting: 3 affected communications on congested links 6-7; 9 unaffected communications left untouched
2026-09-23 16:22:27,305 INFO run.814374.128647587468624.baseline.rerouting: step 29 block 0: 3 communications, 11 QUBO variables, 0 pairwise capacity conflicts; classical=classical_exhaustive E=1.3959; qaoa=not run; executed=classical_exhaustive E=1.3959 (keep-current E=1.4826); routes changed=1
2026-09-23 16:22:27,305 INFO run.814374.128647587468624.baseline.rerouting: step 29 rerouted s0029-w012-g003-q3_28 (q3 QPU5 -> q28 QPU6): 5-7-6 -> 5-4-6, cost 113.36 -> 139.52
2026-09-23 16:22:27,305 INFO run.814374.128647587468624.baseline.rerouting: step 29 link 6-7 utilization 0.60 -> 0.40 after selective rerouting
2026-09-23 16:22:27,308 INFO run.814374.128647587468624.baseline: step 30 congestion on links 0-2|0-5|4-5|6-7 (utilization 0-2:0.60, 0-5:0.71, 4-5:0.60, 6-7:0.60); affected=9 unaffected=5 in_flight_on_congested=7
2026-09-23 16:22:27,310 INFO run.814374.128647587468624.baseline.rerouting: step 30 selective rerouting: 9 affected communications on congested links 0-2|0-5|4-5|6-7; 5 unaffected communications left untouched
2026-09-23 16:22:27,310 INFO run.814374.128647587468624.baseline.rerouting: step 30 block 0: 3 communications, 12 QUBO variables, 0 pairwise capacity conflicts; classical=classical_exhaustive E=1.0941; qaoa=not run; executed=classical_exhaustive E=1.0941 (keep-current E=3.3437); routes changed=1
2026-09-23 16:22:27,310 INFO run.814374.128647587468624.baseline.rerouting: step 30 block 1: 3 communications, 9 QUBO variables, 0 pairwise capacity conflicts; classical=classical_exhaustive E=1.3733; qaoa=not run; executed=classical_exhaustive E=1.3733 (keep-current E=1.3733); routes changed=0
2026-09-23 16:22:27,310 INFO run.814374.128647587468624.baseline.rerouting: step 30 block 2: 3 communications, 10 QUBO variables, 0 pairwise capacity conflicts; classical=classical_exhaustive E=1.2679; qaoa=not run; executed=classical_exhaustive E=1.2679 (keep-current E=1.6371); routes changed=1
2026-09-23 16:22:27,310 INFO run.814374.128647587468624.baseline.rerouting: step 30 rerouted s0030-w013-g005-q5_6 (q5 QPU7 -> q6 QPU6): 7-6 -> 7-2-1-6, cost 84.77 -> 181.91
2026-09-23 16:22:27,310 INFO run.814374.128647587468624.baseline.rerouting: step 30 rerouted s0030-w013-g011-q13_20 (q13 QPU5 -> q20 QPU2): 5-0-2 -> 5-7-2, cost 201.35 -> 76.50
2026-09-23 16:22:27,310 INFO run.814374.128647587468624.baseline.rerouting: step 30 link 0-2 utilization 0.60 -> 0.50 after selective rerouting
2026-09-23 16:22:27,310 INFO run.814374.128647587468624.baseline.rerouting: step 30 link 0-5 utilization 0.71 -> 0.57 after selective rerouting
2026-09-23 16:22:27,310 INFO run.814374.128647587468624.baseline.rerouting: step 30 link 4-5 utilization 0.60 -> 0.60 after selective rerouting
2026-09-23 16:22:27,310 INFO run.814374.128647587468624.baseline.rerouting: step 30 link 6-7 utilization 0.60 -> 0.40 after selective rerouting
2026-09-23 16:22:27,329 INFO run.814374.128647587468624.baseline.repartition: step 30 repartition trigger reason=congestion (congestion) links=4-5 affected_qubits=[3, 17, 25, 26]
2026-09-23 16:22:27,329 INFO run.814374.128647587468624.baseline.repartition: step 30 evaluated 5 selective candidates; objective 12696.47 -> 12696.47 (communication 12696.47 -> 12696.47, deferred load 0.0 -> 0.0, migration 0.00)
2026-09-23 16:22:27,329 INFO run.814374.128647587468624.baseline.repartition: step 30 repartition rejected: no_improving_selective_move
2026-09-23 16:22:27,332 INFO run.814374.128647587468624.baseline: step 31 congestion on links 1-2|1-6|6-7 (utilization 1-2:0.89, 1-6:0.75, 6-7:1.00); affected=9 unaffected=6 in_flight_on_congested=4
2026-09-23 16:22:27,333 INFO run.814374.128647587468624.baseline.rerouting: step 31 selective rerouting: 9 affected communications on congested links 1-2|1-6|6-7; 6 unaffected communications left untouched
2026-09-23 16:22:27,333 INFO run.814374.128647587468624.baseline.rerouting: step 31 block 0: 3 communications, 6 QUBO variables, 0 pairwise capacity conflicts; classical=classical_exhaustive E=1.6949; qaoa=not run; executed=classical_exhaustive E=1.6949 (keep-current E=1.8001); routes changed=1
2026-09-23 16:22:27,333 INFO run.814374.128647587468624.baseline.rerouting: step 31 block 1: 3 communications, 11 QUBO variables, 5 pairwise capacity conflicts; classical=classical_exhaustive E=1.9225; qaoa=not run; executed=classical_exhaustive E=1.9225 (keep-current E=3.4781); routes changed=2
2026-09-23 16:22:27,333 INFO run.814374.128647587468624.baseline.rerouting: step 31 block 2: 3 communications, 11 QUBO variables, 0 pairwise capacity conflicts; classical=classical_exhaustive E=1.8745; qaoa=not run; executed=classical_exhaustive E=1.8745 (keep-current E=2.5927); routes changed=2
2026-09-23 16:22:27,333 INFO run.814374.128647587468624.baseline.rerouting: step 31 rerouted s0031-w014-g004-q4_18 (q4 QPU6 -> q18 QPU3): 6-7-5-3 -> 6-4-5-3, cost 220.76 -> 183.48
2026-09-23 16:22:27,333 INFO run.814374.128647587468624.baseline.rerouting: step 31 rerouted s0031-w014-g005-q5_19 (q5 QPU7 -> q19 QPU1): 7-6-1 -> 7-2-1, cost 264.96 -> 194.60
2026-09-23 16:22:27,333 INFO run.814374.128647587468624.baseline.rerouting: step 31 rerouted s0031-w014-g006-q6_15 (q6 QPU6 -> q15 QPU3): 6-7-5-3 -> 6-1-2-0-3, cost 220.76 -> 247.70
2026-09-23 16:22:27,333 INFO run.814374.128647587468624.baseline.rerouting: step 31 rerouted s0031-w014-g011-q12_25 (q12 QPU2 -> q25 QPU4): 2-1-4 -> 2-0-5-4, cost 184.83 -> 234.02
2026-09-23 16:22:27,333 INFO run.814374.128647587468624.baseline.rerouting: step 31 rerouted s0031-w014-g015-q27_28 (q27 QPU7 -> q28 QPU6): 7-2-1-6 -> 7-6, cost 305.39 -> 84.85
2026-09-23 16:22:27,333 INFO run.814374.128647587468624.baseline.rerouting: step 31 link 1-2 utilization 0.89 -> 0.89 after selective rerouting
2026-09-23 16:22:27,333 INFO run.814374.128647587468624.baseline.rerouting: step 31 link 1-6 utilization 0.75 -> 0.50 after selective rerouting
2026-09-23 16:22:27,333 INFO run.814374.128647587468624.baseline.rerouting: step 31 link 6-7 utilization 1.00 -> 0.60 after selective rerouting
2026-09-23 16:22:28,054 INFO run.814374.128647587468624.baseline.repartition: step 31 repartition trigger reason=congestion (congestion) links=1-2|4-5 affected_qubits=[0, 1, 4, 5, 6, 7, 11, 12, 13, 14, 15, 16, 18, 19, 20, 21, 22, 25, 26, 30]
2026-09-23 16:22:28,054 INFO run.814374.128647587468624.baseline.repartition: step 31 evaluated 340 selective candidates; objective 18613.11 -> 17515.73 (communication 18613.11 -> 17411.77, deferred load 0.0 -> 0.0, migration 103.95)
2026-09-23 16:22:28,054 INFO run.814374.128647587468624.baseline.repartition: step 31 accepted swap of qubits [19, 21]: QPU [1, 2] -> QPU [2, 1]
2026-09-23 16:22:28,054 INFO run.814374.128647587468624.baseline.repartition: step 31 accepted swap of qubits [12, 14]: QPU [2, 1] -> QPU [1, 2]
2026-09-23 16:22:28,054 INFO run.814374.128647587468624.baseline.repartition: step 31 link 1-2 projected peak utilization 0.89 -> 0.78
2026-09-23 16:22:28,054 INFO run.814374.128647587468624.baseline.repartition: step 31 link 4-5 projected peak utilization 1.00 -> 0.90
2026-09-23 16:22:28,054 INFO run.814374.128647587468624.baseline.repartition: step 31 moved qubits [12, 14, 19, 21]; new partition {0: [0, 9, 10, 30], 1: [1, 7, 12, 21], 2: [2, 14, 19, 20], 3: [11, 15, 17, 18], 4: [16, 22, 25, 26], 5: [3, 8, 13, 23], 6: [4, 6, 24, 28], 7: [5, 27, 29, 31]}
2026-09-23 16:22:28,056 INFO run.814374.128647587468624.baseline: step 32 congestion on links 1-2|4-5 (utilization 1-2:0.67, 4-5:0.70); affected=3 unaffected=6 in_flight_on_congested=10
2026-09-23 16:22:28,057 INFO run.814374.128647587468624.baseline.rerouting: step 32 selective rerouting: 3 affected communications on congested links 1-2|4-5; 6 unaffected communications left untouched
2026-09-23 16:22:28,057 INFO run.814374.128647587468624.baseline.rerouting: step 32 block 0: 3 communications, 10 QUBO variables, 0 pairwise capacity conflicts; classical=classical_exhaustive E=1.3931; qaoa=not run; executed=classical_exhaustive E=1.3931 (keep-current E=1.6073); routes changed=1
2026-09-23 16:22:28,057 INFO run.814374.128647587468624.baseline.rerouting: step 32 rerouted s0032-w015-g011-q16_18 (q16 QPU4 -> q18 QPU3): 4-5-3 -> 4-6-7-5-3, cost 162.90 -> 128.40
2026-09-23 16:22:28,057 INFO run.814374.128647587468624.baseline.rerouting: step 32 link 1-2 utilization 0.67 -> 0.67 after selective rerouting
2026-09-23 16:22:28,057 INFO run.814374.128647587468624.baseline.rerouting: step 32 link 4-5 utilization 0.70 -> 0.60 after selective rerouting
2026-09-23 16:22:28,057 INFO run.814374.128647587468624.baseline.repartition: step 32 trigger 'congestion' suppressed by cooldown (last repartition at step 31)
2026-09-23 16:22:28,058 INFO run.814374.128647587468624.baseline: step 33 congestion on links 1-6 (utilization 1-6:0.60); affected=2 unaffected=5 in_flight_on_congested=1
2026-09-23 16:22:28,058 INFO run.814374.128647587468624.baseline.rerouting: step 33 selective rerouting: 2 affected communications on congested links 1-6; 5 unaffected communications left untouched
2026-09-23 16:22:28,058 INFO run.814374.128647587468624.baseline.rerouting: step 33 block 0: 2 communications, 8 QUBO variables, 0 pairwise capacity conflicts; classical=classical_exhaustive E=0.6900; qaoa=not run; executed=classical_exhaustive E=0.6900 (keep-current E=2.1359); routes changed=1
2026-09-23 16:22:28,058 INFO run.814374.128647587468624.baseline.rerouting: step 33 rerouted s0033-w000-g011-q14_28 (q14 QPU2 -> q28 QPU6): 2-1-6 -> 2-7-6, cost 128.01 -> 63.81
2026-09-23 16:22:28,058 INFO run.814374.128647587468624.baseline.rerouting: step 33 link 1-6 utilization 0.60 -> 0.40 after selective rerouting
2026-09-23 16:22:28,061 INFO run.814374.128647587468624.baseline: step 34 congestion on links 6-7 (utilization 6-7:0.67); affected=2 unaffected=10 in_flight_on_congested=2
2026-09-23 16:22:28,061 INFO run.814374.128647587468624.baseline.rerouting: step 34 selective rerouting: 2 affected communications on congested links 6-7; 10 unaffected communications left untouched
2026-09-23 16:22:28,061 INFO run.814374.128647587468624.baseline.rerouting: step 34 block 0: 2 communications, 7 QUBO variables, 0 pairwise capacity conflicts; classical=classical_exhaustive E=1.0323; qaoa=not run; executed=classical_exhaustive E=1.0323 (keep-current E=3.1636); routes changed=1
2026-09-23 16:22:28,061 INFO run.814374.128647587468624.baseline.rerouting: step 34 rerouted s0034-w001-g004-q4_11 (q4 QPU6 -> q11 QPU3): 6-7-5-3 -> 6-4-5-3, cost 160.65 -> 116.58
2026-09-23 16:22:28,061 INFO run.814374.128647587468624.baseline.rerouting: step 34 link 6-7 utilization 0.67 -> 0.50 after selective rerouting
2026-09-23 16:22:28,064 INFO run.814374.128647587468624.baseline: step 35 congestion on links 0-5|3-5 (utilization 0-5:0.62, 3-5:0.67); affected=7 unaffected=8 in_flight_on_congested=4
2026-09-23 16:22:28,066 INFO run.814374.128647587468624.baseline.rerouting: step 35 selective rerouting: 7 affected communications on congested links 0-5|3-5; 8 unaffected communications left untouched
2026-09-23 16:22:28,066 INFO run.814374.128647587468624.baseline.rerouting: step 35 block 0: 3 communications, 11 QUBO variables, 0 pairwise capacity conflicts; classical=classical_exhaustive E=1.1820; qaoa=not run; executed=classical_exhaustive E=1.1820 (keep-current E=1.5271); routes changed=2
2026-09-23 16:22:28,066 INFO run.814374.128647587468624.baseline.rerouting: step 35 block 1: 3 communications, 12 QUBO variables, 0 pairwise capacity conflicts; classical=classical_exhaustive E=1.7787; qaoa=not run; executed=classical_exhaustive E=1.7787 (keep-current E=3.9286); routes changed=1
2026-09-23 16:22:28,066 INFO run.814374.128647587468624.baseline.rerouting: step 35 block 2: 1 communications, 4 QUBO variables, 0 pairwise capacity conflicts; classical=classical_exhaustive E=0.3612; qaoa=not run; executed=classical_exhaustive E=0.3612 (keep-current E=0.3612); routes changed=0
2026-09-23 16:22:28,066 INFO run.814374.128647587468624.baseline.rerouting: step 35 rerouted s0035-w002-g002-q2_23 (q2 QPU2 -> q23 QPU5): 2-0-5 -> 2-7-5, cost 129.80 -> 82.32
2026-09-23 16:22:28,066 INFO run.814374.128647587468624.baseline.rerouting: step 35 rerouted s0035-w002-g008-q9_28 (q9 QPU0 -> q28 QPU6): 0-5-7-6 -> 0-2-1-6, cost 141.01 -> 94.32
2026-09-23 16:22:28,066 INFO run.814374.128647587468624.baseline.rerouting: step 35 rerouted s0035-w002-g013-q15_31 (q15 QPU3 -> q31 QPU7): 3-5-7 -> 3-0-5-7, cost 145.02 -> 101.62
2026-09-23 16:22:28,066 INFO run.814374.128647587468624.baseline.rerouting: step 35 link 0-5 utilization 0.62 -> 0.50 after selective rerouting
2026-09-23 16:22:28,066 INFO run.814374.128647587468624.baseline.rerouting: step 35 link 3-5 utilization 0.67 -> 0.56 after selective rerouting
2026-09-23 16:22:28,068 INFO run.814374.128647587468624.baseline: step 36 congestion on links 0-2 (utilization 0-2:0.60); affected=4 unaffected=9 in_flight_on_congested=2
2026-09-23 16:22:28,069 INFO run.814374.128647587468624.baseline.rerouting: step 36 selective rerouting: 4 affected communications on congested links 0-2; 9 unaffected communications left untouched
2026-09-23 16:22:28,069 INFO run.814374.128647587468624.baseline.rerouting: step 36 block 0: 3 communications, 10 QUBO variables, 0 pairwise capacity conflicts; classical=classical_exhaustive E=1.3259; qaoa=not run; executed=classical_exhaustive E=1.3259 (keep-current E=1.4385); routes changed=1
2026-09-23 16:22:28,069 INFO run.814374.128647587468624.baseline.rerouting: step 36 block 1: 1 communications, 4 QUBO variables, 0 pairwise capacity conflicts; classical=classical_exhaustive E=0.3650; qaoa=not run; executed=classical_exhaustive E=0.3650 (keep-current E=0.3650); routes changed=0
2026-09-23 16:22:28,069 INFO run.814374.128647587468624.baseline.rerouting: step 36 rerouted s0036-w003-g000-q0_12 (q0 QPU0 -> q12 QPU1): 0-2-1 -> 0-5-4-1, cost 129.01 -> 97.99
2026-09-23 16:22:28,069 INFO run.814374.128647587468624.baseline.rerouting: step 36 link 0-2 utilization 0.60 -> 0.50 after selective rerouting
2026-09-23 16:22:28,072 INFO run.814374.128647587468624.baseline: step 37 congestion on links 0-2|0-5|6-7 (utilization 0-2:0.73, 0-5:0.89, 6-7:1.00); affected=11 unaffected=4 in_flight_on_congested=5
2026-09-23 16:22:28,073 INFO run.814374.128647587468624.baseline.rerouting: step 37 selective rerouting: 11 affected communications on congested links 0-2|0-5|6-7; 4 unaffected communications left untouched
2026-09-23 16:22:28,073 INFO run.814374.128647587468624.baseline.rerouting: step 37 block 0: 3 communications, 8 QUBO variables, 0 pairwise capacity conflicts; classical=classical_exhaustive E=1.0811; qaoa=not run; executed=classical_exhaustive E=1.0811 (keep-current E=8.0718); routes changed=2
2026-09-23 16:22:28,073 INFO run.814374.128647587468624.baseline.rerouting: step 37 block 1: 3 communications, 10 QUBO variables, 0 pairwise capacity conflicts; classical=classical_exhaustive E=1.5796; qaoa=not run; executed=classical_exhaustive E=1.5796 (keep-current E=2.1727); routes changed=2
2026-09-23 16:22:28,073 INFO run.814374.128647587468624.baseline.rerouting: step 37 block 2: 3 communications, 12 QUBO variables, 0 pairwise capacity conflicts; classical=classical_exhaustive E=1.8656; qaoa=not run; executed=classical_exhaustive E=1.8656 (keep-current E=8.3532); routes changed=3
2026-09-23 16:22:28,073 INFO run.814374.128647587468624.baseline.rerouting: step 37 block 3: 2 communications, 8 QUBO variables, 0 pairwise capacity conflicts; classical=classical_exhaustive E=0.8749; qaoa=not run; executed=classical_exhaustive E=0.8749 (keep-current E=2.3668); routes changed=1
2026-09-23 16:22:28,073 INFO run.814374.128647587468624.baseline.rerouting: step 37 rerouted s0037-w004-g000-q0_6 (q0 QPU0 -> q6 QPU6): 0-5-7-6 -> 0-2-1-6, cost 310.68 -> 96.60
2026-09-23 16:22:28,073 INFO run.814374.128647587468624.baseline.rerouting: step 37 rerouted s0037-w004-g001-q1_15 (q1 QPU1 -> q15 QPU3): 1-2-0-3 -> 1-4-5-3, cost 189.80 -> 104.41
2026-09-23 16:22:28,073 INFO run.814374.128647587468624.baseline.rerouting: step 37 rerouted s0037-w004-g003-q3_20 (q3 QPU5 -> q20 QPU2): 5-0-2 -> 5-7-2, cost 259.05 -> 83.15
2026-09-23 16:22:28,073 INFO run.814374.128647587468624.baseline.rerouting: step 37 rerouted s0037-w004-g005-q5_16 (q5 QPU7 -> q16 QPU4): 7-6-4 -> 7-5-4, cost 190.54 -> 74.37
2026-09-23 16:22:28,073 INFO run.814374.128647587468624.baseline.rerouting: step 37 rerouted s0037-w004-g009-q11_12 (q11 QPU3 -> q12 QPU1): 3-0-2-1 -> 3-5-4-1, cost 189.80 -> 104.41
2026-09-23 16:22:28,073 INFO run.814374.128647587468624.baseline.rerouting: step 37 rerouted s0037-w004-g011-q14_23 (q14 QPU2 -> q23 QPU5): 2-0-5 -> 2-7-5, cost 259.05 -> 83.15
2026-09-23 16:22:28,073 INFO run.814374.128647587468624.baseline.rerouting: step 37 rerouted s0037-w004-g013-q24_30 (q24 QPU6 -> q30 QPU0): 6-7-5-0 -> 6-7-2-0, cost 310.68 -> 95.84
2026-09-23 16:22:28,073 INFO run.814374.128647587468624.baseline.rerouting: step 37 rerouted s0037-w004-g014-q26_27 (q26 QPU4 -> q27 QPU7): 4-6-7 -> 4-1-2-7, cost 190.54 -> 107.81
2026-09-23 16:22:28,073 INFO run.814374.128647587468624.baseline.rerouting: step 37 link 0-2 utilization 0.73 -> 0.55 after selective rerouting
2026-09-23 16:22:28,073 INFO run.814374.128647587468624.baseline.rerouting: step 37 link 0-5 utilization 0.89 -> 0.44 after selective rerouting
2026-09-23 16:22:28,073 INFO run.814374.128647587468624.baseline.rerouting: step 37 link 6-7 utilization 1.00 -> 0.50 after selective rerouting
2026-09-23 16:22:28,076 INFO run.814374.128647587468624.baseline: step 38 congestion on links 0-2|1-2|6-7 (utilization 0-2:0.60, 1-2:0.75, 6-7:0.80); affected=7 unaffected=4 in_flight_on_congested=5
2026-09-23 16:22:28,077 INFO run.814374.128647587468624.baseline.rerouting: step 38 selective rerouting: 7 affected communications on congested links 0-2|1-2|6-7; 4 unaffected communications left untouched
2026-09-23 16:22:28,077 INFO run.814374.128647587468624.baseline.rerouting: step 38 block 0: 3 communications, 10 QUBO variables, 2 pairwise capacity conflicts; classical=classical_exhaustive E=0.9930; qaoa=not run; executed=classical_exhaustive E=0.9930 (keep-current E=2.5344); routes changed=2
2026-09-23 16:22:28,077 INFO run.814374.128647587468624.baseline.rerouting: step 38 block 1: 3 communications, 11 QUBO variables, 0 pairwise capacity conflicts; classical=classical_exhaustive E=1.1831; qaoa=not run; executed=classical_exhaustive E=1.1831 (keep-current E=1.3804); routes changed=1
2026-09-23 16:22:28,077 INFO run.814374.128647587468624.baseline.rerouting: step 38 block 2: 1 communications, 4 QUBO variables, 0 pairwise capacity conflicts; classical=classical_exhaustive E=0.3963; qaoa=not run; executed=classical_exhaustive E=0.3963 (keep-current E=0.5893); routes changed=1
2026-09-23 16:22:28,077 INFO run.814374.128647587468624.baseline.rerouting: step 38 rerouted s0038-w005-g005-q6_8 (q6 QPU6 -> q8 QPU5): 6-7-5 -> 6-4-5, cost 149.81 -> 136.76
2026-09-23 16:22:28,077 INFO run.814374.128647587468624.baseline.rerouting: step 38 rerouted s0038-w005-g010-q14_22 (q14 QPU2 -> q22 QPU4): 2-1-4 -> 2-1-6-4, cost 161.41 -> 165.79
2026-09-23 16:22:28,077 INFO run.814374.128647587468624.baseline.rerouting: step 38 rerouted s0038-w005-g013-q21_30 (q21 QPU1 -> q30 QPU0): 1-2-0 -> 1-4-5-0, cost 216.65 -> 159.39
2026-09-23 16:22:28,077 INFO run.814374.128647587468624.baseline.rerouting: step 38 rerouted s0038-w005-g015-q25_31 (q25 QPU4 -> q31 QPU7): 4-6-7 -> 4-5-7, cost 155.71 -> 130.25
2026-09-23 16:22:28,077 INFO run.814374.128647587468624.baseline.rerouting: step 38 link 0-2 utilization 0.60 -> 0.50 after selective rerouting
2026-09-23 16:22:28,077 INFO run.814374.128647587468624.baseline.rerouting: step 38 link 1-2 utilization 0.75 -> 0.62 after selective rerouting
2026-09-23 16:22:28,077 INFO run.814374.128647587468624.baseline.rerouting: step 38 link 6-7 utilization 0.80 -> 0.40 after selective rerouting
2026-09-23 16:22:28,079 INFO run.814374.128647587468624.baseline: step 39 congestion on links 1-4|4-5|4-6 (utilization 1-4:0.78, 4-5:0.70, 4-6:1.00); affected=6 unaffected=5 in_flight_on_congested=8
2026-09-23 16:22:28,081 INFO run.814374.128647587468624.baseline.rerouting: step 39 selective rerouting: 6 affected communications on congested links 1-4|4-5|4-6; 5 unaffected communications left untouched
2026-09-23 16:22:28,081 INFO run.814374.128647587468624.baseline.rerouting: step 39 block 0: 3 communications, 11 QUBO variables, 0 pairwise capacity conflicts; classical=classical_exhaustive E=2.0231; qaoa=not run; executed=classical_exhaustive E=2.0231 (keep-current E=3.2274); routes changed=2
2026-09-23 16:22:28,081 INFO run.814374.128647587468624.baseline.rerouting: step 39 block 1: 3 communications, 10 QUBO variables, 0 pairwise capacity conflicts; classical=classical_exhaustive E=1.4007; qaoa=not run; executed=classical_exhaustive E=1.4007 (keep-current E=2.1768); routes changed=1
2026-09-23 16:22:28,081 INFO run.814374.128647587468624.baseline.rerouting: step 39 rerouted s0039-w006-g010-q12_17 (q12 QPU1 -> q17 QPU3): 1-4-5-3 -> 1-2-0-3, cost 276.24 -> 109.59
2026-09-23 16:22:28,081 INFO run.814374.128647587468624.baseline.rerouting: step 39 rerouted s0039-w006-g012-q15_21 (q15 QPU3 -> q21 QPU1): 3-5-4-1 -> 3-5-7-6-1, cost 276.24 -> 114.70
2026-09-23 16:22:28,081 INFO run.814374.128647587468624.baseline.rerouting: step 39 rerouted s0039-w006-g015-q26_27 (q26 QPU4 -> q27 QPU7): 4-6-7 -> 4-5-7, cost 192.99 -> 129.87
2026-09-23 16:22:28,081 INFO run.814374.128647587468624.baseline.rerouting: step 39 link 1-4 utilization 0.78 -> 0.56 after selective rerouting
2026-09-23 16:22:28,081 INFO run.814374.128647587468624.baseline.rerouting: step 39 link 4-5 utilization 0.70 -> 0.60 after selective rerouting
2026-09-23 16:22:28,081 INFO run.814374.128647587468624.baseline.rerouting: step 39 link 4-6 utilization 1.00 -> 0.83 after selective rerouting
2026-09-23 16:22:28,092 INFO run.814374.128647587468624.baseline.repartition: step 39 repartition trigger reason=congestion (congestion) links=4-5 affected_qubits=[26, 27]
2026-09-23 16:22:28,092 INFO run.814374.128647587468624.baseline.repartition: step 39 evaluated 1 selective candidates; objective 11492.42 -> 11492.42 (communication 11492.42 -> 11492.42, deferred load 0.0 -> 0.0, migration 0.00)
2026-09-23 16:22:28,092 INFO run.814374.128647587468624.baseline.repartition: step 39 repartition rejected: no_improving_selective_move
2026-09-23 16:22:28,095 INFO run.814374.128647587468624.baseline: step 40 congestion on links 6-7 (utilization 6-7:1.00); affected=3 unaffected=11 in_flight_on_congested=1
2026-09-23 16:22:28,096 INFO run.814374.128647587468624.baseline.rerouting: step 40 selective rerouting: 3 affected communications on congested links 6-7; 11 unaffected communications left untouched
2026-09-23 16:22:28,096 INFO run.814374.128647587468624.baseline.rerouting: step 40 block 0: 3 communications, 12 QUBO variables, 0 pairwise capacity conflicts; classical=classical_exhaustive E=2.4373; qaoa=not run; executed=classical_exhaustive E=2.4373 (keep-current E=8.1411); routes changed=2
2026-09-23 16:22:28,096 INFO run.814374.128647587468624.baseline.rerouting: step 40 rerouted s0040-w007-g005-q5_21 (q5 QPU7 -> q21 QPU1): 7-6-1 -> 7-5-4-1, cost 181.76 -> 104.12
2026-09-23 16:22:28,096 INFO run.814374.128647587468624.baseline.rerouting: step 40 rerouted s0040-w007-g006-q6_18 (q6 QPU6 -> q18 QPU3): 6-7-5-3 -> 6-4-5-3, cost 213.92 -> 101.54
2026-09-23 16:22:28,096 INFO run.814374.128647587468624.baseline.rerouting: step 40 link 6-7 utilization 1.00 -> 0.50 after selective rerouting
2026-09-23 16:22:28,098 INFO run.814374.128647587468624.baseline: step 41 congestion on links 1-2|6-7 (utilization 1-2:0.62, 6-7:0.75); affected=4 unaffected=4 in_flight_on_congested=4
2026-09-23 16:22:28,099 INFO run.814374.128647587468624.baseline.rerouting: step 41 selective rerouting: 4 affected communications on congested links 1-2|6-7; 4 unaffected communications left untouched
2026-09-23 16:22:28,099 INFO run.814374.128647587468624.baseline.rerouting: step 41 block 0: 3 communications, 10 QUBO variables, 0 pairwise capacity conflicts; classical=classical_exhaustive E=1.1887; qaoa=not run; executed=classical_exhaustive E=1.1887 (keep-current E=3.1936); routes changed=2
2026-09-23 16:22:28,099 INFO run.814374.128647587468624.baseline.rerouting: step 41 block 1: 1 communications, 4 QUBO variables, 0 pairwise capacity conflicts; classical=classical_exhaustive E=0.4778; qaoa=not run; executed=classical_exhaustive E=0.4778 (keep-current E=0.4778); routes changed=0
2026-09-23 16:22:28,099 INFO run.814374.128647587468624.baseline.rerouting: step 41 rerouted s0041-w008-g000-q0_21 (q0 QPU0 -> q21 QPU1): 0-2-1 -> 0-5-4-1, cost 139.75 -> 96.62
2026-09-23 16:22:28,099 INFO run.814374.128647587468624.baseline.rerouting: step 41 rerouted s0041-w008-g003-q3_4 (q3 QPU5 -> q4 QPU6): 5-7-6 -> 5-4-6, cost 142.04 -> 69.02
2026-09-23 16:22:28,099 INFO run.814374.128647587468624.baseline.rerouting: step 41 link 1-2 utilization 0.62 -> 0.50 after selective rerouting
2026-09-23 16:22:28,099 INFO run.814374.128647587468624.baseline.rerouting: step 41 link 6-7 utilization 0.75 -> 0.50 after selective rerouting
2026-09-23 16:22:28,101 INFO run.814374.128647587468624.baseline: step 42 congestion on links 1-6 (utilization 1-6:0.67); affected=4 unaffected=11 in_flight_on_congested=0
2026-09-23 16:22:28,102 INFO run.814374.128647587468624.baseline.rerouting: step 42 selective rerouting: 4 affected communications on congested links 1-6; 11 unaffected communications left untouched
2026-09-23 16:22:28,102 INFO run.814374.128647587468624.baseline.rerouting: step 42 block 0: 3 communications, 10 QUBO variables, 0 pairwise capacity conflicts; classical=classical_exhaustive E=1.3143; qaoa=not run; executed=classical_exhaustive E=1.3143 (keep-current E=1.3471); routes changed=1
2026-09-23 16:22:28,102 INFO run.814374.128647587468624.baseline.rerouting: step 42 block 1: 1 communications, 4 QUBO variables, 0 pairwise capacity conflicts; classical=classical_exhaustive E=0.3101; qaoa=not run; executed=classical_exhaustive E=0.3101 (keep-current E=0.5423); routes changed=1
2026-09-23 16:22:28,102 INFO run.814374.128647587468624.baseline.rerouting: step 42 rerouted s0042-w009-g002-q2_4 (q2 QPU2 -> q4 QPU6): 2-1-6 -> 2-7-6, cost 135.59 -> 63.61
2026-09-23 16:22:28,102 INFO run.814374.128647587468624.baseline.rerouting: step 42 rerouted s0042-w009-g008-q12_29 (q12 QPU1 -> q29 QPU7): 1-6-7 -> 1-2-7, cost 120.76 -> 77.08
2026-09-23 16:22:28,102 INFO run.814374.128647587468624.baseline.rerouting: step 42 link 1-6 utilization 0.67 -> 0.33 after selective rerouting
2026-09-23 16:22:28,104 INFO run.814374.128647587468624.baseline: step 43 congestion on links 6-7 (utilization 6-7:0.75); affected=2 unaffected=9 in_flight_on_congested=1
2026-09-23 16:22:28,104 INFO run.814374.128647587468624.baseline.rerouting: step 43 selective rerouting: 2 affected communications on congested links 6-7; 9 unaffected communications left untouched
2026-09-23 16:22:28,104 INFO run.814374.128647587468624.baseline.rerouting: step 43 block 0: 2 communications, 8 QUBO variables, 0 pairwise capacity conflicts; classical=classical_exhaustive E=0.8556; qaoa=not run; executed=classical_exhaustive E=0.8556 (keep-current E=2.3775); routes changed=1
2026-09-23 16:22:28,104 INFO run.814374.128647587468624.baseline.rerouting: step 43 rerouted s0043-w010-g004-q4_19 (q4 QPU6 -> q19 QPU2): 6-7-2 -> 6-4-1-2, cost 146.81 -> 104.94
2026-09-23 16:22:28,104 INFO run.814374.128647587468624.baseline.rerouting: step 43 link 6-7 utilization 0.75 -> 0.50 after selective rerouting
2026-09-23 16:22:28,109 INFO run.814374.128647587468624.baseline: step 45 congestion on links 6-7 (utilization 6-7:1.00); affected=4 unaffected=8 in_flight_on_congested=0
2026-09-23 16:22:28,109 INFO run.814374.128647587468624.baseline.rerouting: step 45 selective rerouting: 4 affected communications on congested links 6-7; 8 unaffected communications left untouched
2026-09-23 16:22:28,109 INFO run.814374.128647587468624.baseline.rerouting: step 45 block 0: 3 communications, 12 QUBO variables, 0 pairwise capacity conflicts; classical=classical_exhaustive E=1.5164; qaoa=not run; executed=classical_exhaustive E=1.5164 (keep-current E=8.5801); routes changed=2
2026-09-23 16:22:28,110 INFO run.814374.128647587468624.baseline.rerouting: step 45 block 1: 1 communications, 3 QUBO variables, 0 pairwise capacity conflicts; classical=classical_exhaustive E=0.1282; qaoa=not run; executed=classical_exhaustive E=0.1282 (keep-current E=0.1282); routes changed=0
2026-09-23 16:22:28,110 INFO run.814374.128647587468624.baseline.rerouting: step 45 rerouted s0045-w012-g003-q3_28 (q3 QPU5 -> q28 QPU6): 5-7-6 -> 5-4-6, cost 179.67 -> 66.79
2026-09-23 16:22:28,110 INFO run.814374.128647587468624.baseline.rerouting: step 45 rerouted s0045-w012-g009-q12_31 (q12 QPU1 -> q31 QPU7): 1-6-7 -> 1-2-7, cost 177.91 -> 73.76
2026-09-23 16:22:28,110 INFO run.814374.128647587468624.baseline.rerouting: step 45 link 6-7 utilization 1.00 -> 0.50 after selective rerouting
2026-09-23 16:22:28,113 INFO run.814374.128647587468624.baseline: step 46 congestion on links 0-2|0-5|6-7 (utilization 0-2:0.60, 0-5:0.86, 6-7:0.60); affected=7 unaffected=6 in_flight_on_congested=4
2026-09-23 16:22:28,114 INFO run.814374.128647587468624.baseline.rerouting: step 46 selective rerouting: 7 affected communications on congested links 0-2|0-5|6-7; 6 unaffected communications left untouched
2026-09-23 16:22:28,114 INFO run.814374.128647587468624.baseline.rerouting: step 46 block 0: 3 communications, 10 QUBO variables, 0 pairwise capacity conflicts; classical=classical_exhaustive E=1.0412; qaoa=not run; executed=classical_exhaustive E=1.0412 (keep-current E=2.3674); routes changed=2
2026-09-23 16:22:28,114 INFO run.814374.128647587468624.baseline.rerouting: step 46 block 1: 3 communications, 10 QUBO variables, 0 pairwise capacity conflicts; classical=classical_exhaustive E=1.2959; qaoa=not run; executed=classical_exhaustive E=1.2959 (keep-current E=2.2860); routes changed=1
2026-09-23 16:22:28,114 INFO run.814374.128647587468624.baseline.rerouting: step 46 block 2: 1 communications, 3 QUBO variables, 0 pairwise capacity conflicts; classical=classical_exhaustive E=0.1043; qaoa=not run; executed=classical_exhaustive E=0.1043 (keep-current E=0.1043); routes changed=0
2026-09-23 16:22:28,114 INFO run.814374.128647587468624.baseline.rerouting: step 46 rerouted s0046-w013-g002-q2_23 (q2 QPU2 -> q23 QPU5): 2-0-5 -> 2-7-5, cost 233.88 -> 64.03
2026-09-23 16:22:28,114 INFO run.814374.128647587468624.baseline.rerouting: step 46 rerouted s0046-w013-g011-q13_20 (q13 QPU5 -> q20 QPU2): 5-0-2 -> 5-4-1-2, cost 233.88 -> 175.08
2026-09-23 16:22:28,114 INFO run.814374.128647587468624.baseline.rerouting: step 46 rerouted s0046-w013-g015-q28_30 (q28 QPU6 -> q30 QPU0): 6-7-5-0 -> 6-1-2-0, cost 240.57 -> 170.08
2026-09-23 16:22:28,114 INFO run.814374.128647587468624.baseline.rerouting: step 46 link 0-2 utilization 0.60 -> 0.50 after selective rerouting
2026-09-23 16:22:28,114 INFO run.814374.128647587468624.baseline.rerouting: step 46 link 0-5 utilization 0.86 -> 0.43 after selective rerouting
2026-09-23 16:22:28,114 INFO run.814374.128647587468624.baseline.rerouting: step 46 link 6-7 utilization 0.60 -> 0.40 after selective rerouting
2026-09-23 16:22:28,117 INFO run.814374.128647587468624.baseline: step 47 congestion on links 6-7 (utilization 6-7:0.80); affected=4 unaffected=11 in_flight_on_congested=0
2026-09-23 16:22:28,118 INFO run.814374.128647587468624.baseline.rerouting: step 47 selective rerouting: 4 affected communications on congested links 6-7; 11 unaffected communications left untouched
2026-09-23 16:22:28,118 INFO run.814374.128647587468624.baseline.rerouting: step 47 block 0: 3 communications, 11 QUBO variables, 0 pairwise capacity conflicts; classical=classical_exhaustive E=2.0703; qaoa=not run; executed=classical_exhaustive E=2.0703 (keep-current E=4.8932); routes changed=2
2026-09-23 16:22:28,118 INFO run.814374.128647587468624.baseline.rerouting: step 47 block 1: 1 communications, 3 QUBO variables, 0 pairwise capacity conflicts; classical=classical_exhaustive E=0.1044; qaoa=not run; executed=classical_exhaustive E=0.1044 (keep-current E=0.1044); routes changed=0
2026-09-23 16:22:28,118 INFO run.814374.128647587468624.baseline.rerouting: step 47 rerouted s0047-w014-g006-q6_15 (q6 QPU6 -> q15 QPU3): 6-7-5-3 -> 6-1-2-0-3, cost 186.06 -> 198.84
2026-09-23 16:22:28,118 INFO run.814374.128647587468624.baseline.rerouting: step 47 rerouted s0047-w014-g014-q24_29 (q24 QPU6 -> q29 QPU7): 6-7 -> 6-4-5-7, cost 119.08 -> 100.88
2026-09-23 16:22:28,118 INFO run.814374.128647587468624.baseline.rerouting: step 47 link 6-7 utilization 0.80 -> 0.40 after selective rerouting
2026-09-23 16:22:28,142 INFO run.814374.128647587468624.baseline.repartition: step 47 repartition trigger reason=congestion (congestion) links=1-2 affected_qubits=[6, 7, 15, 20]
2026-09-23 16:22:28,142 INFO run.814374.128647587468624.baseline.repartition: step 47 evaluated 6 selective candidates; objective 12620.30 -> 12620.30 (communication 12620.30 -> 12620.30, deferred load 0.0 -> 0.0, migration 0.00)
2026-09-23 16:22:28,142 INFO run.814374.128647587468624.baseline.repartition: step 47 repartition rejected: no_improving_selective_move
2026-09-23 16:22:28,144 INFO run.814374.128647587468624.baseline: step 48 congestion on links 4-5 (utilization 4-5:0.64); affected=2 unaffected=7 in_flight_on_congested=5
2026-09-23 16:22:28,144 INFO run.814374.128647587468624.baseline.rerouting: step 48 selective rerouting: 2 affected communications on congested links 4-5; 7 unaffected communications left untouched
2026-09-23 16:22:28,144 INFO run.814374.128647587468624.baseline.rerouting: step 48 block 0: 2 communications, 8 QUBO variables, 0 pairwise capacity conflicts; classical=classical_exhaustive E=0.7655; qaoa=not run; executed=classical_exhaustive E=0.7655 (keep-current E=3.0222); routes changed=1
2026-09-23 16:22:28,144 INFO run.814374.128647587468624.baseline.rerouting: step 48 rerouted s0048-w015-g010-q12_23 (q12 QPU1 -> q23 QPU5): 1-4-5 -> 1-2-0-5, cost 141.27 -> 85.86
2026-09-23 16:22:28,144 INFO run.814374.128647587468624.baseline.rerouting: step 48 link 4-5 utilization 0.64 -> 0.55 after selective rerouting
