2026-09-23 16:20:49,382 INFO run.814373.135599821542736.repartition: step 3 repartition trigger reason=congestion (congestion) links=0-4|2-5 affected_qubits=[2, 3, 4, 5, 6, 15, 17, 22]
2026-09-23 16:20:49,382 INFO run.814373.135599821542736.repartition: step 3 evaluated 46 selective candidates; objective 17387.79 -> 17135.16 (communication 13787.79 -> 13499.03, deferred load 18.0 -> 18.0, migration 36.13)
2026-09-23 16:20:49,382 INFO run.814373.135599821542736.repartition: step 3 repartition rejected: improvement_below_margin
2026-09-23 16:20:49,996 INFO run.814373.135599821542736.repartition: step 4 repartition trigger reason=combined (congestion+resource) links=0-4|1-3|2-5 affected_qubits=[2, 3, 4, 5, 8, 9, 10, 11, 12, 13, 14, 17, 18, 22]
2026-09-23 16:20:49,996 INFO run.814373.135599821542736.repartition: step 4 evaluated 152 selective candidates; objective 15752.81 -> 15680.68 (communication 6152.81 -> 6014.58, deferred load 48.0 -> 48.0, migration 66.09)
2026-09-23 16:20:49,996 INFO run.814373.135599821542736.repartition: step 4 repartition rejected: improvement_below_margin
2026-09-23 16:20:51,305 INFO run.814373.135599821542736.repartition: step 5 repartition trigger reason=combined (congestion+resource) links=0-4|1-3 affected_qubits=[1, 2, 3, 4, 5, 6, 7, 8, 9, 10, 11, 12, 14, 15, 16, 17, 18, 19, 22, 23]
2026-09-23 16:20:51,305 INFO run.814373.135599821542736.repartition: step 5 evaluated 326 selective candidates; objective 19569.82 -> 18610.85 (communication 14169.82 -> 13601.37, deferred load 27.0 -> 24.0, migration 209.48)
2026-09-23 16:20:51,305 INFO run.814373.135599821542736.repartition: step 5 repartition rejected: improvement_below_margin
2026-09-23 16:20:52,115 INFO run.814373.135599821542736.repartition: step 6 repartition trigger reason=combined (congestion+resource) links=0-4|1-3|2-5 affected_qubits=[0, 1, 2, 3, 4, 5, 8, 10, 11, 12, 13, 14, 16, 17, 18, 21]
2026-09-23 16:20:52,115 INFO run.814373.135599821542736.repartition: step 6 evaluated 200 selective candidates; objective 17194.42 -> 16205.06 (communication 9394.42 -> 9223.26, deferred load 39.0 -> 34.0, migration 181.80)
2026-09-23 16:20:52,115 INFO run.814373.135599821542736.repartition: step 6 accepted swap of qubits [3, 21]: QPU [4, 0] -> QPU [0, 4]
2026-09-23 16:20:52,115 INFO run.814373.135599821542736.repartition: step 6 accepted swap of qubits [13, 17]: QPU [0, 5] -> QPU [5, 0]
2026-09-23 16:20:52,115 INFO run.814373.135599821542736.repartition: step 6 link 0-4 projected peak utilization 0.75 -> 1.00
2026-09-23 16:20:52,115 INFO run.814373.135599821542736.repartition: step 6 link 1-3 projected peak utilization 1.00 -> 0.83
2026-09-23 16:20:52,115 INFO run.814373.135599821542736.repartition: step 6 link 2-5 projected peak utilization 1.00 -> 1.00
2026-09-23 16:20:52,115 INFO run.814373.135599821542736.repartition: step 6 moved qubits [3, 13, 17, 21]; new partition {0: [0, 3, 11, 17], 1: [1, 7, 9, 12], 2: [6, 15, 20, 23], 3: [14, 16, 19, 22], 4: [2, 8, 18, 21], 5: [4, 5, 10, 13]}
2026-09-23 16:20:53,329 INFO run.814373.135599821542736.repartition: step 7 trigger 'congestion+resource' suppressed by cooldown (last repartition at step 6)
2026-09-23 16:20:53,429 INFO run.814373.135599821542736.repartition: step 8 trigger 'congestion+resource' suppressed by cooldown (last repartition at step 6)
2026-09-23 16:20:54,277 INFO run.814373.135599821542736.repartition: step 9 repartition trigger reason=combined (congestion+resource) links=2-5 affected_qubits=[0, 1, 4, 5, 7, 9, 10, 11, 12, 13, 14, 16, 21]
2026-09-23 16:20:54,277 INFO run.814373.135599821542736.repartition: step 9 evaluated 128 selective candidates; objective 17034.21 -> 15672.32 (communication 12834.21 -> 11658.77, deferred load 21.0 -> 19.0, migration 213.55)
2026-09-23 16:20:54,277 INFO run.814373.135599821542736.repartition: step 9 accepted swap of qubits [0, 10]: QPU [0, 5] -> QPU [5, 0]
2026-09-23 16:20:54,277 INFO run.814373.135599821542736.repartition: step 9 accepted swap of qubits [11, 12]: QPU [0, 1] -> QPU [1, 0]
2026-09-23 16:20:54,277 INFO run.814373.135599821542736.repartition: step 9 link 2-5 projected peak utilization 1.00 -> 1.00
2026-09-23 16:20:54,277 INFO run.814373.135599821542736.repartition: step 9 moved qubits [0, 10, 11, 12]; new partition {0: [3, 10, 12, 17], 1: [1, 7, 9, 11], 2: [6, 15, 20, 23], 3: [14, 16, 19, 22], 4: [2, 8, 18, 21], 5: [0, 4, 5, 13]}
2026-09-23 16:20:55,466 INFO run.814373.135599821542736.repartition: step 10 trigger 'congestion+resource' suppressed by cooldown (last repartition at step 9)
2026-09-23 16:20:56,319 INFO run.814373.135599821542736.repartition: step 11 trigger 'congestion+resource' suppressed by cooldown (last repartition at step 9)
2026-09-23 16:20:57,387 INFO run.814373.135599821542736.repartition: step 12 repartition trigger reason=combined (congestion+resource) links=0-4|1-3|2-5 affected_qubits=[0, 6, 7, 8, 9, 11, 12, 13, 15, 17, 20, 21, 22, 23]
2026-09-23 16:20:57,388 INFO run.814373.135599821542736.repartition: step 12 evaluated 158 selective candidates; objective 19776.76 -> 18737.26 (communication 16376.76 -> 15216.08, deferred load 17.0 -> 17.0, migration 121.17)
2026-09-23 16:20:57,388 INFO run.814373.135599821542736.repartition: step 12 accepted swap of qubits [11, 23]: QPU [1, 2] -> QPU [2, 1]
2026-09-23 16:20:57,388 INFO run.814373.135599821542736.repartition: step 12 accepted swap of qubits [0, 11]: QPU [5, 2] -> QPU [2, 5]
2026-09-23 16:20:57,388 INFO run.814373.135599821542736.repartition: step 12 link 0-4 projected peak utilization 1.00 -> 1.00
2026-09-23 16:20:57,388 INFO run.814373.135599821542736.repartition: step 12 link 1-3 projected peak utilization 0.86 -> 1.00
2026-09-23 16:20:57,388 INFO run.814373.135599821542736.repartition: step 12 link 2-5 projected peak utilization 1.00 -> 1.00
2026-09-23 16:20:57,388 INFO run.814373.135599821542736.repartition: step 12 moved qubits [0, 11, 23]; new partition {0: [3, 10, 12, 17], 1: [1, 7, 9, 23], 2: [0, 6, 15, 20], 3: [14, 16, 19, 22], 4: [2, 8, 18, 21], 5: [4, 5, 11, 13]}
2026-09-23 16:20:58,365 INFO run.814373.135599821542736.repartition: step 13 trigger 'congestion+resource' suppressed by cooldown (last repartition at step 12)
2026-09-23 16:20:59,688 INFO run.814373.135599821542736.repartition: step 14 trigger 'congestion+resource' suppressed by cooldown (last repartition at step 12)
2026-09-23 16:21:00,682 INFO run.814373.135599821542736.repartition: step 15 repartition trigger reason=combined (congestion+resource) links=0-4|2-5 affected_qubits=[0, 3, 4, 5, 11, 12, 13, 17, 18, 21, 23]
2026-09-23 16:21:00,682 INFO run.814373.135599821542736.repartition: step 15 evaluated 90 selective candidates; objective 22487.99 -> 22315.06 (communication 18287.99 -> 18065.80, deferred load 21.0 -> 21.0, migration 49.26)
2026-09-23 16:21:00,682 INFO run.814373.135599821542736.repartition: step 15 repartition rejected: improvement_below_margin
2026-09-23 16:21:01,976 INFO run.814373.135599821542736.repartition: step 16 repartition trigger reason=combined (congestion+resource) links=0-2|0-3|0-4|1-3|2-5 affected_qubits=[0, 2, 3, 4, 5, 6, 9, 11, 12, 13, 14, 17, 20, 21, 23]
2026-09-23 16:21:01,976 INFO run.814373.135599821542736.repartition: step 16 evaluated 182 selective candidates; objective 15173.52 -> 14680.01 (communication 10973.52 -> 10919.14, deferred load 21.0 -> 18.0, migration 160.88)
2026-09-23 16:21:01,976 INFO run.814373.135599821542736.repartition: step 16 repartition rejected: improvement_below_margin
2026-09-23 16:21:02,911 INFO run.814373.135599821542736.repartition: step 17 repartition trigger reason=combined (congestion+resource) links=0-4|2-5 affected_qubits=[0, 1, 2, 3, 4, 5, 6, 10, 11, 12, 13, 14, 17, 23]
2026-09-23 16:21:02,911 INFO run.814373.135599821542736.repartition: step 17 evaluated 154 selective candidates; objective 13905.42 -> 13155.83 (communication 9305.42 -> 9989.57, deferred load 23.0 -> 15.0, migration 166.27)
2026-09-23 16:21:02,911 INFO run.814373.135599821542736.repartition: step 17 accepted swap of qubits [10, 11]: QPU [0, 5] -> QPU [5, 0]
2026-09-23 16:21:02,911 INFO run.814373.135599821542736.repartition: step 17 accepted swap of qubits [0, 17]: QPU [2, 0] -> QPU [0, 2]
2026-09-23 16:21:02,911 INFO run.814373.135599821542736.repartition: step 17 link 0-4 projected peak utilization 0.80 -> 0.80
2026-09-23 16:21:02,911 INFO run.814373.135599821542736.repartition: step 17 link 2-5 projected peak utilization 1.00 -> 1.00
2026-09-23 16:21:02,911 INFO run.814373.135599821542736.repartition: step 17 moved qubits [0, 10, 11, 17]; new partition {0: [0, 3, 11, 12], 1: [1, 7, 9, 23], 2: [6, 15, 17, 20], 3: [14, 16, 19, 22], 4: [2, 8, 18, 21], 5: [4, 5, 10, 13]}
2026-09-23 16:21:03,264 INFO run.814373.135599821542736.repartition: step 18 trigger 'congestion+resource' suppressed by cooldown (last repartition at step 17)
2026-09-23 16:21:03,395 INFO run.814373.135599821542736.repartition: step 19 trigger 'congestion+resource' suppressed by cooldown (last repartition at step 17)
2026-09-23 16:21:04,417 INFO run.814373.135599821542736.repartition: step 20 repartition trigger reason=combined (congestion+resource) links=2-5 affected_qubits=[2, 3, 4, 5, 8, 9, 10, 11, 12, 13, 18, 22]
2026-09-23 16:21:04,417 INFO run.814373.135599821542736.repartition: step 20 evaluated 108 selective candidates; objective 17498.23 -> 17190.67 (communication 13298.23 -> 13080.18, deferred load 21.0 -> 20.0, migration 110.48)
2026-09-23 16:21:04,417 INFO run.814373.135599821542736.repartition: step 20 repartition rejected: improvement_below_margin
2026-09-23 16:21:05,502 INFO run.814373.135599821542736.repartition: step 21 repartition trigger reason=combined (congestion+resource) links=0-4|1-3|2-5 affected_qubits=[0, 1, 2, 3, 4, 5, 6, 7, 8, 9, 10, 11, 12, 13, 14, 15, 16, 17, 18, 19, 20, 21, 22, 23]
2026-09-23 16:21:05,503 INFO run.814373.135599821542736.repartition: step 21 evaluated 480 selective candidates; objective 21243.46 -> 20087.22 (communication 17243.46 -> 16129.07, deferred load 20.0 -> 19.0, migration 158.15)
2026-09-23 16:21:05,503 INFO run.814373.135599821542736.repartition: step 21 accepted swap of qubits [0, 10]: QPU [0, 5] -> QPU [5, 0]
2026-09-23 16:21:05,503 INFO run.814373.135599821542736.repartition: step 21 accepted swap of qubits [21, 23]: QPU [4, 1] -> QPU [1, 4]
2026-09-23 16:21:05,503 INFO run.814373.135599821542736.repartition: step 21 link 0-4 projected peak utilization 1.00 -> 1.00
2026-09-23 16:21:05,503 INFO run.814373.135599821542736.repartition: step 21 link 1-3 projected peak utilization 1.00 -> 1.00
2026-09-23 16:21:05,503 INFO run.814373.135599821542736.repartition: step 21 link 2-5 projected peak utilization 1.00 -> 1.00
2026-09-23 16:21:05,503 INFO run.814373.135599821542736.repartition: step 21 moved qubits [0, 10, 21, 23]; new partition {0: [3, 10, 11, 12], 1: [1, 7, 9, 21], 2: [6, 15, 17, 20], 3: [14, 16, 19, 22], 4: [2, 8, 18, 23], 5: [0, 4, 5, 13]}
2026-09-23 16:21:06,688 INFO run.814373.135599821542736.repartition: step 22 trigger 'congestion+resource' suppressed by cooldown (last repartition at step 21)
2026-09-23 16:21:07,143 INFO run.814373.135599821542736.repartition: step 23 trigger 'congestion+resource' suppressed by cooldown (last repartition at step 21)
2026-09-23 16:21:07,828 INFO run.814373.135599821542736.repartition: step 24 repartition trigger reason=combined (congestion+resource) links=1-3|1-4|2-5 affected_qubits=[0, 1, 3, 4, 5, 6, 7, 8, 9, 10, 11, 12, 13, 14, 15, 21, 23]
2026-09-23 16:21:07,828 INFO run.814373.135599821542736.repartition: step 24 evaluated 232 selective candidates; objective 18766.02 -> 17690.95 (communication 15566.02 -> 15100.85, deferred load 16.0 -> 12.0, migration 190.10)
2026-09-23 16:21:07,828 INFO run.814373.135599821542736.repartition: step 24 accepted swap of qubits [1, 6]: QPU [1, 2] -> QPU [2, 1]
2026-09-23 16:21:07,828 INFO run.814373.135599821542736.repartition: step 24 accepted swap of qubits [0, 11]: QPU [5, 0] -> QPU [0, 5]
2026-09-23 16:21:07,828 INFO run.814373.135599821542736.repartition: step 24 link 1-3 projected peak utilization 1.00 -> 1.00
2026-09-23 16:21:07,828 INFO run.814373.135599821542736.repartition: step 24 link 1-4 projected peak utilization 0.78 -> 0.78
2026-09-23 16:21:07,828 INFO run.814373.135599821542736.repartition: step 24 link 2-5 projected peak utilization 1.00 -> 1.00
2026-09-23 16:21:07,828 INFO run.814373.135599821542736.repartition: step 24 moved qubits [0, 1, 6, 11]; new partition {0: [0, 3, 10, 12], 1: [6, 7, 9, 21], 2: [1, 15, 17, 20], 3: [14, 16, 19, 22], 4: [2, 8, 18, 23], 5: [4, 5, 11, 13]}
2026-09-23 16:21:08,687 INFO run.814373.135599821542736.repartition: step 25 trigger 'congestion+resource' suppressed by cooldown (last repartition at step 24)
2026-09-23 16:21:09,638 INFO run.814373.135599821542736.repartition: step 26 trigger 'congestion+resource' suppressed by cooldown (last repartition at step 24)
2026-09-23 16:21:09,887 INFO run.814373.135599821542736.repartition: step 27 repartition trigger reason=combined (congestion+resource) links=2-5 affected_qubits=[0, 5, 11, 13, 17, 20, 22]
2026-09-23 16:21:09,888 INFO run.814373.135599821542736.repartition: step 27 evaluated 34 selective candidates; objective 11594.47 -> 11377.71 (communication 9994.47 -> 9898.77, deferred load 8.0 -> 7.0, migration 78.94)
2026-09-23 16:21:09,888 INFO run.814373.135599821542736.repartition: step 27 repartition rejected: improvement_below_margin
2026-09-23 16:21:10,787 INFO run.814373.135599821542736.repartition: step 28 repartition trigger reason=congestion (congestion) links=2-5 affected_qubits=[0, 1, 11, 13, 22]
2026-09-23 16:21:10,787 INFO run.814373.135599821542736.repartition: step 28 evaluated 9 selective candidates; objective 12839.09 -> 12839.09 (communication 11239.09 -> 11239.09, deferred load 8.0 -> 8.0, migration 0.00)
2026-09-23 16:21:10,787 INFO run.814373.135599821542736.repartition: step 28 repartition rejected: no_improving_selective_move
2026-09-23 16:21:11,657 INFO run.814373.135599821542736.repartition: step 29 repartition trigger reason=congestion (congestion) links=2-5 affected_qubits=[2, 4, 5, 9, 11, 18]
2026-09-23 16:21:11,657 INFO run.814373.135599821542736.repartition: step 29 evaluated 11 selective candidates; objective 14788.89 -> 14788.89 (communication 11388.89 -> 11388.89, deferred load 17.0 -> 17.0, migration 0.00)
2026-09-23 16:21:11,657 INFO run.814373.135599821542736.repartition: step 29 repartition rejected: no_improving_selective_move
2026-09-23 16:21:12,209 INFO run.814373.135599821542736.repartition: step 30 repartition trigger reason=combined (congestion+resource) links=0-4|2-5 affected_qubits=[0, 3, 4, 5, 8, 10, 11, 13, 20, 21, 23]
2026-09-23 16:21:12,210 INFO run.814373.135599821542736.repartition: step 30 evaluated 90 selective candidates; objective 16690.37 -> 16444.27 (communication 10090.37 -> 10326.24, deferred load 33.0 -> 30.0, migration 118.03)
2026-09-23 16:21:12,210 INFO run.814373.135599821542736.repartition: step 30 repartition rejected: improvement_below_margin
2026-09-23 16:21:12,905 INFO run.814373.135599821542736.repartition: step 31 repartition trigger reason=combined (congestion+resource) links=0-4|2-5 affected_qubits=[1, 3, 4, 5, 7, 11, 12, 13, 17, 21, 23]
2026-09-23 16:21:12,905 INFO run.814373.135599821542736.repartition: step 31 evaluated 92 selective candidates; objective 15436.00 -> 15256.15 (communication 13236.00 -> 13535.22, deferred load 11.0 -> 8.0, migration 120.93)
2026-09-23 16:21:12,905 INFO run.814373.135599821542736.repartition: step 31 repartition rejected: improvement_below_margin
2026-09-23 16:21:14,090 INFO run.814373.135599821542736.repartition: step 32 repartition trigger reason=combined (congestion+resource) links=0-4|1-3|1-4|2-5 affected_qubits=[0, 1, 2, 3, 4, 7, 8, 9, 11, 12, 13, 14, 17, 18, 20, 21, 23]
2026-09-23 16:21:14,090 INFO run.814373.135599821542736.repartition: step 32 evaluated 236 selective candidates; objective 20484.11 -> 19771.55 (communication 17084.11 -> 16272.02, deferred load 17.0 -> 17.0, migration 99.53)
2026-09-23 16:21:14,090 INFO run.814373.135599821542736.repartition: step 32 repartition rejected: improvement_below_margin
2026-09-23 16:21:14,575 INFO run.814373.135599821542736.repartition: step 33 repartition trigger reason=combined (congestion+resource) links=1-3|1-4|2-5 affected_qubits=[0, 1, 2, 3, 4, 5, 6, 10, 11, 12, 13, 14, 21, 23]
2026-09-23 16:21:14,575 INFO run.814373.135599821542736.repartition: step 33 evaluated 154 selective candidates; objective 19735.45 -> 19314.23 (communication 12735.45 -> 11985.41, deferred load 35.0 -> 36.0, migration 128.82)
2026-09-23 16:21:14,576 INFO run.814373.135599821542736.repartition: step 33 repartition rejected: improvement_below_margin
2026-09-23 16:21:15,183 INFO run.814373.135599821542736.repartition: step 34 repartition trigger reason=combined (congestion+resource) links=0-4|1-3|2-5 affected_qubits=[1, 4, 5, 6, 8, 10, 11, 12, 13, 14, 18, 20, 21, 22, 23]
2026-09-23 16:21:15,183 INFO run.814373.135599821542736.repartition: step 34 evaluated 184 selective candidates; objective 13973.56 -> 12981.78 (communication 12573.56 -> 12273.65, deferred load 7.0 -> 3.0, migration 108.13)
2026-09-23 16:21:15,183 INFO run.814373.135599821542736.repartition: step 34 accepted swap of qubits [10, 11]: QPU [0, 5] -> QPU [5, 0]
2026-09-23 16:21:15,183 INFO run.814373.135599821542736.repartition: step 34 link 0-4 projected peak utilization 0.67 -> 0.67
2026-09-23 16:21:15,183 INFO run.814373.135599821542736.repartition: step 34 link 1-3 projected peak utilization 1.00 -> 1.00
2026-09-23 16:21:15,183 INFO run.814373.135599821542736.repartition: step 34 link 2-5 projected peak utilization 1.00 -> 1.00
2026-09-23 16:21:15,183 INFO run.814373.135599821542736.repartition: step 34 moved qubits [10, 11]; new partition {0: [0, 3, 11, 12], 1: [6, 7, 9, 21], 2: [1, 15, 17, 20], 3: [14, 16, 19, 22], 4: [2, 8, 18, 23], 5: [4, 5, 10, 13]}
2026-09-23 16:21:15,998 INFO run.814373.135599821542736.repartition: step 35 trigger 'congestion+resource' suppressed by cooldown (last repartition at step 34)
2026-09-23 16:21:16,388 INFO run.814373.135599821542736.repartition: step 36 trigger 'congestion+resource' suppressed by cooldown (last repartition at step 34)
2026-09-23 16:21:17,083 INFO run.814373.135599821542736.repartition: step 37 repartition trigger reason=combined (congestion+resource) links=1-3|2-5 affected_qubits=[0, 2, 3, 4, 5, 7, 8, 9, 10, 11, 12, 13, 14, 15, 16, 18, 19, 20, 21, 22, 23]
2026-09-23 16:21:17,083 INFO run.814373.135599821542736.repartition: step 37 evaluated 364 selective candidates; objective 22309.26 -> 21098.13 (communication 12709.26 -> 12705.70, deferred load 48.0 -> 41.0, migration 192.43)
2026-09-23 16:21:17,083 INFO run.814373.135599821542736.repartition: step 37 accepted swap of qubits [0, 10]: QPU [0, 5] -> QPU [5, 0]
2026-09-23 16:21:17,083 INFO run.814373.135599821542736.repartition: step 37 accepted swap of qubits [9, 20]: QPU [1, 2] -> QPU [2, 1]
2026-09-23 16:21:17,083 INFO run.814373.135599821542736.repartition: step 37 link 1-3 projected peak utilization 1.00 -> 1.00
2026-09-23 16:21:17,083 INFO run.814373.135599821542736.repartition: step 37 link 2-5 projected peak utilization 1.00 -> 1.00
2026-09-23 16:21:17,083 INFO run.814373.135599821542736.repartition: step 37 moved qubits [0, 9, 10, 20]; new partition {0: [3, 10, 11, 12], 1: [6, 7, 20, 21], 2: [1, 9, 15, 17], 3: [14, 16, 19, 22], 4: [2, 8, 18, 23], 5: [0, 4, 5, 13]}
2026-09-23 16:21:18,042 INFO run.814373.135599821542736.repartition: step 38 trigger 'congestion+resource' suppressed by cooldown (last repartition at step 37)
2026-09-23 16:21:19,013 INFO run.814373.135599821542736.repartition: step 39 trigger 'congestion+resource' suppressed by cooldown (last repartition at step 37)
2026-09-23 16:21:20,278 INFO run.814373.135599821542736.repartition: step 40 repartition trigger reason=combined (congestion+resource) links=2-5 affected_qubits=[0, 1, 3, 4, 5, 7, 8, 10, 11, 12, 13, 14, 15, 21]
2026-09-23 16:21:20,278 INFO run.814373.135599821542736.repartition: step 40 evaluated 154 selective candidates; objective 18474.76 -> 17679.31 (communication 10874.76 -> 10475.60, deferred load 38.0 -> 35.0, migration 203.70)
2026-09-23 16:21:20,278 INFO run.814373.135599821542736.repartition: step 40 repartition rejected: improvement_below_margin
2026-09-23 16:21:21,218 INFO run.814373.135599821542736.repartition: step 41 repartition trigger reason=combined (congestion+resource) links=2-5 affected_qubits=[0, 1, 3, 4, 5, 7, 8, 10, 11, 13, 14, 15, 21]
2026-09-23 16:21:21,218 INFO run.814373.135599821542736.repartition: step 41 evaluated 134 selective candidates; objective 15066.21 -> 14221.77 (communication 11866.21 -> 11641.62, deferred load 16.0 -> 12.0, migration 180.15)
2026-09-23 16:21:21,218 INFO run.814373.135599821542736.repartition: step 41 accepted swap of qubits [4, 11]: QPU [5, 0] -> QPU [0, 5]
2026-09-23 16:21:21,218 INFO run.814373.135599821542736.repartition: step 41 accepted swap of qubits [7, 15]: QPU [1, 2] -> QPU [2, 1]
2026-09-23 16:21:21,218 INFO run.814373.135599821542736.repartition: step 41 link 2-5 projected peak utilization 1.00 -> 1.00
2026-09-23 16:21:21,218 INFO run.814373.135599821542736.repartition: step 41 moved qubits [4, 7, 11, 15]; new partition {0: [3, 4, 10, 12], 1: [6, 15, 20, 21], 2: [1, 7, 9, 17], 3: [14, 16, 19, 22], 4: [2, 8, 18, 23], 5: [0, 5, 11, 13]}
2026-09-23 16:21:22,130 INFO run.814373.135599821542736.repartition: step 42 trigger 'congestion+resource' suppressed by cooldown (last repartition at step 41)
2026-09-23 16:21:22,776 INFO run.814373.135599821542736.repartition: step 43 trigger 'congestion+resource' suppressed by cooldown (last repartition at step 41)
2026-09-23 16:21:23,141 INFO run.814373.135599821542736.repartition: step 44 repartition trigger reason=combined (congestion+resource) links=2-5 affected_qubits=[0, 1, 3, 4, 5, 6, 11, 13, 17, 20, 22]
2026-09-23 16:21:23,141 INFO run.814373.135599821542736.repartition: step 44 evaluated 92 selective candidates; objective 15730.44 -> 14982.71 (communication 11330.44 -> 11072.45, deferred load 22.0 -> 19.0, migration 110.26)
2026-09-23 16:21:23,141 INFO run.814373.135599821542736.repartition: step 44 repartition rejected: improvement_below_margin
2026-09-23 16:21:24,541 INFO run.814373.135599821542736.repartition: step 45 repartition trigger reason=combined (congestion+resource) links=2-5 affected_qubits=[0, 1, 2, 4, 5, 6, 9, 10, 11, 13, 17, 20, 22]
2026-09-23 16:21:24,541 INFO run.814373.135599821542736.repartition: step 45 evaluated 134 selective candidates; objective 21768.56 -> 20236.27 (communication 13368.56 -> 12922.93, deferred load 42.0 -> 36.0, migration 113.34)
2026-09-23 16:21:24,541 INFO run.814373.135599821542736.repartition: step 45 accepted swap of qubits [4, 11]: QPU [0, 5] -> QPU [5, 0]
2026-09-23 16:21:24,541 INFO run.814373.135599821542736.repartition: step 45 accepted swap of qubits [11, 17]: QPU [0, 2] -> QPU [2, 0]
2026-09-23 16:21:24,541 INFO run.814373.135599821542736.repartition: step 45 link 2-5 projected peak utilization 1.00 -> 1.00
2026-09-23 16:21:24,541 INFO run.814373.135599821542736.repartition: step 45 moved qubits [4, 11, 17]; new partition {0: [3, 10, 12, 17], 1: [6, 15, 20, 21], 2: [1, 7, 9, 11], 3: [14, 16, 19, 22], 4: [2, 8, 18, 23], 5: [0, 4, 5, 13]}
2026-09-23 16:21:25,159 INFO run.814373.135599821542736.repartition: step 46 trigger 'congestion+resource' suppressed by cooldown (last repartition at step 45)
2026-09-23 16:21:25,765 INFO run.814373.135599821542736.repartition: step 47 trigger 'congestion+resource' suppressed by cooldown (last repartition at step 45)
2026-09-23 16:21:26,493 INFO run.814373.135599821542736.repartition: step 48 repartition trigger reason=combined (congestion+resource) links=0-4|2-5 affected_qubits=[0, 1, 2, 3, 4, 5, 7, 8, 10, 11, 13, 14, 17, 18, 20, 22, 23]
2026-09-23 16:21:26,493 INFO run.814373.135599821542736.repartition: step 48 evaluated 234 selective candidates; objective 14504.47 -> 14113.77 (communication 9904.47 -> 10065.13, deferred load 23.0 -> 20.0, migration 48.64)
2026-09-23 16:21:26,493 INFO run.814373.135599821542736.repartition: step 48 repartition rejected: improvement_below_margin
2026-09-23 16:21:27,205 INFO run.814373.135599821542736.repartition: step 49 repartition trigger reason=combined (congestion+resource) links=0-4|2-5 affected_qubits=[0, 1, 2, 3, 4, 5, 6, 10, 11, 13, 14, 17, 18, 20, 23]
2026-09-23 16:21:27,205 INFO run.814373.135599821542736.repartition: step 49 evaluated 182 selective candidates; objective 15814.74 -> 15451.83 (communication 8214.74 -> 8618.38, deferred load 38.0 -> 33.0, migration 233.45)
2026-09-23 16:21:27,205 INFO run.814373.135599821542736.repartition: step 49 repartition rejected: improvement_below_margin
2026-09-23 16:21:27,955 INFO run.814373.135599821542736.repartition: step 50 repartition trigger reason=combined (congestion+resource) links=2-5 affected_qubits=[0, 1, 3, 4, 5, 6, 8, 10, 11, 13, 14, 17, 18, 19, 22, 23]
2026-09-23 16:21:27,955 INFO run.814373.135599821542736.repartition: step 50 evaluated 208 selective candidates; objective 17862.01 -> 17401.26 (communication 12462.01 -> 12954.07, deferred load 27.0 -> 22.0, migration 47.19)
2026-09-23 16:21:27,955 INFO run.814373.135599821542736.repartition: step 50 repartition rejected: improvement_below_margin
