2026-09-23 16:27:45,356 INFO simulation_152765: simulation seed 152765
2026-09-23 16:27:45,357 INFO simulation_152765: derived circuit_seed = 3662617113
2026-09-23 16:27:45,357 INFO simulation_152765: derived topology_seed = 3728366922
2026-09-23 16:27:45,357 INFO simulation_152765: derived partition_seed = 2583226136
2026-09-23 16:27:45,357 INFO simulation_152765: derived network_seed = 908808644
2026-09-23 16:27:45,357 INFO simulation_152765: derived qaoa_seed = 3781660139
2026-09-23 16:27:45,357 INFO simulation_152765: control num_logical_qubits = 24
2026-09-23 16:27:45,357 INFO simulation_152765: control num_qpus = 6
2026-09-23 16:27:45,357 INFO simulation_152765: control qpu_capacities = {'0': 4, '1': 4, '2': 4, '3': 4, '4': 4, '5': 4}
2026-09-23 16:27:45,357 INFO simulation_152765: control benchmark = layered_random
2026-09-23 16:27:45,357 INFO simulation_152765: control layers = 16
2026-09-23 16:27:45,357 INFO simulation_152765: control circuit_file = None
2026-09-23 16:27:45,357 INFO simulation_152765: control topology = random_connected
2026-09-23 16:27:45,357 INFO simulation_152765: control steps = 50
2026-09-23 16:27:45,357 INFO simulation_152765: control congestion_threshold = 0.6
2026-09-23 16:27:45,357 INFO simulation_152765: control link_property_ranges = {'latency': [5, 30], 'fidelity': [0.9, 0.995], 'capacity': [4, 12], 'bell_pair_pool': [24, 64], 'bell_pair_regeneration': [8.0, 20.0]}
2026-09-23 16:27:45,357 INFO simulation_152765: control extra_link_probability = 0.25
2026-09-23 16:27:45,357 INFO simulation_152765: control use_quantum = True
2026-09-23 16:27:45,357 INFO simulation_152765: control run_baseline = True
2026-09-23 16:27:45,357 INFO simulation_152765: circuit source benchmark:layered_random
2026-09-23 16:27:45,357 INFO simulation_152765: circuit: 24 logical qubits, 192 gates, 192 two-qubit gates, 138 distinct interaction pairs, 16 execution windows
2026-09-23 16:27:45,357 INFO simulation_152765: QPUs 6 with capacities {0: 4, 1: 4, 2: 4, 3: 4, 4: 4, 5: 4}
2026-09-23 16:27:45,357 INFO simulation_152765: topology model random_connected with 6 physical links: 0-2, 0-3, 1-2, 1-3, 1-4, 1-5
2026-09-23 16:27:45,357 INFO simulation_152765: physical Link(0<->2, latency=8.0, fidelity=0.9130, capacity=6, load=0.0, state=normal, bell_pairs=34.0/34)
2026-09-23 16:27:45,357 INFO simulation_152765: physical Link(0<->3, latency=11.0, fidelity=0.9873, capacity=12, load=0.0, state=normal, bell_pairs=25.0/25)
2026-09-23 16:27:45,357 INFO simulation_152765: physical Link(1<->2, latency=15.0, fidelity=0.9429, capacity=9, load=0.0, state=normal, bell_pairs=24.0/24)
2026-09-23 16:27:45,357 INFO simulation_152765: physical Link(1<->3, latency=28.0, fidelity=0.9140, capacity=9, load=0.0, state=normal, bell_pairs=50.0/50)
2026-09-23 16:27:45,357 INFO simulation_152765: physical Link(1<->4, latency=26.0, fidelity=0.9136, capacity=4, load=0.0, state=normal, bell_pairs=44.0/44)
2026-09-23 16:27:45,357 INFO simulation_152765: physical Link(1<->5, latency=13.0, fidelity=0.9930, capacity=8, load=0.0, state=normal, bell_pairs=52.0/52)
2026-09-23 16:27:45,357 INFO simulation_152765: initial partition {0: [0, 2, 6, 22], 1: [3, 7, 10, 23], 2: [11, 18, 19, 21], 3: [1, 8, 14, 20], 4: [5, 9, 12, 15], 5: [4, 13, 16, 17]}
2026-09-23 16:27:45,359 INFO simulation_152765: step 1 congestion on links 1-4 (utilization 1-4:1.00); affected=4 unaffected=5 in_flight_on_congested=0
2026-09-23 16:27:45,686 INFO simulation_152765.rerouting: step 1 selective rerouting: 4 affected communications on congested links 1-4; 5 unaffected communications left untouched
2026-09-23 16:27:45,686 INFO simulation_152765.rerouting: step 1 block 0: 4 communications, 7 QUBO variables, 0 pairwise capacity conflicts; classical=classical_exhaustive E=3.8334; qaoa=attempted feasible E=3.8334; executed=qaoa E=3.8334 (keep-current E=3.8334); routes changed=0
2026-09-23 16:27:45,686 INFO simulation_152765.rerouting: step 1 link 1-4 utilization 1.00 -> 1.00 after selective rerouting
2026-09-23 16:27:45,687 INFO simulation_152765: step 2 congestion on links 0-2|1-2|1-4 (utilization 0-2:0.67, 1-2:0.67, 1-4:1.00); affected=4 unaffected=3 in_flight_on_congested=5
2026-09-23 16:27:46,012 INFO simulation_152765.rerouting: step 2 selective rerouting: 4 affected communications on congested links 0-2|1-2|1-4; 3 unaffected communications left untouched
2026-09-23 16:27:46,012 INFO simulation_152765.rerouting: step 2 block 0: 4 communications, 8 QUBO variables, 0 pairwise capacity conflicts; classical=classical_exhaustive E=1.6631; qaoa=attempted feasible E=1.6631; executed=qaoa E=1.6631 (keep-current E=4.7831); routes changed=1
2026-09-23 16:27:46,012 INFO simulation_152765.rerouting: step 2 rerouted s0002-w001-g000-q0_10 (q0 QPU0 -> q10 QPU1): 0-2-1 -> 0-3-1, cost 207.12 -> 70.91
2026-09-23 16:27:46,012 INFO simulation_152765.rerouting: step 2 link 0-2 utilization 0.67 -> 0.50 after selective rerouting
2026-09-23 16:27:46,012 INFO simulation_152765.rerouting: step 2 link 1-2 utilization 0.67 -> 0.56 after selective rerouting
2026-09-23 16:27:46,012 INFO simulation_152765.rerouting: step 2 link 1-4 utilization 1.00 -> 1.00 after selective rerouting
2026-09-23 16:27:46,015 INFO simulation_152765.repartition: step 2 repartition trigger reason=congestion (congestion) links=1-4 affected_qubits=[5, 14]
2026-09-23 16:27:46,015 INFO simulation_152765.repartition: step 2 evaluated 1 selective candidates; objective 12462.31 -> 12462.31 (communication 10862.31 -> 10862.31, deferred load 8.0 -> 8.0, migration 0.00)
2026-09-23 16:27:46,015 INFO simulation_152765.repartition: step 2 repartition rejected: no_improving_selective_move
2026-09-23 16:27:46,015 INFO simulation_152765: step 2 deferred 1 communications to queue (hard_capacity); queue length 1
2026-09-23 16:27:46,015 INFO simulation_152765: step 3 congestion on links 0-2|1-4 (utilization 0-2:1.00, 1-4:1.00); affected=9 unaffected=1 in_flight_on_congested=1
2026-09-23 16:27:47,111 INFO simulation_152765.rerouting: step 3 selective rerouting: 9 affected communications on congested links 0-2|1-4; 1 unaffected communications left untouched
2026-09-23 16:27:47,111 INFO simulation_152765.rerouting: step 3 block 0: 6 communications, 12 QUBO variables, 0 pairwise capacity conflicts; classical=classical_exhaustive E=5.1860; qaoa=attempted feasible E=5.1860; executed=qaoa E=5.1860 (keep-current E=6.1137); routes changed=2
2026-09-23 16:27:47,111 INFO simulation_152765.rerouting: step 3 block 1: 3 communications, 5 QUBO variables, 0 pairwise capacity conflicts; classical=classical_exhaustive E=6.6282; qaoa=attempted feasible E=6.6282; executed=qaoa E=6.6282 (keep-current E=6.6282); routes changed=0
2026-09-23 16:27:47,111 INFO simulation_152765.rerouting: step 3 rerouted s0003-w002-g000-q0_23 (q0 QPU0 -> q23 QPU1): 0-2-1 -> 0-3-1, cost 192.27 -> 167.16
2026-09-23 16:27:47,111 INFO simulation_152765.rerouting: step 3 rerouted s0003-w002-g006-q6_13 (q6 QPU0 -> q13 QPU5): 0-2-1-5 -> 0-3-1-5, cost 211.15 -> 186.08
2026-09-23 16:27:47,111 INFO simulation_152765.rerouting: step 3 link 0-2 utilization 1.00 -> 0.67 after selective rerouting
2026-09-23 16:27:47,111 INFO simulation_152765.rerouting: step 3 link 1-4 utilization 1.00 -> 1.00 after selective rerouting
2026-09-23 16:27:47,143 INFO simulation_152765.repartition: step 3 repartition trigger reason=combined (congestion+resource) links=1-4 affected_qubits=[4, 5, 8, 9, 12, 15, 16, 20]
2026-09-23 16:27:47,143 INFO simulation_152765.repartition: step 3 evaluated 40 selective candidates; objective 16082.04 -> 15650.86 (communication 9682.04 -> 9340.80, deferred load 32.0 -> 31.0, migration 110.06)
2026-09-23 16:27:47,143 INFO simulation_152765.repartition: step 3 repartition rejected: improvement_below_margin
2026-09-23 16:27:47,143 INFO simulation_152765: step 3 deferred 2 communications to queue (hard_capacity); queue length 2
2026-09-23 16:27:47,143 INFO simulation_152765: step 4 congestion on links 1-3|1-4|1-5 (utilization 1-3:0.67, 1-4:1.00, 1-5:0.75); affected=5 unaffected=2 in_flight_on_congested=5
2026-09-23 16:27:47,657 INFO simulation_152765.rerouting: step 4 selective rerouting: 5 affected communications on congested links 1-3|1-4|1-5; 2 unaffected communications left untouched
2026-09-23 16:27:47,657 INFO simulation_152765.rerouting: step 4 block 0: 5 communications, 10 QUBO variables, 0 pairwise capacity conflicts; classical=classical_exhaustive E=4.4271; qaoa=attempted feasible E=4.4271; executed=qaoa E=4.4271 (keep-current E=5.5403); routes changed=1
2026-09-23 16:27:47,657 INFO simulation_152765.rerouting: step 4 rerouted s0004-w003-g003-q4_8 (q4 QPU5 -> q8 QPU3): 5-1-3 -> 5-1-2-0-3, cost 235.63 -> 182.45
2026-09-23 16:27:47,657 INFO simulation_152765.rerouting: step 4 link 1-3 utilization 0.67 -> 0.56 after selective rerouting
2026-09-23 16:27:47,657 INFO simulation_152765.rerouting: step 4 link 1-4 utilization 1.00 -> 1.00 after selective rerouting
2026-09-23 16:27:47,657 INFO simulation_152765.rerouting: step 4 link 1-5 utilization 0.75 -> 0.75 after selective rerouting
2026-09-23 16:27:47,672 INFO simulation_152765.repartition: step 4 repartition trigger reason=combined (congestion+resource) links=1-4 affected_qubits=[5, 7, 8, 9, 14, 15, 16]
2026-09-23 16:27:47,672 INFO simulation_152765.repartition: step 4 evaluated 17 selective candidates; objective 14774.54 -> 14774.54 (communication 12974.54 -> 12974.54, deferred load 9.0 -> 9.0, migration 0.00)
2026-09-23 16:27:47,672 INFO simulation_152765.repartition: step 4 repartition rejected: no_improving_selective_move
2026-09-23 16:27:47,672 INFO simulation_152765: step 4 deferred 3 communications to queue (hard_capacity); queue length 3
2026-09-23 16:27:47,673 INFO simulation_152765: step 5 congestion on links 0-2|1-2|1-4|1-5 (utilization 0-2:1.00, 1-2:0.60, 1-4:1.00, 1-5:0.88); affected=9 unaffected=0 in_flight_on_congested=3
2026-09-23 16:27:48,471 INFO simulation_152765.rerouting: step 5 selective rerouting: 9 affected communications on congested links 0-2|1-2|1-4|1-5; 0 unaffected communications left untouched
2026-09-23 16:27:48,471 INFO simulation_152765.rerouting: step 5 block 0: 6 communications, 11 QUBO variables, 0 pairwise capacity conflicts; classical=classical_exhaustive E=14.2915; qaoa=attempted feasible E=14.2915; executed=qaoa E=14.2915 (keep-current E=24.0497); routes changed=3
2026-09-23 16:27:48,471 INFO simulation_152765.rerouting: step 5 block 1: 3 communications, 4 QUBO variables, 0 pairwise capacity conflicts; classical=classical_exhaustive E=2.9694; qaoa=attempted feasible E=2.9694; executed=qaoa E=2.9694 (keep-current E=2.9694); routes changed=0
2026-09-23 16:27:48,471 INFO simulation_152765.rerouting: step 5 rerouted s0005-w004-g000-q0_4 (q0 QPU0 -> q4 QPU5): 0-2-1-5 -> 0-3-1-5, cost 369.96 -> 200.88
2026-09-23 16:27:48,471 INFO simulation_152765.rerouting: step 5 rerouted s0005-w004-g002-q2_13 (q2 QPU0 -> q13 QPU5): 0-2-1-5 -> 0-3-1-5, cost 369.96 -> 200.88
2026-09-23 16:27:48,471 INFO simulation_152765.rerouting: step 5 rerouted s0005-w004-g003-q3_6 (q3 QPU1 -> q6 QPU0): 1-2-0 -> 1-3-0, cost 251.17 -> 75.66
2026-09-23 16:27:48,471 INFO simulation_152765.rerouting: step 5 link 0-2 utilization 1.00 -> 0.50 after selective rerouting
2026-09-23 16:27:48,471 INFO simulation_152765.rerouting: step 5 link 1-2 utilization 0.60 -> 0.30 after selective rerouting
2026-09-23 16:27:48,471 INFO simulation_152765.rerouting: step 5 link 1-4 utilization 1.00 -> 1.00 after selective rerouting
2026-09-23 16:27:48,471 INFO simulation_152765.rerouting: step 5 link 1-5 utilization 0.88 -> 0.88 after selective rerouting
2026-09-23 16:27:48,573 INFO simulation_152765.repartition: step 5 repartition trigger reason=combined (congestion+resource) links=1-4|1-5 affected_qubits=[0, 2, 4, 5, 7, 9, 12, 13, 14, 15, 16, 17, 18]
2026-09-23 16:27:48,573 INFO simulation_152765.repartition: step 5 evaluated 130 selective candidates; objective 18292.23 -> 17774.58 (communication 15292.23 -> 14631.74, deferred load 15.0 -> 15.0, migration 142.84)
2026-09-23 16:27:48,573 INFO simulation_152765.repartition: step 5 repartition rejected: improvement_below_margin
2026-09-23 16:27:48,574 INFO simulation_152765: step 5 deferred 1 communications to queue (hard_capacity); queue length 1
2026-09-23 16:27:48,574 INFO simulation_152765: step 6 congestion on links 0-2|1-4 (utilization 0-2:0.67, 1-4:1.00); affected=6 unaffected=2 in_flight_on_congested=3
2026-09-23 16:27:48,977 INFO simulation_152765.rerouting: step 6 selective rerouting: 6 affected communications on congested links 0-2|1-4; 2 unaffected communications left untouched
2026-09-23 16:27:48,977 INFO simulation_152765.rerouting: step 6 block 0: 6 communications, 10 QUBO variables, 0 pairwise capacity conflicts; classical=classical_exhaustive E=4.9812; qaoa=attempted feasible E=4.9812; executed=qaoa E=4.9812 (keep-current E=5.5765); routes changed=1
2026-09-23 16:27:48,977 INFO simulation_152765.rerouting: step 6 rerouted s0006-w005-g000-q0_3 (q0 QPU0 -> q3 QPU1): 0-2-1 -> 0-3-1, cost 132.15 -> 79.23
2026-09-23 16:27:48,977 INFO simulation_152765.rerouting: step 6 link 0-2 utilization 0.67 -> 0.50 after selective rerouting
2026-09-23 16:27:48,978 INFO simulation_152765.rerouting: step 6 link 1-4 utilization 1.00 -> 1.00 after selective rerouting
2026-09-23 16:27:48,987 INFO simulation_152765.repartition: step 6 repartition trigger reason=combined (congestion+resource) links=1-4 affected_qubits=[7, 10, 12, 15, 19]
2026-09-23 16:27:48,987 INFO simulation_152765.repartition: step 6 evaluated 8 selective candidates; objective 9554.22 -> 9554.22 (communication 9554.22 -> 9554.22, deferred load 0.0 -> 0.0, migration 0.00)
2026-09-23 16:27:48,987 INFO simulation_152765.repartition: step 6 repartition rejected: no_improving_selective_move
2026-09-23 16:27:48,987 INFO simulation_152765: step 6 deferred 1 communications to queue (hard_capacity); queue length 1
2026-09-23 16:27:48,988 INFO simulation_152765: step 8 congestion on links 0-2|1-4 (utilization 0-2:0.67, 1-4:1.00); affected=5 unaffected=3 in_flight_on_congested=3
2026-09-23 16:27:49,396 INFO simulation_152765.rerouting: step 8 selective rerouting: 5 affected communications on congested links 0-2|1-4; 3 unaffected communications left untouched
2026-09-23 16:27:49,396 INFO simulation_152765.rerouting: step 8 block 0: 5 communications, 9 QUBO variables, 0 pairwise capacity conflicts; classical=classical_exhaustive E=4.0834; qaoa=attempted feasible E=4.0834; executed=qaoa E=4.0834 (keep-current E=4.7147); routes changed=1
2026-09-23 16:27:49,396 INFO simulation_152765.rerouting: step 8 rerouted s0008-w007-g006-q6_23 (q6 QPU0 -> q23 QPU1): 0-2-1 -> 0-3-1, cost 133.98 -> 70.60
2026-09-23 16:27:49,396 INFO simulation_152765.rerouting: step 8 link 0-2 utilization 0.67 -> 0.50 after selective rerouting
2026-09-23 16:27:49,396 INFO simulation_152765.rerouting: step 8 link 1-4 utilization 1.00 -> 1.00 after selective rerouting
2026-09-23 16:27:49,397 INFO simulation_152765: step 8 deferred 1 communications to queue (hard_capacity); queue length 1
2026-09-23 16:27:49,397 INFO simulation_152765: step 9 congestion on links 1-4|1-5 (utilization 1-4:1.00, 1-5:0.75); affected=7 unaffected=1 in_flight_on_congested=3
2026-09-23 16:27:49,650 INFO simulation_152765.rerouting: step 9 selective rerouting: 7 affected communications on congested links 1-4|1-5; 1 unaffected communications left untouched
2026-09-23 16:27:49,650 INFO simulation_152765.rerouting: step 9 block 0: 7 communications, 7 QUBO variables, 0 pairwise capacity conflicts; classical=classical_exhaustive E=6.9101; qaoa=attempted feasible E=6.9101; executed=qaoa E=6.9101 (keep-current E=6.9101); routes changed=0
2026-09-23 16:27:49,650 INFO simulation_152765.rerouting: step 9 link 1-4 utilization 1.00 -> 1.00 after selective rerouting
2026-09-23 16:27:49,650 INFO simulation_152765.rerouting: step 9 link 1-5 utilization 0.75 -> 0.75 after selective rerouting
2026-09-23 16:27:49,661 INFO simulation_152765.repartition: step 9 repartition trigger reason=congestion (congestion) links=1-4 affected_qubits=[3, 9, 12, 15, 17, 23]
2026-09-23 16:27:49,661 INFO simulation_152765.repartition: step 9 evaluated 11 selective candidates; objective 10762.68 -> 10762.68 (communication 10762.68 -> 10762.68, deferred load 0.0 -> 0.0, migration 0.00)
2026-09-23 16:27:49,661 INFO simulation_152765.repartition: step 9 repartition rejected: no_improving_selective_move
2026-09-23 16:27:49,662 INFO simulation_152765: step 10 congestion on links 1-4|1-5 (utilization 1-4:0.60, 1-5:0.75); affected=5 unaffected=4 in_flight_on_congested=2
2026-09-23 16:27:50,085 INFO simulation_152765.rerouting: step 10 selective rerouting: 5 affected communications on congested links 1-4|1-5; 4 unaffected communications left untouched
2026-09-23 16:27:50,085 INFO simulation_152765.rerouting: step 10 block 0: 5 communications, 9 QUBO variables, 0 pairwise capacity conflicts; classical=classical_exhaustive E=5.7622; qaoa=attempted feasible E=5.7622; executed=qaoa E=5.7622 (keep-current E=5.7622); routes changed=0
2026-09-23 16:27:50,085 INFO simulation_152765.rerouting: step 10 link 1-4 utilization 0.60 -> 0.60 after selective rerouting
2026-09-23 16:27:50,085 INFO simulation_152765.rerouting: step 10 link 1-5 utilization 0.75 -> 0.75 after selective rerouting
2026-09-23 16:27:50,116 INFO simulation_152765.repartition: step 10 repartition trigger reason=congestion (congestion) links=1-4|1-5 affected_qubits=[1, 4, 12, 13, 14, 15, 16, 17, 18, 21]
2026-09-23 16:27:50,116 INFO simulation_152765.repartition: step 10 evaluated 36 selective candidates; objective 15079.99 -> 15079.99 (communication 13679.99 -> 13679.99, deferred load 7.0 -> 7.0, migration 0.00)
2026-09-23 16:27:50,116 INFO simulation_152765.repartition: step 10 repartition rejected: no_improving_selective_move
2026-09-23 16:27:50,117 INFO simulation_152765: step 11 congestion on links 1-4|1-5 (utilization 1-4:0.80, 1-5:0.88); affected=4 unaffected=4 in_flight_on_congested=4
2026-09-23 16:27:50,362 INFO simulation_152765.rerouting: step 11 selective rerouting: 4 affected communications on congested links 1-4|1-5; 4 unaffected communications left untouched
2026-09-23 16:27:50,362 INFO simulation_152765.rerouting: step 11 block 0: 4 communications, 6 QUBO variables, 0 pairwise capacity conflicts; classical=classical_exhaustive E=19.0837; qaoa=attempted feasible E=19.0837; executed=qaoa E=19.0837 (keep-current E=19.1734); routes changed=1
2026-09-23 16:27:50,363 INFO simulation_152765.rerouting: step 11 rerouted s0011-w010-g000-q0_13 (q0 QPU0 -> q13 QPU5): 0-2-1-5 -> 0-3-1-5, cost 188.05 -> 197.57
2026-09-23 16:27:50,363 INFO simulation_152765.rerouting: step 11 link 1-4 utilization 0.80 -> 0.80 after selective rerouting
2026-09-23 16:27:50,363 INFO simulation_152765.rerouting: step 11 link 1-5 utilization 0.88 -> 0.88 after selective rerouting
2026-09-23 16:27:50,398 INFO simulation_152765.repartition: step 11 repartition trigger reason=congestion (congestion) links=1-4|1-5 affected_qubits=[0, 4, 5, 13, 15, 16, 17, 19]
2026-09-23 16:27:50,398 INFO simulation_152765.repartition: step 11 evaluated 42 selective candidates; objective 14823.43 -> 14472.07 (communication 13423.43 -> 12941.80, deferred load 7.0 -> 7.0, migration 130.27)
2026-09-23 16:27:50,398 INFO simulation_152765.repartition: step 11 repartition rejected: improvement_below_margin
2026-09-23 16:27:50,399 INFO simulation_152765: step 12 congestion on links 1-4|1-5 (utilization 1-4:0.80, 1-5:0.78); affected=5 unaffected=3 in_flight_on_congested=3
2026-09-23 16:27:50,849 INFO simulation_152765.rerouting: step 12 selective rerouting: 5 affected communications on congested links 1-4|1-5; 3 unaffected communications left untouched
2026-09-23 16:27:50,849 INFO simulation_152765.rerouting: step 12 block 0: 5 communications, 9 QUBO variables, 0 pairwise capacity conflicts; classical=classical_exhaustive E=4.1285; qaoa=attempted feasible E=4.1285; executed=qaoa E=4.1285 (keep-current E=4.2274); routes changed=1
2026-09-23 16:27:50,849 INFO simulation_152765.rerouting: step 12 rerouted s0012-w011-g000-q0_16 (q0 QPU0 -> q16 QPU5): 0-2-1-5 -> 0-3-1-5, cost 171.25 -> 182.79
2026-09-23 16:27:50,849 INFO simulation_152765.rerouting: step 12 link 1-4 utilization 0.80 -> 0.80 after selective rerouting
2026-09-23 16:27:50,849 INFO simulation_152765.rerouting: step 12 link 1-5 utilization 0.78 -> 0.78 after selective rerouting
2026-09-23 16:27:50,910 INFO simulation_152765.repartition: step 12 repartition trigger reason=congestion (congestion) links=1-4|1-5 affected_qubits=[0, 4, 9, 11, 13, 14, 15, 16, 17, 18]
2026-09-23 16:27:50,910 INFO simulation_152765.repartition: step 12 evaluated 74 selective candidates; objective 13720.03 -> 13175.44 (communication 12320.03 -> 11645.02, deferred load 7.0 -> 7.0, migration 130.42)
2026-09-23 16:27:50,910 INFO simulation_152765.repartition: step 12 repartition rejected: improvement_below_margin
2026-09-23 16:27:50,911 INFO simulation_152765: step 13 congestion on links 0-2|1-4 (utilization 0-2:0.71, 1-4:1.00); affected=7 unaffected=3 in_flight_on_congested=2
2026-09-23 16:27:51,794 INFO simulation_152765.rerouting: step 13 selective rerouting: 7 affected communications on congested links 0-2|1-4; 3 unaffected communications left untouched
2026-09-23 16:27:51,794 INFO simulation_152765.rerouting: step 13 block 0: 6 communications, 12 QUBO variables, 0 pairwise capacity conflicts; classical=classical_exhaustive E=4.9984; qaoa=attempted feasible E=4.9994; executed=qaoa E=4.9994 (keep-current E=5.8052); routes changed=2
2026-09-23 16:27:51,794 INFO simulation_152765.rerouting: step 13 block 1: 1 communications, 1 QUBO variables, 0 pairwise capacity conflicts; classical=classical_exhaustive E=1.0000; qaoa=attempted feasible E=1.0000; executed=qaoa E=1.0000 (keep-current E=1.0000); routes changed=0
2026-09-23 16:27:51,795 INFO simulation_152765.rerouting: step 13 rerouted s0013-w012-g002-q2_5 (q2 QPU0 -> q5 QPU4): 0-2-1-4 -> 0-3-1-4, cost 302.98 -> 295.20
2026-09-23 16:27:51,795 INFO simulation_152765.rerouting: step 13 rerouted s0013-w012-g010-q11_14 (q11 QPU2 -> q14 QPU3): 2-0-3 -> 2-1-3, cost 131.21 -> 146.31
2026-09-23 16:27:51,795 INFO simulation_152765.rerouting: step 13 link 0-2 utilization 0.71 -> 0.43 after selective rerouting
2026-09-23 16:27:51,795 INFO simulation_152765.rerouting: step 13 link 1-4 utilization 1.00 -> 1.00 after selective rerouting
2026-09-23 16:27:51,816 INFO simulation_152765.repartition: step 13 repartition trigger reason=congestion (congestion) links=1-4 affected_qubits=[1, 2, 5, 7, 12, 15]
2026-09-23 16:27:51,816 INFO simulation_152765.repartition: step 13 evaluated 24 selective candidates; objective 14512.54 -> 14325.39 (communication 12912.54 -> 12698.44, deferred load 8.0 -> 8.0, migration 26.96)
2026-09-23 16:27:51,816 INFO simulation_152765.repartition: step 13 repartition rejected: improvement_below_margin
2026-09-23 16:27:51,816 INFO simulation_152765: step 13 deferred 1 communications to queue (hard_capacity); queue length 1
2026-09-23 16:27:51,817 INFO simulation_152765: step 14 congestion on links 0-2|1-2|1-4 (utilization 0-2:0.71, 1-2:0.67, 1-4:1.00); affected=7 unaffected=1 in_flight_on_congested=4
2026-09-23 16:27:52,661 INFO simulation_152765.rerouting: step 14 selective rerouting: 7 affected communications on congested links 0-2|1-2|1-4; 1 unaffected communications left untouched
2026-09-23 16:27:52,661 INFO simulation_152765.rerouting: step 14 block 0: 6 communications, 12 QUBO variables, 0 pairwise capacity conflicts; classical=classical_exhaustive E=4.5168; qaoa=attempted feasible E=4.5168; executed=qaoa E=4.5168 (keep-current E=5.4798); routes changed=1
2026-09-23 16:27:52,661 INFO simulation_152765.rerouting: step 14 block 1: 1 communications, 1 QUBO variables, 0 pairwise capacity conflicts; classical=classical_exhaustive E=1.0000; qaoa=attempted feasible E=1.0000; executed=qaoa E=1.0000 (keep-current E=1.0000); routes changed=0
2026-09-23 16:27:52,661 INFO simulation_152765.rerouting: step 14 rerouted s0013-w012-g008-q9_22 (q9 QPU4 -> q22 QPU0): 4-1-2-0 -> 4-1-3-0, cost 376.17 -> 237.23
2026-09-23 16:27:52,661 INFO simulation_152765.rerouting: step 14 link 0-2 utilization 0.71 -> 0.57 after selective rerouting
2026-09-23 16:27:52,661 INFO simulation_152765.rerouting: step 14 link 1-2 utilization 0.67 -> 0.56 after selective rerouting
2026-09-23 16:27:52,661 INFO simulation_152765.rerouting: step 14 link 1-4 utilization 1.00 -> 1.00 after selective rerouting
2026-09-23 16:27:52,703 INFO simulation_152765.repartition: step 14 repartition trigger reason=combined (congestion+resource) links=1-4 affected_qubits=[0, 4, 5, 9, 12, 14, 15, 20, 22]
2026-09-23 16:27:52,703 INFO simulation_152765.repartition: step 14 evaluated 56 selective candidates; objective 15554.74 -> 15241.92 (communication 9154.74 -> 8703.65, deferred load 32.0 -> 32.0, migration 138.27)
2026-09-23 16:27:52,703 INFO simulation_152765.repartition: step 14 repartition rejected: improvement_below_margin
2026-09-23 16:27:52,703 INFO simulation_152765: step 14 deferred 2 communications to queue (hard_capacity); queue length 2
2026-09-23 16:27:52,704 INFO simulation_152765: step 15 congestion on links 1-3|1-4 (utilization 1-3:0.60, 1-4:1.00); affected=3 unaffected=1 in_flight_on_congested=5
2026-09-23 16:27:52,907 INFO simulation_152765.rerouting: step 15 selective rerouting: 3 affected communications on congested links 1-3|1-4; 1 unaffected communications left untouched
2026-09-23 16:27:52,907 INFO simulation_152765.rerouting: step 15 block 0: 3 communications, 6 QUBO variables, 0 pairwise capacity conflicts; classical=classical_exhaustive E=1.7064; qaoa=attempted feasible E=1.7064; executed=qaoa E=1.7064 (keep-current E=1.9501); routes changed=1
2026-09-23 16:27:52,907 INFO simulation_152765.rerouting: step 15 rerouted s0014-w013-g005-q5_20 (q5 QPU4 -> q20 QPU3): 4-1-3 -> 4-1-2-0-3, cost 282.47 -> 235.70
2026-09-23 16:27:52,907 INFO simulation_152765.rerouting: step 15 link 1-3 utilization 0.60 -> 0.50 after selective rerouting
2026-09-23 16:27:52,907 INFO simulation_152765.rerouting: step 15 link 1-4 utilization 1.00 -> 1.00 after selective rerouting
2026-09-23 16:27:52,970 INFO simulation_152765.repartition: step 15 repartition trigger reason=combined (congestion+resource) links=1-4 affected_qubits=[3, 5, 6, 9, 11, 12, 14, 15, 16, 20]
2026-09-23 16:27:52,970 INFO simulation_152765.repartition: step 15 evaluated 76 selective candidates; objective 14373.79 -> 14126.91 (communication 11973.79 -> 11680.59, deferred load 12.0 -> 12.0, migration 46.32)
2026-09-23 16:27:52,970 INFO simulation_152765.repartition: step 15 repartition rejected: improvement_below_margin
2026-09-23 16:27:52,970 INFO simulation_152765: step 15 deferred 5 communications to queue (hard_capacity); queue length 5
2026-09-23 16:27:52,971 INFO simulation_152765: step 16 congestion on links 0-2|1-4 (utilization 0-2:0.86, 1-4:1.00); affected=7 unaffected=3 in_flight_on_congested=2
2026-09-23 16:27:53,838 INFO simulation_152765.rerouting: step 16 selective rerouting: 7 affected communications on congested links 0-2|1-4; 3 unaffected communications left untouched
2026-09-23 16:27:53,838 INFO simulation_152765.rerouting: step 16 block 0: 6 communications, 12 QUBO variables, 0 pairwise capacity conflicts; classical=classical_exhaustive E=5.5335; qaoa=attempted feasible E=5.5335; executed=qaoa E=5.5335 (keep-current E=5.5335); routes changed=0
2026-09-23 16:27:53,838 INFO simulation_152765.rerouting: step 16 block 1: 1 communications, 1 QUBO variables, 0 pairwise capacity conflicts; classical=classical_exhaustive E=1.0000; qaoa=attempted feasible E=1.0000; executed=qaoa E=1.0000 (keep-current E=1.0000); routes changed=0
2026-09-23 16:27:53,838 INFO simulation_152765.rerouting: step 16 link 0-2 utilization 0.86 -> 0.86 after selective rerouting
2026-09-23 16:27:53,838 INFO simulation_152765.rerouting: step 16 link 1-4 utilization 1.00 -> 1.00 after selective rerouting
2026-09-23 16:27:53,930 INFO simulation_152765.repartition: step 16 repartition trigger reason=combined (congestion+resource) links=1-4 affected_qubits=[1, 3, 5, 6, 9, 11, 12, 14, 15, 16, 20, 22]
2026-09-23 16:27:53,930 INFO simulation_152765.repartition: step 16 evaluated 112 selective candidates; objective 14572.82 -> 14487.02 (communication 11972.82 -> 11835.54, deferred load 13.0 -> 13.0, migration 51.48)
2026-09-23 16:27:53,930 INFO simulation_152765.repartition: step 16 repartition rejected: improvement_below_margin
2026-09-23 16:27:53,930 INFO simulation_152765: step 16 deferred 6 communications to queue (hard_capacity); queue length 6
2026-09-23 16:27:53,931 INFO simulation_152765: step 17 congestion on links 1-4 (utilization 1-4:1.00); affected=3 unaffected=5 in_flight_on_congested=2
2026-09-23 16:27:54,140 INFO simulation_152765.rerouting: step 17 selective rerouting: 3 affected communications on congested links 1-4; 5 unaffected communications left untouched
2026-09-23 16:27:54,140 INFO simulation_152765.rerouting: step 17 block 0: 3 communications, 5 QUBO variables, 0 pairwise capacity conflicts; classical=classical_exhaustive E=2.4334; qaoa=attempted feasible E=2.4334; executed=qaoa E=2.4334 (keep-current E=2.4334); routes changed=0
2026-09-23 16:27:54,140 INFO simulation_152765.rerouting: step 17 link 1-4 utilization 1.00 -> 1.00 after selective rerouting
2026-09-23 16:27:54,245 INFO simulation_152765.repartition: step 17 repartition trigger reason=combined (congestion+resource) links=1-4 affected_qubits=[1, 5, 8, 9, 11, 12, 15, 16, 18, 19, 20, 22, 23]
2026-09-23 16:27:54,245 INFO simulation_152765.repartition: step 17 evaluated 132 selective candidates; objective 18868.22 -> 18343.91 (communication 14668.22 -> 13781.55, deferred load 21.0 -> 22.0, migration 162.36)
2026-09-23 16:27:54,245 INFO simulation_152765.repartition: step 17 repartition rejected: improvement_below_margin
2026-09-23 16:27:54,245 INFO simulation_152765: step 17 deferred 7 communications to queue (hard_capacity); queue length 7
2026-09-23 16:27:54,246 INFO simulation_152765: step 18 congestion on links 1-4|1-5 (utilization 1-4:1.00, 1-5:0.75); affected=4 unaffected=4 in_flight_on_congested=5
2026-09-23 16:27:54,476 INFO simulation_152765.rerouting: step 18 selective rerouting: 4 affected communications on congested links 1-4|1-5; 4 unaffected communications left untouched
2026-09-23 16:27:54,476 INFO simulation_152765.rerouting: step 18 block 0: 4 communications, 6 QUBO variables, 0 pairwise capacity conflicts; classical=classical_exhaustive E=5.2345; qaoa=attempted feasible E=5.2345; executed=qaoa E=5.2345 (keep-current E=5.2345); routes changed=0
2026-09-23 16:27:54,476 INFO simulation_152765.rerouting: step 18 link 1-4 utilization 1.00 -> 1.00 after selective rerouting
2026-09-23 16:27:54,476 INFO simulation_152765.rerouting: step 18 link 1-5 utilization 0.75 -> 0.75 after selective rerouting
2026-09-23 16:27:54,570 INFO simulation_152765.repartition: step 18 repartition trigger reason=combined (congestion+resource) links=1-4 affected_qubits=[5, 8, 9, 12, 14, 15, 16, 18, 19, 20, 22, 23]
2026-09-23 16:27:54,571 INFO simulation_152765.repartition: step 18 evaluated 112 selective candidates; objective 14742.27 -> 14225.47 (communication 11942.27 -> 11825.27, deferred load 14.0 -> 11.0, migration 200.19)
2026-09-23 16:27:54,571 INFO simulation_152765.repartition: step 18 repartition rejected: improvement_below_margin
2026-09-23 16:27:54,571 INFO simulation_152765: step 18 deferred 7 communications to queue (hard_capacity); queue length 7
2026-09-23 16:27:54,572 INFO simulation_152765: step 19 congestion on links 0-2|1-4 (utilization 0-2:1.00, 1-4:1.00); affected=9 unaffected=1 in_flight_on_congested=2
2026-09-23 16:27:55,586 INFO simulation_152765.rerouting: step 19 selective rerouting: 9 affected communications on congested links 0-2|1-4; 1 unaffected communications left untouched
2026-09-23 16:27:55,586 INFO simulation_152765.rerouting: step 19 block 0: 6 communications, 12 QUBO variables, 0 pairwise capacity conflicts; classical=classical_exhaustive E=4.8032; qaoa=attempted feasible E=4.8032; executed=qaoa E=4.8032 (keep-current E=6.1621); routes changed=1
2026-09-23 16:27:55,586 INFO simulation_152765.rerouting: step 19 block 1: 3 communications, 5 QUBO variables, 0 pairwise capacity conflicts; classical=classical_exhaustive E=2.1140; qaoa=attempted feasible E=2.1140; executed=qaoa E=2.1140 (keep-current E=2.1140); routes changed=0
2026-09-23 16:27:55,586 INFO simulation_152765.rerouting: step 19 rerouted s0016-w015-g011-q15_22 (q15 QPU4 -> q22 QPU0): 4-1-2-0 -> 4-1-3-0, cost 343.94 -> 240.45
2026-09-23 16:27:55,586 INFO simulation_152765.rerouting: step 19 link 0-2 utilization 1.00 -> 0.86 after selective rerouting
2026-09-23 16:27:55,586 INFO simulation_152765.rerouting: step 19 link 1-4 utilization 1.00 -> 1.00 after selective rerouting
2026-09-23 16:27:55,699 INFO simulation_152765.repartition: step 19 repartition trigger reason=combined (congestion+resource) links=1-4 affected_qubits=[4, 5, 8, 9, 12, 14, 15, 16, 18, 19, 20, 22, 23]
2026-09-23 16:27:55,699 INFO simulation_152765.repartition: step 19 evaluated 134 selective candidates; objective 14940.52 -> 14308.96 (communication 12140.52 -> 11755.70, deferred load 14.0 -> 12.0, migration 153.26)
2026-09-23 16:27:55,699 INFO simulation_152765.repartition: step 19 repartition rejected: improvement_below_margin
2026-09-23 16:27:55,700 INFO simulation_152765: step 19 deferred 8 communications to queue (hard_capacity); queue length 8
2026-09-23 16:27:55,700 INFO simulation_152765: step 20 congestion on links 1-2|1-4|1-5 (utilization 1-2:0.78, 1-4:1.00, 1-5:0.62); affected=8 unaffected=1 in_flight_on_congested=3
2026-09-23 16:27:56,611 INFO simulation_152765.rerouting: step 20 selective rerouting: 8 affected communications on congested links 1-2|1-4|1-5; 1 unaffected communications left untouched
2026-09-23 16:27:56,611 INFO simulation_152765.rerouting: step 20 block 0: 6 communications, 12 QUBO variables, 0 pairwise capacity conflicts; classical=classical_exhaustive E=5.2340; qaoa=attempted feasible E=5.2340; executed=qaoa E=5.2340 (keep-current E=5.9907); routes changed=1
2026-09-23 16:27:56,611 INFO simulation_152765.rerouting: step 20 block 1: 2 communications, 4 QUBO variables, 0 pairwise capacity conflicts; classical=classical_exhaustive E=1.2859; qaoa=attempted feasible E=1.2859; executed=qaoa E=1.2859 (keep-current E=1.2859); routes changed=0
2026-09-23 16:27:56,611 INFO simulation_152765.rerouting: step 20 rerouted s0020-w003-g011-q17_22 (q17 QPU5 -> q22 QPU0): 5-1-2-0 -> 5-1-3-0, cost 233.00 -> 153.53
2026-09-23 16:27:56,611 INFO simulation_152765.rerouting: step 20 link 1-2 utilization 0.78 -> 0.67 after selective rerouting
2026-09-23 16:27:56,611 INFO simulation_152765.rerouting: step 20 link 1-4 utilization 1.00 -> 1.00 after selective rerouting
2026-09-23 16:27:56,611 INFO simulation_152765.rerouting: step 20 link 1-5 utilization 0.62 -> 0.62 after selective rerouting
2026-09-23 16:27:56,693 INFO simulation_152765.repartition: step 20 repartition trigger reason=combined (congestion+resource) links=1-4 affected_qubits=[4, 5, 7, 8, 9, 12, 14, 15, 16, 18, 19, 20]
2026-09-23 16:27:56,693 INFO simulation_152765.repartition: step 20 evaluated 110 selective candidates; objective 16965.47 -> 16221.68 (communication 9565.47 -> 9269.93, deferred load 37.0 -> 34.0, migration 151.75)
2026-09-23 16:27:56,693 INFO simulation_152765.repartition: step 20 repartition rejected: improvement_below_margin
2026-09-23 16:27:56,693 INFO simulation_152765: step 20 deferred 7 communications to queue (hard_capacity); queue length 7
2026-09-23 16:27:56,694 INFO simulation_152765: step 21 congestion on links 1-2|1-4|1-5 (utilization 1-2:0.67, 1-4:1.00, 1-5:0.62); affected=5 unaffected=1 in_flight_on_congested=6
2026-09-23 16:27:57,193 INFO simulation_152765.rerouting: step 21 selective rerouting: 5 affected communications on congested links 1-2|1-4|1-5; 1 unaffected communications left untouched
2026-09-23 16:27:57,193 INFO simulation_152765.rerouting: step 21 block 0: 5 communications, 10 QUBO variables, 0 pairwise capacity conflicts; classical=classical_exhaustive E=4.2290; qaoa=attempted feasible E=4.2290; executed=qaoa E=4.2290 (keep-current E=4.2290); routes changed=0
2026-09-23 16:27:57,193 INFO simulation_152765.rerouting: step 21 link 1-2 utilization 0.67 -> 0.67 after selective rerouting
2026-09-23 16:27:57,193 INFO simulation_152765.rerouting: step 21 link 1-4 utilization 1.00 -> 1.00 after selective rerouting
2026-09-23 16:27:57,193 INFO simulation_152765.rerouting: step 21 link 1-5 utilization 0.62 -> 0.62 after selective rerouting
2026-09-23 16:27:57,391 INFO simulation_152765.repartition: step 21 repartition trigger reason=combined (congestion+resource) links=1-2|1-4|1-5 affected_qubits=[0, 2, 3, 4, 5, 6, 7, 8, 9, 12, 13, 14, 15, 16, 17, 18, 20]
2026-09-23 16:27:57,391 INFO simulation_152765.repartition: step 21 evaluated 234 selective candidates; objective 14962.17 -> 14140.55 (communication 13762.17 -> 13336.74, deferred load 6.0 -> 3.0, migration 203.81)
2026-09-23 16:27:57,392 INFO simulation_152765.repartition: step 21 accepted swap of qubits [0, 17]: QPU [0, 5] -> QPU [5, 0]
2026-09-23 16:27:57,392 INFO simulation_152765.repartition: step 21 accepted swap of qubits [7, 15]: QPU [1, 4] -> QPU [4, 1]
2026-09-23 16:27:57,392 INFO simulation_152765.repartition: step 21 link 1-2 projected peak utilization 0.78 -> 0.67
2026-09-23 16:27:57,392 INFO simulation_152765.repartition: step 21 link 1-4 projected peak utilization 1.00 -> 1.00
2026-09-23 16:27:57,392 INFO simulation_152765.repartition: step 21 link 1-5 projected peak utilization 0.75 -> 0.75
2026-09-23 16:27:57,392 INFO simulation_152765.repartition: step 21 moved qubits [0, 7, 15, 17]; new partition {0: [2, 6, 17, 22], 1: [3, 10, 15, 23], 2: [11, 18, 19, 21], 3: [1, 8, 14, 20], 4: [5, 7, 9, 12], 5: [0, 4, 13, 16]}
2026-09-23 16:27:57,392 INFO simulation_152765: step 21 deferred 8 communications to queue (hard_capacity); queue length 8
2026-09-23 16:27:57,393 INFO simulation_152765: step 22 congestion on links 0-2|1-4|1-5 (utilization 0-2:0.86, 1-4:1.00, 1-5:0.75); affected=10 unaffected=2 in_flight_on_congested=3
2026-09-23 16:27:58,156 INFO simulation_152765.rerouting: step 22 selective rerouting: 10 affected communications on congested links 0-2|1-4|1-5; 2 unaffected communications left untouched
2026-09-23 16:27:58,156 INFO simulation_152765.rerouting: step 22 block 0: 6 communications, 11 QUBO variables, 0 pairwise capacity conflicts; classical=classical_exhaustive E=4.7918; qaoa=attempted feasible E=4.7918; executed=qaoa E=4.7918 (keep-current E=5.2562); routes changed=1
2026-09-23 16:27:58,156 INFO simulation_152765.rerouting: step 22 block 1: 4 communications, 6 QUBO variables, 0 pairwise capacity conflicts; classical=classical_exhaustive E=2.7066; qaoa=attempted feasible E=2.7066; executed=qaoa E=2.7066 (keep-current E=2.7066); routes changed=0
2026-09-23 16:27:58,156 INFO simulation_152765.rerouting: step 22 rerouted s0022-w005-g002-q2_23 (q2 QPU0 -> q23 QPU1): 0-2-1 -> 0-3-1, cost 167.76 -> 72.46
2026-09-23 16:27:58,156 INFO simulation_152765.rerouting: step 22 link 0-2 utilization 0.86 -> 0.71 after selective rerouting
2026-09-23 16:27:58,156 INFO simulation_152765.rerouting: step 22 link 1-4 utilization 1.00 -> 1.00 after selective rerouting
2026-09-23 16:27:58,156 INFO simulation_152765.rerouting: step 22 link 1-5 utilization 0.75 -> 0.75 after selective rerouting
2026-09-23 16:27:58,156 INFO simulation_152765.repartition: step 22 trigger 'congestion+resource' suppressed by cooldown (last repartition at step 21)
2026-09-23 16:27:58,156 INFO simulation_152765: step 22 deferred 3 communications to queue (hard_capacity); queue length 3
2026-09-23 16:27:58,157 INFO simulation_152765: step 23 congestion on links 1-2|1-4 (utilization 1-2:0.67, 1-4:1.00); affected=5 unaffected=2 in_flight_on_congested=5
2026-09-23 16:27:58,552 INFO simulation_152765.rerouting: step 23 selective rerouting: 5 affected communications on congested links 1-2|1-4; 2 unaffected communications left untouched
2026-09-23 16:27:58,552 INFO simulation_152765.rerouting: step 23 block 0: 5 communications, 10 QUBO variables, 0 pairwise capacity conflicts; classical=classical_exhaustive E=2.6873; qaoa=attempted feasible E=2.6873; executed=qaoa E=2.6873 (keep-current E=3.5681); routes changed=2
2026-09-23 16:27:58,552 INFO simulation_152765.rerouting: step 23 rerouted s0021-w004-g004-q5_17 (q5 QPU4 -> q17 QPU0): 4-1-2-0 -> 4-1-3-0, cost 305.04 -> 334.57
2026-09-23 16:27:58,552 INFO simulation_152765.rerouting: step 23 rerouted s0023-w006-g000-q0_2 (q0 QPU5 -> q2 QPU0): 5-1-2-0 -> 5-1-3-0, cost 155.47 -> 187.02
2026-09-23 16:27:58,552 INFO simulation_152765.rerouting: step 23 link 1-2 utilization 0.67 -> 0.44 after selective rerouting
2026-09-23 16:27:58,552 INFO simulation_152765.rerouting: step 23 link 1-4 utilization 1.00 -> 1.00 after selective rerouting
2026-09-23 16:27:58,552 INFO simulation_152765.repartition: step 23 trigger 'congestion+resource' suppressed by cooldown (last repartition at step 21)
2026-09-23 16:27:58,552 INFO simulation_152765: step 23 deferred 4 communications to queue (hard_capacity); queue length 4
2026-09-23 16:27:58,553 INFO simulation_152765: step 24 congestion on links 1-4 (utilization 1-4:1.00); affected=4 unaffected=6 in_flight_on_congested=1
2026-09-23 16:27:58,819 INFO simulation_152765.rerouting: step 24 selective rerouting: 4 affected communications on congested links 1-4; 6 unaffected communications left untouched
2026-09-23 16:27:58,820 INFO simulation_152765.rerouting: step 24 block 0: 4 communications, 6 QUBO variables, 0 pairwise capacity conflicts; classical=classical_exhaustive E=8.5044; qaoa=attempted feasible E=8.5044; executed=qaoa E=8.5044 (keep-current E=8.5044); routes changed=0
2026-09-23 16:27:58,820 INFO simulation_152765.rerouting: step 24 link 1-4 utilization 1.00 -> 1.00 after selective rerouting
2026-09-23 16:27:58,886 INFO simulation_152765.repartition: step 24 repartition trigger reason=combined (congestion+resource) links=1-4 affected_qubits=[4, 5, 7, 9, 10, 11, 12, 13, 17, 19, 22]
2026-09-23 16:27:58,886 INFO simulation_152765.repartition: step 24 evaluated 92 selective candidates; objective 16153.16 -> 15953.93 (communication 9353.16 -> 9231.62, deferred load 34.0 -> 33.0, migration 122.31)
2026-09-23 16:27:58,886 INFO simulation_152765.repartition: step 24 repartition rejected: improvement_below_margin
2026-09-23 16:27:58,887 INFO simulation_152765: step 24 deferred 4 communications to queue (hard_capacity); queue length 4
2026-09-23 16:27:58,887 INFO simulation_152765: step 25 congestion on links 1-2|1-4|1-5 (utilization 1-2:0.67, 1-4:1.00, 1-5:0.75); affected=5 unaffected=1 in_flight_on_congested=5
2026-09-23 16:27:59,295 INFO simulation_152765.rerouting: step 25 selective rerouting: 5 affected communications on congested links 1-2|1-4|1-5; 1 unaffected communications left untouched
2026-09-23 16:27:59,295 INFO simulation_152765.rerouting: step 25 block 0: 5 communications, 9 QUBO variables, 0 pairwise capacity conflicts; classical=classical_exhaustive E=3.2599; qaoa=attempted feasible E=3.2599; executed=qaoa E=3.2599 (keep-current E=3.7053); routes changed=1
2026-09-23 16:27:59,295 INFO simulation_152765.rerouting: step 25 rerouted s0025-w008-g000-q0_6 (q0 QPU5 -> q6 QPU0): 5-1-2-0 -> 5-1-3-0, cost 238.50 -> 179.01
2026-09-23 16:27:59,295 INFO simulation_152765.rerouting: step 25 link 1-2 utilization 0.67 -> 0.56 after selective rerouting
2026-09-23 16:27:59,295 INFO simulation_152765.rerouting: step 25 link 1-4 utilization 1.00 -> 1.00 after selective rerouting
2026-09-23 16:27:59,295 INFO simulation_152765.rerouting: step 25 link 1-5 utilization 0.75 -> 0.75 after selective rerouting
2026-09-23 16:27:59,390 INFO simulation_152765.repartition: step 25 repartition trigger reason=combined (congestion+resource) links=1-4 affected_qubits=[3, 5, 7, 9, 10, 12, 13, 14, 15, 19, 22, 23]
2026-09-23 16:27:59,391 INFO simulation_152765.repartition: step 25 evaluated 108 selective candidates; objective 12711.35 -> 12096.14 (communication 11711.35 -> 11609.26, deferred load 5.0 -> 2.0, migration 86.88)
2026-09-23 16:27:59,391 INFO simulation_152765.repartition: step 25 repartition rejected: improvement_below_margin
2026-09-23 16:27:59,391 INFO simulation_152765: step 25 deferred 7 communications to queue (hard_capacity); queue length 7
2026-09-23 16:27:59,391 INFO simulation_152765: step 26 congestion on links 1-4|1-5 (utilization 1-4:1.00, 1-5:0.75); affected=8 unaffected=3 in_flight_on_congested=2
2026-09-23 16:27:59,718 INFO simulation_152765.rerouting: step 26 selective rerouting: 8 affected communications on congested links 1-4|1-5; 3 unaffected communications left untouched
2026-09-23 16:27:59,718 INFO simulation_152765.rerouting: step 26 block 0: 8 communications, 8 QUBO variables, 0 pairwise capacity conflicts; classical=classical_exhaustive E=20.1832; qaoa=attempted feasible E=20.1832; executed=qaoa E=20.1832 (keep-current E=20.1832); routes changed=0
2026-09-23 16:27:59,718 INFO simulation_152765.rerouting: step 26 link 1-4 utilization 1.00 -> 1.00 after selective rerouting
2026-09-23 16:27:59,718 INFO simulation_152765.rerouting: step 26 link 1-5 utilization 0.75 -> 0.75 after selective rerouting
2026-09-23 16:27:59,933 INFO simulation_152765.repartition: step 26 repartition trigger reason=combined (congestion+resource) links=1-4|1-5 affected_qubits=[0, 1, 3, 4, 5, 7, 8, 9, 10, 11, 12, 13, 14, 15, 16, 18, 22, 23]
2026-09-23 16:27:59,933 INFO simulation_152765.repartition: step 26 evaluated 262 selective candidates; objective 18208.03 -> 17348.96 (communication 16008.03 -> 15669.89, deferred load 11.0 -> 8.0, migration 79.07)
2026-09-23 16:27:59,933 INFO simulation_152765.repartition: step 26 repartition rejected: improvement_below_margin
2026-09-23 16:27:59,933 INFO simulation_152765: step 26 deferred 5 communications to queue (hard_capacity); queue length 5
2026-09-23 16:27:59,934 INFO simulation_152765: step 27 congestion on links 1-4 (utilization 1-4:1.00); affected=3 unaffected=6 in_flight_on_congested=2
2026-09-23 16:28:00,113 INFO simulation_152765.rerouting: step 27 selective rerouting: 3 affected communications on congested links 1-4; 6 unaffected communications left untouched
2026-09-23 16:28:00,113 INFO simulation_152765.rerouting: step 27 block 0: 3 communications, 4 QUBO variables, 0 pairwise capacity conflicts; classical=classical_exhaustive E=3.0522; qaoa=attempted feasible E=3.0522; executed=qaoa E=3.0522 (keep-current E=3.0522); routes changed=0
2026-09-23 16:28:00,113 INFO simulation_152765.rerouting: step 27 link 1-4 utilization 1.00 -> 1.00 after selective rerouting
2026-09-23 16:28:00,178 INFO simulation_152765.repartition: step 27 repartition trigger reason=combined (congestion+resource) links=1-4 affected_qubits=[4, 5, 7, 10, 11, 12, 14, 15, 18, 23]
2026-09-23 16:28:00,178 INFO simulation_152765.repartition: step 27 evaluated 76 selective candidates; objective 11323.73 -> 10908.73 (communication 10923.73 -> 10773.03, deferred load 2.0 -> 0.0, migration 135.69)
2026-09-23 16:28:00,178 INFO simulation_152765.repartition: step 27 repartition rejected: improvement_below_margin
2026-09-23 16:28:00,178 INFO simulation_152765: step 27 deferred 4 communications to queue (hard_capacity); queue length 4
2026-09-23 16:28:00,179 INFO simulation_152765: step 28 congestion on links 1-2|1-4 (utilization 1-2:0.75, 1-4:1.00); affected=8 unaffected=2 in_flight_on_congested=1
2026-09-23 16:28:00,972 INFO simulation_152765.rerouting: step 28 selective rerouting: 8 affected communications on congested links 1-2|1-4; 2 unaffected communications left untouched
2026-09-23 16:28:00,972 INFO simulation_152765.rerouting: step 28 block 0: 6 communications, 12 QUBO variables, 0 pairwise capacity conflicts; classical=classical_exhaustive E=4.8181; qaoa=attempted feasible E=4.8181; executed=qaoa E=4.8181 (keep-current E=5.5946); routes changed=2
2026-09-23 16:28:00,972 INFO simulation_152765.rerouting: step 28 block 1: 2 communications, 2 QUBO variables, 0 pairwise capacity conflicts; classical=classical_exhaustive E=2.5417; qaoa=attempted feasible E=2.5417; executed=qaoa E=2.5417 (keep-current E=2.5417); routes changed=0
2026-09-23 16:28:00,972 INFO simulation_152765.rerouting: step 28 rerouted s0026-w009-g005-q7_11 (q7 QPU4 -> q11 QPU2): 4-1-2 -> 4-1-3-0-2, cost 297.68 -> 261.48
2026-09-23 16:28:00,972 INFO simulation_152765.rerouting: step 28 rerouted s0026-w009-g006-q12_18 (q12 QPU4 -> q18 QPU2): 4-1-2 -> 4-1-3-0-2, cost 297.68 -> 261.48
2026-09-23 16:28:00,972 INFO simulation_152765.rerouting: step 28 link 1-2 utilization 0.75 -> 0.50 after selective rerouting
2026-09-23 16:28:00,972 INFO simulation_152765.rerouting: step 28 link 1-4 utilization 1.00 -> 1.00 after selective rerouting
2026-09-23 16:28:00,996 INFO simulation_152765.repartition: step 28 repartition trigger reason=combined (congestion+resource) links=1-4 affected_qubits=[4, 5, 7, 9, 10, 11, 12, 17, 18]
2026-09-23 16:28:00,996 INFO simulation_152765.repartition: step 28 evaluated 29 selective candidates; objective 16252.30 -> 16252.30 (communication 13052.30 -> 13052.30, deferred load 16.0 -> 16.0, migration 0.00)
2026-09-23 16:28:00,996 INFO simulation_152765.repartition: step 28 repartition rejected: no_improving_selective_move
2026-09-23 16:28:00,997 INFO simulation_152765: step 28 deferred 2 communications to queue (hard_capacity); queue length 2
2026-09-23 16:28:00,997 INFO simulation_152765: step 29 congestion on links 1-4 (utilization 1-4:1.00); affected=1 unaffected=7 in_flight_on_congested=3
2026-09-23 16:28:01,057 INFO simulation_152765.rerouting: step 29 selective rerouting: 1 affected communications on congested links 1-4; 7 unaffected communications left untouched
2026-09-23 16:28:01,057 INFO simulation_152765.rerouting: step 29 block 0: 1 communications, 1 QUBO variables, 0 pairwise capacity conflicts; classical=classical_exhaustive E=1.0000; qaoa=attempted feasible E=1.0000; executed=qaoa E=1.0000 (keep-current E=1.0000); routes changed=0
2026-09-23 16:28:01,057 INFO simulation_152765.rerouting: step 29 link 1-4 utilization 1.00 -> 1.00 after selective rerouting
2026-09-23 16:28:01,071 INFO simulation_152765.repartition: step 29 repartition trigger reason=combined (congestion+resource) links=1-4 affected_qubits=[2, 5, 7, 9, 10, 17, 22]
2026-09-23 16:28:01,072 INFO simulation_152765.repartition: step 29 evaluated 15 selective candidates; objective 15227.44 -> 15227.44 (communication 11827.44 -> 11827.44, deferred load 17.0 -> 17.0, migration 0.00)
2026-09-23 16:28:01,072 INFO simulation_152765.repartition: step 29 repartition rejected: no_improving_selective_move
2026-09-23 16:28:01,072 INFO simulation_152765: step 29 deferred 3 communications to queue (hard_capacity); queue length 3
2026-09-23 16:28:01,072 INFO simulation_152765: step 30 congestion on links 0-2|1-2|1-4 (utilization 0-2:0.88, 1-2:0.62, 1-4:1.00); affected=6 unaffected=2 in_flight_on_congested=3
2026-09-23 16:28:02,026 INFO simulation_152765.rerouting: step 30 selective rerouting: 6 affected communications on congested links 0-2|1-2|1-4; 2 unaffected communications left untouched
2026-09-23 16:28:02,026 INFO simulation_152765.rerouting: step 30 block 0: 6 communications, 12 QUBO variables, 0 pairwise capacity conflicts; classical=classical_exhaustive E=4.6715; qaoa=attempted feasible E=4.9106; executed=qaoa E=4.9106 (keep-current E=6.3488); routes changed=3
2026-09-23 16:28:02,026 INFO simulation_152765.rerouting: step 30 rerouted s0028-w011-g008-q9_17 (q9 QPU4 -> q17 QPU0): 4-1-2-0 -> 4-1-3-0, cost 401.87 -> 308.73
2026-09-23 16:28:02,026 INFO simulation_152765.rerouting: step 30 rerouted s0030-w013-g001-q1_18 (q1 QPU3 -> q18 QPU2): 3-0-2 -> 3-1-2, cost 161.74 -> 154.87
2026-09-23 16:28:02,026 INFO simulation_152765.rerouting: step 30 rerouted s0030-w013-g011-q13_17 (q13 QPU5 -> q17 QPU0): 5-1-2-0 -> 5-1-3-0, cost 257.12 -> 159.36
2026-09-23 16:28:02,026 INFO simulation_152765.rerouting: step 30 link 0-2 utilization 0.88 -> 0.50 after selective rerouting
2026-09-23 16:28:02,026 INFO simulation_152765.rerouting: step 30 link 1-2 utilization 0.62 -> 0.50 after selective rerouting
2026-09-23 16:28:02,026 INFO simulation_152765.rerouting: step 30 link 1-4 utilization 1.00 -> 1.00 after selective rerouting
2026-09-23 16:28:02,100 INFO simulation_152765.repartition: step 30 repartition trigger reason=combined (congestion+resource) links=1-4 affected_qubits=[2, 4, 5, 7, 9, 12, 14, 17, 20, 21, 22]
2026-09-23 16:28:02,100 INFO simulation_152765.repartition: step 30 evaluated 90 selective candidates; objective 17439.13 -> 17211.61 (communication 13639.13 -> 13346.52, deferred load 19.0 -> 19.0, migration 65.09)
2026-09-23 16:28:02,100 INFO simulation_152765.repartition: step 30 repartition rejected: improvement_below_margin
2026-09-23 16:28:02,100 INFO simulation_152765: step 30 deferred 5 communications to queue (hard_capacity); queue length 5
2026-09-23 16:28:02,101 INFO simulation_152765: step 31 congestion on links 1-2|1-4 (utilization 1-2:0.62, 1-4:1.00); affected=4 unaffected=1 in_flight_on_congested=3
2026-09-23 16:28:02,414 INFO simulation_152765.rerouting: step 31 selective rerouting: 4 affected communications on congested links 1-2|1-4; 1 unaffected communications left untouched
2026-09-23 16:28:02,414 INFO simulation_152765.rerouting: step 31 block 0: 4 communications, 7 QUBO variables, 0 pairwise capacity conflicts; classical=classical_exhaustive E=2.9880; qaoa=attempted feasible E=2.9880; executed=qaoa E=2.9880 (keep-current E=3.3279); routes changed=1
2026-09-23 16:28:02,414 INFO simulation_152765.rerouting: step 31 rerouted s0029-w012-g008-q9_22 (q9 QPU4 -> q22 QPU0): 4-1-2-0 -> 4-1-3-0, cost 300.92 -> 242.46
2026-09-23 16:28:02,414 INFO simulation_152765.rerouting: step 31 link 1-2 utilization 0.62 -> 0.50 after selective rerouting
2026-09-23 16:28:02,414 INFO simulation_152765.rerouting: step 31 link 1-4 utilization 1.00 -> 1.00 after selective rerouting
2026-09-23 16:28:02,500 INFO simulation_152765.repartition: step 31 repartition trigger reason=combined (congestion+resource) links=1-4 affected_qubits=[3, 4, 5, 6, 7, 9, 12, 14, 16, 20, 21, 22]
2026-09-23 16:28:02,501 INFO simulation_152765.repartition: step 31 evaluated 114 selective candidates; objective 15183.47 -> 14897.27 (communication 7783.47 -> 7685.69, deferred load 37.0 -> 35.0, migration 211.59)
2026-09-23 16:28:02,501 INFO simulation_152765.repartition: step 31 repartition rejected: improvement_below_margin
2026-09-23 16:28:02,501 INFO simulation_152765: step 31 deferred 7 communications to queue (hard_capacity); queue length 7
2026-09-23 16:28:02,501 INFO simulation_152765: step 32 congestion on links 1-4 (utilization 1-4:1.00); affected=1 unaffected=7 in_flight_on_congested=3
2026-09-23 16:28:02,622 INFO simulation_152765.rerouting: step 32 selective rerouting: 1 affected communications on congested links 1-4; 7 unaffected communications left untouched
2026-09-23 16:28:02,622 INFO simulation_152765.rerouting: step 32 block 0: 1 communications, 2 QUBO variables, 0 pairwise capacity conflicts; classical=classical_exhaustive E=0.9004; qaoa=attempted feasible E=0.9004; executed=qaoa E=0.9004 (keep-current E=0.9004); routes changed=0
2026-09-23 16:28:02,622 INFO simulation_152765.rerouting: step 32 link 1-4 utilization 1.00 -> 1.00 after selective rerouting
2026-09-23 16:28:02,712 INFO simulation_152765.repartition: step 32 repartition trigger reason=combined (congestion+resource) links=1-4 affected_qubits=[1, 2, 3, 5, 6, 7, 9, 12, 14, 16, 20, 21]
2026-09-23 16:28:02,712 INFO simulation_152765.repartition: step 32 evaluated 112 selective candidates; objective 15190.49 -> 14777.93 (communication 10390.49 -> 10169.51, deferred load 24.0 -> 22.0, migration 208.42)
2026-09-23 16:28:02,712 INFO simulation_152765.repartition: step 32 repartition rejected: improvement_below_margin
2026-09-23 16:28:02,712 INFO simulation_152765: step 32 deferred 10 communications to queue (hard_capacity); queue length 10
2026-09-23 16:28:02,713 INFO simulation_152765: step 33 congestion on links 1-4 (utilization 1-4:1.00); affected=2 unaffected=5 in_flight_on_congested=2
2026-09-23 16:28:02,901 INFO simulation_152765.rerouting: step 33 selective rerouting: 2 affected communications on congested links 1-4; 5 unaffected communications left untouched
2026-09-23 16:28:02,901 INFO simulation_152765.rerouting: step 33 block 0: 2 communications, 4 QUBO variables, 0 pairwise capacity conflicts; classical=classical_exhaustive E=1.9751; qaoa=attempted feasible E=1.9751; executed=qaoa E=1.9751 (keep-current E=1.9751); routes changed=0
2026-09-23 16:28:02,901 INFO simulation_152765.rerouting: step 33 link 1-4 utilization 1.00 -> 1.00 after selective rerouting
2026-09-23 16:28:03,071 INFO simulation_152765.repartition: step 33 repartition trigger reason=combined (congestion+resource) links=1-4 affected_qubits=[1, 2, 3, 5, 6, 7, 8, 9, 11, 12, 14, 16, 18, 20, 21, 23]
2026-09-23 16:28:03,071 INFO simulation_152765.repartition: step 33 evaluated 206 selective candidates; objective 18585.41 -> 17244.17 (communication 13385.41 -> 12556.31, deferred load 26.0 -> 22.0, migration 287.86)
2026-09-23 16:28:03,071 INFO simulation_152765.repartition: step 33 accepted swap of qubits [7, 18]: QPU [4, 2] -> QPU [2, 4]
2026-09-23 16:28:03,071 INFO simulation_152765.repartition: step 33 accepted swap of qubits [1, 5]: QPU [3, 4] -> QPU [4, 3]
2026-09-23 16:28:03,071 INFO simulation_152765.repartition: step 33 link 1-4 projected peak utilization 1.00 -> 1.00
2026-09-23 16:28:03,071 INFO simulation_152765.repartition: step 33 moved qubits [1, 5, 7, 18]; new partition {0: [2, 6, 17, 22], 1: [3, 10, 15, 23], 2: [7, 11, 19, 21], 3: [5, 8, 14, 20], 4: [1, 9, 12, 18], 5: [0, 4, 13, 16]}
2026-09-23 16:28:03,071 INFO simulation_152765: step 33 deferred 12 communications to queue (hard_capacity); queue length 12
2026-09-23 16:28:03,072 INFO simulation_152765: step 34 congestion on links 1-4|1-5 (utilization 1-4:1.00, 1-5:0.67); affected=5 unaffected=6 in_flight_on_congested=4
2026-09-23 16:28:03,311 INFO simulation_152765.rerouting: step 34 selective rerouting: 5 affected communications on congested links 1-4|1-5; 6 unaffected communications left untouched
2026-09-23 16:28:03,311 INFO simulation_152765.rerouting: step 34 block 0: 5 communications, 6 QUBO variables, 0 pairwise capacity conflicts; classical=classical_exhaustive E=3.2175; qaoa=attempted feasible E=3.2175; executed=qaoa E=3.2175 (keep-current E=3.2175); routes changed=0
2026-09-23 16:28:03,311 INFO simulation_152765.rerouting: step 34 link 1-4 utilization 1.00 -> 1.00 after selective rerouting
2026-09-23 16:28:03,311 INFO simulation_152765.rerouting: step 34 link 1-5 utilization 0.67 -> 0.67 after selective rerouting
2026-09-23 16:28:03,311 INFO simulation_152765.repartition: step 34 trigger 'congestion+resource' suppressed by cooldown (last repartition at step 33)
2026-09-23 16:28:03,311 INFO simulation_152765: step 34 deferred 4 communications to queue (hard_capacity); queue length 4
2026-09-23 16:28:03,312 INFO simulation_152765: step 35 congestion on links 1-4 (utilization 1-4:1.00); affected=3 unaffected=7 in_flight_on_congested=1
2026-09-23 16:28:03,542 INFO simulation_152765.rerouting: step 35 selective rerouting: 3 affected communications on congested links 1-4; 7 unaffected communications left untouched
2026-09-23 16:28:03,542 INFO simulation_152765.rerouting: step 35 block 0: 3 communications, 5 QUBO variables, 0 pairwise capacity conflicts; classical=classical_exhaustive E=6.1711; qaoa=attempted feasible E=6.1711; executed=qaoa E=6.1711 (keep-current E=6.1711); routes changed=0
2026-09-23 16:28:03,542 INFO simulation_152765.rerouting: step 35 link 1-4 utilization 1.00 -> 1.00 after selective rerouting
2026-09-23 16:28:03,542 INFO simulation_152765.repartition: step 35 trigger 'congestion+resource' suppressed by cooldown (last repartition at step 33)
2026-09-23 16:28:03,542 INFO simulation_152765: step 35 deferred 5 communications to queue (hard_capacity); queue length 5
2026-09-23 16:28:03,544 INFO simulation_152765: step 36 congestion on links 1-2|1-4 (utilization 1-2:0.88, 1-4:1.00); affected=5 unaffected=2 in_flight_on_congested=3
2026-09-23 16:28:04,097 INFO simulation_152765.rerouting: step 36 selective rerouting: 5 affected communications on congested links 1-2|1-4; 2 unaffected communications left untouched
2026-09-23 16:28:04,097 INFO simulation_152765.rerouting: step 36 block 0: 5 communications, 10 QUBO variables, 0 pairwise capacity conflicts; classical=classical_exhaustive E=4.2684; qaoa=attempted feasible E=4.2684; executed=qaoa E=4.2684 (keep-current E=5.3415); routes changed=2
2026-09-23 16:28:04,097 INFO simulation_152765.rerouting: step 36 rerouted s0034-w001-g006-q6_18 (q6 QPU0 -> q18 QPU4): 0-2-1-4 -> 0-3-1-4, cost 325.40 -> 233.05
2026-09-23 16:28:04,097 INFO simulation_152765.rerouting: step 36 rerouted s0036-w003-g000-q0_2 (q0 QPU5 -> q2 QPU0): 5-1-2-0 -> 5-1-3-0, cost 184.04 -> 85.08
2026-09-23 16:28:04,097 INFO simulation_152765.rerouting: step 36 link 1-2 utilization 0.88 -> 0.62 after selective rerouting
2026-09-23 16:28:04,097 INFO simulation_152765.rerouting: step 36 link 1-4 utilization 1.00 -> 1.00 after selective rerouting
2026-09-23 16:28:04,208 INFO simulation_152765.repartition: step 36 repartition trigger reason=combined (congestion+resource) links=1-4 affected_qubits=[1, 3, 4, 6, 7, 8, 9, 12, 14, 15, 18, 19, 20]
2026-09-23 16:28:04,208 INFO simulation_152765.repartition: step 36 evaluated 134 selective candidates; objective 16380.80 -> 14862.59 (communication 11380.80 -> 10441.58, deferred load 25.0 -> 21.0, migration 221.01)
2026-09-23 16:28:04,208 INFO simulation_152765.repartition: step 36 accepted swap of qubits [9, 20]: QPU [4, 3] -> QPU [3, 4]
2026-09-23 16:28:04,208 INFO simulation_152765.repartition: step 36 accepted swap of qubits [3, 12]: QPU [1, 4] -> QPU [4, 1]
2026-09-23 16:28:04,208 INFO simulation_152765.repartition: step 36 link 1-4 projected peak utilization 1.00 -> 1.00
2026-09-23 16:28:04,208 INFO simulation_152765.repartition: step 36 moved qubits [3, 9, 12, 20]; new partition {0: [2, 6, 17, 22], 1: [10, 12, 15, 23], 2: [7, 11, 19, 21], 3: [5, 8, 9, 14], 4: [1, 3, 18, 20], 5: [0, 4, 13, 16]}
2026-09-23 16:28:04,208 INFO simulation_152765: step 36 deferred 7 communications to queue (hard_capacity); queue length 7
2026-09-23 16:28:04,209 INFO simulation_152765: step 37 congestion on links 1-3|1-4 (utilization 1-3:0.86, 1-4:1.00); affected=3 unaffected=6 in_flight_on_congested=4
2026-09-23 16:28:04,454 INFO simulation_152765.rerouting: step 37 selective rerouting: 3 affected communications on congested links 1-3|1-4; 6 unaffected communications left untouched
2026-09-23 16:28:04,454 INFO simulation_152765.rerouting: step 37 block 0: 3 communications, 6 QUBO variables, 0 pairwise capacity conflicts; classical=classical_exhaustive E=4.6631; qaoa=attempted feasible E=4.6631; executed=qaoa E=4.6631 (keep-current E=8.8493); routes changed=1
2026-09-23 16:28:04,454 INFO simulation_152765.rerouting: step 37 rerouted s0035-w002-g009-q14_18 (q14 QPU3 -> q18 QPU4): 3-1-4 -> 3-0-2-1-4, cost 318.57 -> 242.50
2026-09-23 16:28:04,454 INFO simulation_152765.rerouting: step 37 link 1-3 utilization 0.86 -> 0.71 after selective rerouting
2026-09-23 16:28:04,454 INFO simulation_152765.rerouting: step 37 link 1-4 utilization 1.00 -> 1.00 after selective rerouting
2026-09-23 16:28:04,454 INFO simulation_152765.repartition: step 37 trigger 'congestion+resource' suppressed by cooldown (last repartition at step 36)
2026-09-23 16:28:04,454 INFO simulation_152765: step 37 deferred 3 communications to queue (hard_capacity); queue length 3
2026-09-23 16:28:04,455 INFO simulation_152765: step 38 congestion on links 1-4 (utilization 1-4:1.00); affected=2 unaffected=3 in_flight_on_congested=2
2026-09-23 16:28:04,631 INFO simulation_152765.rerouting: step 38 selective rerouting: 2 affected communications on congested links 1-4; 3 unaffected communications left untouched
2026-09-23 16:28:04,632 INFO simulation_152765.rerouting: step 38 block 0: 2 communications, 4 QUBO variables, 0 pairwise capacity conflicts; classical=classical_exhaustive E=2.1841; qaoa=attempted feasible E=2.1841; executed=qaoa E=2.1841 (keep-current E=2.1841); routes changed=0
2026-09-23 16:28:04,632 INFO simulation_152765.rerouting: step 38 link 1-4 utilization 1.00 -> 1.00 after selective rerouting
2026-09-23 16:28:04,632 INFO simulation_152765.repartition: step 38 trigger 'congestion+resource' suppressed by cooldown (last repartition at step 36)
2026-09-23 16:28:04,632 INFO simulation_152765: step 38 deferred 5 communications to queue (hard_capacity); queue length 5
2026-09-23 16:28:04,632 INFO simulation_152765: step 39 congestion on links 1-4 (utilization 1-4:1.00); affected=2 unaffected=6 in_flight_on_congested=2
2026-09-23 16:28:04,738 INFO simulation_152765.rerouting: step 39 selective rerouting: 2 affected communications on congested links 1-4; 6 unaffected communications left untouched
2026-09-23 16:28:04,738 INFO simulation_152765.rerouting: step 39 block 0: 2 communications, 2 QUBO variables, 0 pairwise capacity conflicts; classical=classical_exhaustive E=2.5417; qaoa=attempted feasible E=2.5417; executed=qaoa E=2.5417 (keep-current E=2.5417); routes changed=0
2026-09-23 16:28:04,738 INFO simulation_152765.rerouting: step 39 link 1-4 utilization 1.00 -> 1.00 after selective rerouting
2026-09-23 16:28:04,847 INFO simulation_152765.repartition: step 39 repartition trigger reason=combined (congestion+resource) links=1-4 affected_qubits=[0, 1, 3, 6, 11, 14, 16, 18, 19, 20, 21, 22, 23]
2026-09-23 16:28:04,848 INFO simulation_152765.repartition: step 39 evaluated 134 selective candidates; objective 15796.12 -> 14700.45 (communication 10796.12 -> 11041.96, deferred load 25.0 -> 17.0, migration 258.49)
2026-09-23 16:28:04,848 INFO simulation_152765.repartition: step 39 accepted swap of qubits [18, 19]: QPU [4, 2] -> QPU [2, 4]
2026-09-23 16:28:04,848 INFO simulation_152765.repartition: step 39 accepted swap of qubits [1, 21]: QPU [4, 2] -> QPU [2, 4]
2026-09-23 16:28:04,848 INFO simulation_152765.repartition: step 39 link 1-4 projected peak utilization 1.00 -> 1.00
2026-09-23 16:28:04,848 INFO simulation_152765.repartition: step 39 moved qubits [1, 18, 19, 21]; new partition {0: [2, 6, 17, 22], 1: [10, 12, 15, 23], 2: [1, 7, 11, 18], 3: [5, 8, 9, 14], 4: [3, 19, 20, 21], 5: [0, 4, 13, 16]}
2026-09-23 16:28:04,848 INFO simulation_152765: step 39 deferred 7 communications to queue (hard_capacity); queue length 7
2026-09-23 16:28:04,848 INFO simulation_152765: step 40 congestion on links 0-2|1-4 (utilization 0-2:0.71, 1-4:1.00); affected=6 unaffected=6 in_flight_on_congested=3
2026-09-23 16:28:05,723 INFO simulation_152765.rerouting: step 40 selective rerouting: 6 affected communications on congested links 0-2|1-4; 6 unaffected communications left untouched
2026-09-23 16:28:05,723 INFO simulation_152765.rerouting: step 40 block 0: 6 communications, 12 QUBO variables, 0 pairwise capacity conflicts; classical=classical_exhaustive E=4.2840; qaoa=attempted feasible E=4.2840; executed=qaoa E=4.2840 (keep-current E=4.6239); routes changed=1
2026-09-23 16:28:05,723 INFO simulation_152765.rerouting: step 40 rerouted s0040-w007-g006-q6_23 (q6 QPU0 -> q23 QPU1): 0-2-1 -> 0-3-1, cost 138.13 -> 68.56
2026-09-23 16:28:05,723 INFO simulation_152765.rerouting: step 40 link 0-2 utilization 0.71 -> 0.57 after selective rerouting
2026-09-23 16:28:05,723 INFO simulation_152765.rerouting: step 40 link 1-4 utilization 1.00 -> 1.00 after selective rerouting
2026-09-23 16:28:05,723 INFO simulation_152765.repartition: step 40 trigger 'congestion+resource' suppressed by cooldown (last repartition at step 39)
2026-09-23 16:28:05,723 INFO simulation_152765: step 40 deferred 1 communications to queue (hard_capacity); queue length 1
2026-09-23 16:28:05,723 INFO simulation_152765: step 41 congestion on links 1-3|1-4 (utilization 1-3:0.71, 1-4:1.00); affected=3 unaffected=6 in_flight_on_congested=4
2026-09-23 16:28:05,959 INFO simulation_152765.rerouting: step 41 selective rerouting: 3 affected communications on congested links 1-3|1-4; 6 unaffected communications left untouched
2026-09-23 16:28:05,959 INFO simulation_152765.rerouting: step 41 block 0: 3 communications, 6 QUBO variables, 0 pairwise capacity conflicts; classical=classical_exhaustive E=2.1067; qaoa=attempted feasible E=2.1067; executed=qaoa E=2.1067 (keep-current E=2.1067); routes changed=0
2026-09-23 16:28:05,959 INFO simulation_152765.rerouting: step 41 link 1-3 utilization 0.71 -> 0.71 after selective rerouting
2026-09-23 16:28:05,959 INFO simulation_152765.rerouting: step 41 link 1-4 utilization 1.00 -> 1.00 after selective rerouting
2026-09-23 16:28:05,959 INFO simulation_152765.repartition: step 41 trigger 'congestion+resource' suppressed by cooldown (last repartition at step 39)
2026-09-23 16:28:05,959 INFO simulation_152765: step 41 deferred 1 communications to queue (hard_capacity); queue length 1
2026-09-23 16:28:05,960 INFO simulation_152765: step 42 congestion on links 1-2|1-4 (utilization 1-2:0.67, 1-4:1.00); affected=5 unaffected=3 in_flight_on_congested=3
2026-09-23 16:28:06,334 INFO simulation_152765.rerouting: step 42 selective rerouting: 5 affected communications on congested links 1-2|1-4; 3 unaffected communications left untouched
2026-09-23 16:28:06,335 INFO simulation_152765.rerouting: step 42 block 0: 5 communications, 9 QUBO variables, 0 pairwise capacity conflicts; classical=classical_exhaustive E=3.1637; qaoa=attempted feasible E=3.1637; executed=qaoa E=3.1637 (keep-current E=3.2090); routes changed=1
2026-09-23 16:28:06,335 INFO simulation_152765.rerouting: step 42 rerouted s0042-w009-g011-q22_23 (q22 QPU0 -> q23 QPU1): 0-2-1 -> 0-3-1, cost 133.23 -> 74.22
2026-09-23 16:28:06,335 INFO simulation_152765.rerouting: step 42 link 1-2 utilization 0.67 -> 0.56 after selective rerouting
2026-09-23 16:28:06,335 INFO simulation_152765.rerouting: step 42 link 1-4 utilization 1.00 -> 1.00 after selective rerouting
2026-09-23 16:28:06,344 INFO simulation_152765.repartition: step 42 repartition trigger reason=combined (congestion+resource) links=1-4 affected_qubits=[3, 9, 10, 17, 21]
2026-09-23 16:28:06,344 INFO simulation_152765.repartition: step 42 evaluated 9 selective candidates; objective 14691.19 -> 14691.19 (communication 12891.19 -> 12891.19, deferred load 9.0 -> 9.0, migration 0.00)
2026-09-23 16:28:06,344 INFO simulation_152765.repartition: step 42 repartition rejected: no_improving_selective_move
2026-09-23 16:28:06,344 INFO simulation_152765: step 42 deferred 1 communications to queue (hard_capacity); queue length 1
2026-09-23 16:28:06,345 INFO simulation_152765: step 43 congestion on links 0-2|1-3|1-4 (utilization 0-2:0.67, 1-3:0.86, 1-4:1.00); affected=7 unaffected=3 in_flight_on_congested=4
2026-09-23 16:28:07,264 INFO simulation_152765.rerouting: step 43 selective rerouting: 7 affected communications on congested links 0-2|1-3|1-4; 3 unaffected communications left untouched
2026-09-23 16:28:07,264 INFO simulation_152765.rerouting: step 43 block 0: 6 communications, 12 QUBO variables, 0 pairwise capacity conflicts; classical=classical_exhaustive E=5.1513; qaoa=attempted feasible E=5.1782; executed=qaoa E=5.1782 (keep-current E=5.3123); routes changed=1
2026-09-23 16:28:07,264 INFO simulation_152765.rerouting: step 43 block 1: 1 communications, 1 QUBO variables, 0 pairwise capacity conflicts; classical=classical_exhaustive E=1.0000; qaoa=attempted feasible E=1.0000; executed=qaoa E=1.0000 (keep-current E=1.0000); routes changed=0
2026-09-23 16:28:07,264 INFO simulation_152765.rerouting: step 43 rerouted s0043-w010-g002-q2_23 (q2 QPU0 -> q23 QPU1): 0-2-1 -> 0-3-1, cost 129.88 -> 205.30
2026-09-23 16:28:07,264 INFO simulation_152765.rerouting: step 43 link 0-2 utilization 0.67 -> 0.50 after selective rerouting
2026-09-23 16:28:07,264 INFO simulation_152765.rerouting: step 43 link 1-3 utilization 0.86 -> 1.00 after selective rerouting
2026-09-23 16:28:07,264 INFO simulation_152765.rerouting: step 43 link 1-4 utilization 1.00 -> 1.00 after selective rerouting
2026-09-23 16:28:07,280 INFO simulation_152765.repartition: step 43 repartition trigger reason=combined (congestion+resource) links=1-4 affected_qubits=[3, 6, 11, 17, 18, 19, 20, 21]
2026-09-23 16:28:07,280 INFO simulation_152765.repartition: step 43 evaluated 20 selective candidates; objective 17177.99 -> 17177.99 (communication 10377.99 -> 10377.99, deferred load 34.0 -> 34.0, migration 0.00)
2026-09-23 16:28:07,280 INFO simulation_152765.repartition: step 43 repartition rejected: no_improving_selective_move
2026-09-23 16:28:07,280 INFO simulation_152765: step 43 deferred 2 communications to queue (hard_capacity); queue length 2
2026-09-23 16:28:07,281 INFO simulation_152765: step 44 congestion on links 1-2|1-3|1-4 (utilization 1-2:0.78, 1-3:0.62, 1-4:1.00); affected=6 unaffected=2 in_flight_on_congested=6
2026-09-23 16:28:08,043 INFO simulation_152765.rerouting: step 44 selective rerouting: 6 affected communications on congested links 1-2|1-3|1-4; 2 unaffected communications left untouched
2026-09-23 16:28:08,043 INFO simulation_152765.rerouting: step 44 block 0: 6 communications, 12 QUBO variables, 0 pairwise capacity conflicts; classical=classical_exhaustive E=4.7283; qaoa=attempted feasible E=7.4228; executed=qaoa E=7.4228 (keep-current E=4.7283); routes changed=1
2026-09-23 16:28:08,043 INFO simulation_152765.rerouting: step 44 rerouted s0043-w010-g010-q17_19 (q17 QPU0 -> q19 QPU4): 0-2-1-4 -> 0-3-1-4, cost 305.07 -> 315.46
2026-09-23 16:28:08,043 INFO simulation_152765.rerouting: step 44 link 1-2 utilization 0.78 -> 0.67 after selective rerouting
2026-09-23 16:28:08,043 INFO simulation_152765.rerouting: step 44 link 1-3 utilization 0.62 -> 0.75 after selective rerouting
2026-09-23 16:28:08,043 INFO simulation_152765.rerouting: step 44 link 1-4 utilization 1.00 -> 1.00 after selective rerouting
2026-09-23 16:28:08,123 INFO simulation_152765.repartition: step 44 repartition trigger reason=combined (congestion+resource) links=1-3|1-4 affected_qubits=[1, 4, 5, 12, 14, 17, 18, 19, 20, 21, 23]
2026-09-23 16:28:08,124 INFO simulation_152765.repartition: step 44 evaluated 98 selective candidates; objective 12640.09 -> 12267.88 (communication 10640.09 -> 10530.09, deferred load 10.0 -> 8.0, migration 137.79)
2026-09-23 16:28:08,124 INFO simulation_152765.repartition: step 44 repartition rejected: improvement_below_margin
2026-09-23 16:28:08,124 INFO simulation_152765: step 44 deferred 3 communications to queue (hard_capacity); queue length 3
2026-09-23 16:28:08,124 INFO simulation_152765: step 45 congestion on links 1-4 (utilization 1-4:1.00); affected=3 unaffected=7 in_flight_on_congested=1
2026-09-23 16:28:08,360 INFO simulation_152765.rerouting: step 45 selective rerouting: 3 affected communications on congested links 1-4; 7 unaffected communications left untouched
2026-09-23 16:28:08,361 INFO simulation_152765.rerouting: step 45 block 0: 3 communications, 5 QUBO variables, 0 pairwise capacity conflicts; classical=classical_exhaustive E=6.0599; qaoa=attempted feasible E=6.0599; executed=qaoa E=6.0599 (keep-current E=6.0599); routes changed=0
2026-09-23 16:28:08,361 INFO simulation_152765.rerouting: step 45 link 1-4 utilization 1.00 -> 1.00 after selective rerouting
2026-09-23 16:28:08,391 INFO simulation_152765.repartition: step 45 repartition trigger reason=combined (congestion+resource) links=1-4 affected_qubits=[0, 1, 3, 18, 20, 21, 23]
2026-09-23 16:28:08,391 INFO simulation_152765.repartition: step 45 evaluated 34 selective candidates; objective 9820.84 -> 9600.02 (communication 9420.84 -> 9294.63, deferred load 2.0 -> 1.0, migration 105.38)
2026-09-23 16:28:08,391 INFO simulation_152765.repartition: step 45 repartition rejected: improvement_below_margin
2026-09-23 16:28:08,391 INFO simulation_152765: step 45 deferred 2 communications to queue (hard_capacity); queue length 2
2026-09-23 16:28:08,392 INFO simulation_152765: step 46 congestion on links 1-3|1-4|1-5 (utilization 1-3:0.62, 1-4:1.00, 1-5:0.62); affected=10 unaffected=1 in_flight_on_congested=1
2026-09-23 16:28:08,856 INFO simulation_152765.rerouting: step 46 selective rerouting: 10 affected communications on congested links 1-3|1-4|1-5; 1 unaffected communications left untouched
2026-09-23 16:28:08,856 INFO simulation_152765.rerouting: step 46 block 0: 7 communications, 7 QUBO variables, 0 pairwise capacity conflicts; classical=classical_exhaustive E=21.3571; qaoa=attempted feasible E=21.3571; executed=qaoa E=21.3571 (keep-current E=21.3571); routes changed=0
2026-09-23 16:28:08,856 INFO simulation_152765.rerouting: step 46 block 1: 3 communications, 5 QUBO variables, 0 pairwise capacity conflicts; classical=classical_exhaustive E=2.2066; qaoa=attempted feasible E=2.2066; executed=qaoa E=2.2066 (keep-current E=2.2066); routes changed=0
2026-09-23 16:28:08,856 INFO simulation_152765.rerouting: step 46 link 1-3 utilization 0.62 -> 0.62 after selective rerouting
2026-09-23 16:28:08,856 INFO simulation_152765.rerouting: step 46 link 1-4 utilization 1.00 -> 1.00 after selective rerouting
2026-09-23 16:28:08,856 INFO simulation_152765.rerouting: step 46 link 1-5 utilization 0.62 -> 0.62 after selective rerouting
2026-09-23 16:28:08,913 INFO simulation_152765.repartition: step 46 repartition trigger reason=combined (congestion+resource) links=1-4 affected_qubits=[0, 3, 5, 7, 10, 18, 19, 20, 21, 23]
2026-09-23 16:28:08,913 INFO simulation_152765.repartition: step 46 evaluated 74 selective candidates; objective 20703.80 -> 20414.46 (communication 14103.80 -> 13720.54, deferred load 33.0 -> 33.0, migration 93.92)
2026-09-23 16:28:08,913 INFO simulation_152765.repartition: step 46 repartition rejected: improvement_below_margin
2026-09-23 16:28:08,913 INFO simulation_152765: step 46 deferred 1 communications to queue (hard_capacity); queue length 1
2026-09-23 16:28:08,913 INFO simulation_152765: step 47 congestion on links 1-4|1-5 (utilization 1-4:1.00, 1-5:0.62); affected=2 unaffected=3 in_flight_on_congested=7
2026-09-23 16:28:09,020 INFO simulation_152765.rerouting: step 47 selective rerouting: 2 affected communications on congested links 1-4|1-5; 3 unaffected communications left untouched
2026-09-23 16:28:09,020 INFO simulation_152765.rerouting: step 47 block 0: 2 communications, 2 QUBO variables, 0 pairwise capacity conflicts; classical=classical_exhaustive E=1.5547; qaoa=attempted feasible E=1.5547; executed=qaoa E=1.5547 (keep-current E=1.5547); routes changed=0
2026-09-23 16:28:09,020 INFO simulation_152765.rerouting: step 47 link 1-4 utilization 1.00 -> 1.00 after selective rerouting
2026-09-23 16:28:09,020 INFO simulation_152765.rerouting: step 47 link 1-5 utilization 0.62 -> 0.62 after selective rerouting
2026-09-23 16:28:09,101 INFO simulation_152765.repartition: step 47 repartition trigger reason=combined (congestion+resource) links=1-4|1-5 affected_qubits=[0, 3, 7, 9, 10, 12, 16, 18, 19, 20, 21]
2026-09-23 16:28:09,101 INFO simulation_152765.repartition: step 47 evaluated 92 selective candidates; objective 9736.62 -> 9371.67 (communication 9136.62 -> 9020.70, deferred load 3.0 -> 1.0, migration 150.96)
2026-09-23 16:28:09,101 INFO simulation_152765.repartition: step 47 repartition rejected: improvement_below_margin
2026-09-23 16:28:09,101 INFO simulation_152765: step 47 deferred 4 communications to queue (hard_capacity); queue length 4
2026-09-23 16:28:09,102 INFO simulation_152765: step 48 congestion on links 1-4 (utilization 1-4:1.00); affected=4 unaffected=8 in_flight_on_congested=0
2026-09-23 16:28:09,429 INFO simulation_152765.rerouting: step 48 selective rerouting: 4 affected communications on congested links 1-4; 8 unaffected communications left untouched
2026-09-23 16:28:09,429 INFO simulation_152765.rerouting: step 48 block 0: 4 communications, 7 QUBO variables, 0 pairwise capacity conflicts; classical=classical_exhaustive E=3.8371; qaoa=attempted feasible E=3.8371; executed=qaoa E=3.8371 (keep-current E=3.8371); routes changed=0
2026-09-23 16:28:09,429 INFO simulation_152765.rerouting: step 48 link 1-4 utilization 1.00 -> 1.00 after selective rerouting
2026-09-23 16:28:09,492 INFO simulation_152765.repartition: step 48 repartition trigger reason=combined (congestion+resource) links=1-4 affected_qubits=[0, 3, 4, 6, 7, 9, 18, 19, 20, 21, 23]
2026-09-23 16:28:09,492 INFO simulation_152765.repartition: step 48 evaluated 94 selective candidates; objective 15605.28 -> 15385.35 (communication 5205.28 -> 5226.81, deferred load 52.0 -> 50.0, migration 158.54)
2026-09-23 16:28:09,492 INFO simulation_152765.repartition: step 48 repartition rejected: improvement_below_margin
2026-09-23 16:28:09,492 INFO simulation_152765: step 48 deferred 4 communications to queue (hard_capacity); queue length 4
2026-09-23 16:28:09,493 INFO simulation_152765: step 49 congestion on links 1-4 (utilization 1-4:1.00); affected=0 unaffected=5 in_flight_on_congested=4
2026-09-23 16:28:09,594 INFO simulation_152765.repartition: step 49 repartition trigger reason=resource (resource) links= affected_qubits=[3, 4, 6, 9, 10, 14, 15, 19, 20, 21, 22, 23]
2026-09-23 16:28:09,594 INFO simulation_152765.repartition: step 49 evaluated 110 selective candidates; objective 13230.70 -> 12666.14 (communication 12030.70 -> 11959.70, deferred load 6.0 -> 3.0, migration 106.44)
2026-09-23 16:28:09,594 INFO simulation_152765.repartition: step 49 repartition rejected: improvement_below_margin
2026-09-23 16:28:09,594 INFO simulation_152765: step 49 deferred 8 communications to queue (hard_capacity); queue length 8
2026-09-23 16:28:09,595 INFO simulation_152765: step 50 congestion on links 1-4 (utilization 1-4:1.00); affected=4 unaffected=5 in_flight_on_congested=0
2026-09-23 16:28:09,867 INFO simulation_152765.rerouting: step 50 selective rerouting: 4 affected communications on congested links 1-4; 5 unaffected communications left untouched
2026-09-23 16:28:09,867 INFO simulation_152765.rerouting: step 50 block 0: 4 communications, 6 QUBO variables, 0 pairwise capacity conflicts; classical=classical_exhaustive E=4.7712; qaoa=attempted feasible E=4.7712; executed=qaoa E=4.7712 (keep-current E=4.7712); routes changed=0
2026-09-23 16:28:09,867 INFO simulation_152765.rerouting: step 50 link 1-4 utilization 1.00 -> 1.00 after selective rerouting
2026-09-23 16:28:09,965 INFO simulation_152765.repartition: step 50 repartition trigger reason=combined (congestion+resource) links=1-4 affected_qubits=[3, 4, 6, 9, 10, 14, 15, 16, 19, 20, 21, 22, 23]
2026-09-23 16:28:09,966 INFO simulation_152765.repartition: step 50 evaluated 132 selective candidates; objective 15337.87 -> 14682.86 (communication 7737.87 -> 7410.85, deferred load 38.0 -> 36.0, migration 72.02)
2026-09-23 16:28:09,966 INFO simulation_152765.repartition: step 50 repartition rejected: improvement_below_margin
2026-09-23 16:28:09,966 INFO simulation_152765: step 50 deferred 6 communications to queue (hard_capacity); queue length 6
2026-09-23 16:28:09,966 INFO simulation_152765: final partition {0: [2, 6, 17, 22], 1: [10, 12, 15, 23], 2: [1, 7, 11, 18], 3: [5, 8, 9, 14], 4: [3, 19, 20, 21], 5: [0, 4, 13, 16]}
