2026-09-23 16:26:20,305 INFO simulation_814372.repartition: step 3 repartition trigger reason=congestion (congestion) links=3-4 affected_qubits=[13, 23]
2026-09-23 16:26:20,305 INFO simulation_814372.repartition: step 3 evaluated 1 selective candidates; objective 8755.31 -> 8755.31 (communication 8755.31 -> 8755.31, deferred load 0.0 -> 0.0, migration 0.00)
2026-09-23 16:26:20,305 INFO simulation_814372.repartition: step 3 repartition rejected: no_improving_selective_move
2026-09-23 16:26:24,773 INFO simulation_814372.repartition: step 7 repartition trigger reason=congestion (congestion) links=1-2|2-3 affected_qubits=[0, 3, 5, 8, 12, 17, 20, 21]
2026-09-23 16:26:24,774 INFO simulation_814372.repartition: step 7 evaluated 50 selective candidates; objective 12292.02 -> 12139.56 (communication 12292.02 -> 11996.46, deferred load 0.0 -> 0.0, migration 143.10)
2026-09-23 16:26:24,774 INFO simulation_814372.repartition: step 7 repartition rejected: improvement_below_margin
2026-09-23 16:26:25,356 INFO simulation_814372.repartition: step 8 repartition trigger reason=congestion (congestion) links=2-3|3-4 affected_qubits=[1, 3, 10, 12, 14, 18]
2026-09-23 16:26:25,356 INFO simulation_814372.repartition: step 8 evaluated 28 selective candidates; objective 11940.71 -> 11792.53 (communication 11940.71 -> 11726.28, deferred load 0.0 -> 0.0, migration 66.25)
2026-09-23 16:26:25,356 INFO simulation_814372.repartition: step 8 repartition rejected: improvement_below_margin
2026-09-23 16:26:26,632 INFO simulation_814372.repartition: step 9 repartition trigger reason=congestion (congestion) links=2-3|3-4 affected_qubits=[1, 2, 7, 8, 17, 21, 22, 23]
2026-09-23 16:26:26,632 INFO simulation_814372.repartition: step 9 evaluated 25 selective candidates; objective 15045.57 -> 15045.57 (communication 14445.57 -> 14445.57, deferred load 3.0 -> 3.0, migration 0.00)
2026-09-23 16:26:26,632 INFO simulation_814372.repartition: step 9 repartition rejected: no_improving_selective_move
2026-09-23 16:26:27,171 INFO simulation_814372.repartition: step 10 repartition trigger reason=congestion (congestion) links=3-4 affected_qubits=[2, 13, 16, 21]
2026-09-23 16:26:27,171 INFO simulation_814372.repartition: step 10 evaluated 5 selective candidates; objective 8503.25 -> 8503.25 (communication 8503.25 -> 8503.25, deferred load 0.0 -> 0.0, migration 0.00)
2026-09-23 16:26:27,171 INFO simulation_814372.repartition: step 10 repartition rejected: no_improving_selective_move
2026-09-23 16:26:30,470 INFO simulation_814372.repartition: step 15 repartition trigger reason=congestion (congestion) links=2-3|3-4|3-5 affected_qubits=[2, 8, 13, 14, 15, 17, 18, 20]
2026-09-23 16:26:30,470 INFO simulation_814372.repartition: step 15 evaluated 52 selective candidates; objective 13814.78 -> 13539.22 (communication 13814.78 -> 13426.33, deferred load 0.0 -> 0.0, migration 112.89)
2026-09-23 16:26:30,470 INFO simulation_814372.repartition: step 15 repartition rejected: improvement_below_margin
2026-09-23 16:26:31,377 INFO simulation_814372.repartition: step 16 repartition trigger reason=congestion (congestion) links=2-3|3-4 affected_qubits=[3, 5, 9, 10, 14, 15]
2026-09-23 16:26:31,377 INFO simulation_814372.repartition: step 16 evaluated 15 selective candidates; objective 13591.15 -> 13591.15 (communication 13591.15 -> 13591.15, deferred load 0.0 -> 0.0, migration 0.00)
2026-09-23 16:26:31,377 INFO simulation_814372.repartition: step 16 repartition rejected: no_improving_selective_move
2026-09-23 16:26:32,072 INFO simulation_814372.repartition: step 17 repartition trigger reason=congestion (congestion) links=2-3|3-4 affected_qubits=[7, 13, 16, 22]
2026-09-23 16:26:32,072 INFO simulation_814372.repartition: step 17 evaluated 5 selective candidates; objective 12105.14 -> 12105.14 (communication 12105.14 -> 12105.14, deferred load 0.0 -> 0.0, migration 0.00)
2026-09-23 16:26:32,072 INFO simulation_814372.repartition: step 17 repartition rejected: no_improving_selective_move
2026-09-23 16:26:33,047 INFO simulation_814372.repartition: step 18 repartition trigger reason=congestion (congestion) links=1-2|3-4 affected_qubits=[2, 3, 7, 8, 11, 12, 15, 16, 18, 19, 21, 23]
2026-09-23 16:26:33,048 INFO simulation_814372.repartition: step 18 evaluated 110 selective candidates; objective 11454.97 -> 11082.52 (communication 11454.97 -> 10959.92, deferred load 0.0 -> 0.0, migration 122.60)
2026-09-23 16:26:33,048 INFO simulation_814372.repartition: step 18 repartition rejected: improvement_below_margin
2026-09-23 16:26:33,300 INFO simulation_814372.repartition: step 19 repartition trigger reason=congestion (congestion) links=3-4 affected_qubits=[13, 23]
2026-09-23 16:26:33,300 INFO simulation_814372.repartition: step 19 evaluated 1 selective candidates; objective 9991.92 -> 9991.92 (communication 9991.92 -> 9991.92, deferred load 0.0 -> 0.0, migration 0.00)
2026-09-23 16:26:33,300 INFO simulation_814372.repartition: step 19 repartition rejected: no_improving_selective_move
2026-09-23 16:26:35,155 INFO simulation_814372.repartition: step 21 repartition trigger reason=congestion (congestion) links=0-2 affected_qubits=[7, 14, 20, 23]
2026-09-23 16:26:35,156 INFO simulation_814372.repartition: step 21 evaluated 6 selective candidates; objective 14785.34 -> 14785.34 (communication 14785.34 -> 14785.34, deferred load 0.0 -> 0.0, migration 0.00)
2026-09-23 16:26:35,156 INFO simulation_814372.repartition: step 21 repartition rejected: no_improving_selective_move
2026-09-23 16:26:37,421 INFO simulation_814372.repartition: step 23 repartition trigger reason=congestion (congestion) links=3-4 affected_qubits=[3, 11, 16, 17]
2026-09-23 16:26:37,421 INFO simulation_814372.repartition: step 23 evaluated 4 selective candidates; objective 15367.30 -> 15367.30 (communication 14767.30 -> 14767.30, deferred load 3.0 -> 3.0, migration 0.00)
2026-09-23 16:26:37,421 INFO simulation_814372.repartition: step 23 repartition rejected: no_improving_selective_move
2026-09-23 16:26:38,940 INFO simulation_814372.repartition: step 25 repartition trigger reason=congestion (congestion) links=2-3|3-4|3-5 affected_qubits=[1, 2, 13, 14, 17, 18, 20, 23]
2026-09-23 16:26:38,940 INFO simulation_814372.repartition: step 25 evaluated 25 selective candidates; objective 13005.22 -> 13005.22 (communication 13005.22 -> 13005.22, deferred load 0.0 -> 0.0, migration 0.00)
2026-09-23 16:26:38,940 INFO simulation_814372.repartition: step 25 repartition rejected: no_improving_selective_move
2026-09-23 16:26:39,517 INFO simulation_814372.repartition: step 26 repartition trigger reason=congestion (congestion) links=2-3|3-4 affected_qubits=[2, 5, 13, 16, 21, 23]
2026-09-23 16:26:39,517 INFO simulation_814372.repartition: step 26 evaluated 12 selective candidates; objective 12002.96 -> 12002.96 (communication 12002.96 -> 12002.96, deferred load 0.0 -> 0.0, migration 0.00)
2026-09-23 16:26:39,517 INFO simulation_814372.repartition: step 26 repartition rejected: no_improving_selective_move
2026-09-23 16:26:41,693 INFO simulation_814372.repartition: step 30 repartition trigger reason=congestion (congestion) links=3-4 affected_qubits=[1, 6, 11, 16, 18, 23]
2026-09-23 16:26:41,693 INFO simulation_814372.repartition: step 30 evaluated 14 selective candidates; objective 9950.97 -> 9950.97 (communication 9950.97 -> 9950.97, deferred load 0.0 -> 0.0, migration 0.00)
2026-09-23 16:26:41,693 INFO simulation_814372.repartition: step 30 repartition rejected: no_improving_selective_move
2026-09-23 16:26:43,557 INFO simulation_814372.repartition: step 34 repartition trigger reason=congestion (congestion) links=1-2 affected_qubits=[2, 7, 8, 12, 18, 19, 21, 23]
2026-09-23 16:26:43,557 INFO simulation_814372.repartition: step 34 evaluated 23 selective candidates; objective 10902.39 -> 10902.39 (communication 10902.39 -> 10902.39, deferred load 0.0 -> 0.0, migration 0.00)
2026-09-23 16:26:43,557 INFO simulation_814372.repartition: step 34 repartition rejected: no_improving_selective_move
2026-09-23 16:26:46,098 INFO simulation_814372.repartition: step 38 repartition trigger reason=congestion (congestion) links=3-4 affected_qubits=[21, 23]
2026-09-23 16:26:46,098 INFO simulation_814372.repartition: step 38 evaluated 1 selective candidates; objective 12642.38 -> 12642.38 (communication 12642.38 -> 12642.38, deferred load 0.0 -> 0.0, migration 0.00)
2026-09-23 16:26:46,098 INFO simulation_814372.repartition: step 38 repartition rejected: no_improving_selective_move
2026-09-23 16:26:47,074 INFO simulation_814372.repartition: step 39 repartition trigger reason=congestion (congestion) links=3-4 affected_qubits=[2, 3, 14, 17]
2026-09-23 16:26:47,074 INFO simulation_814372.repartition: step 39 evaluated 4 selective candidates; objective 10743.48 -> 10743.48 (communication 10743.48 -> 10743.48, deferred load 0.0 -> 0.0, migration 0.00)
2026-09-23 16:26:47,074 INFO simulation_814372.repartition: step 39 repartition rejected: no_improving_selective_move
2026-09-23 16:26:47,770 INFO simulation_814372.repartition: step 40 repartition trigger reason=congestion (congestion) links=0-2 affected_qubits=[6, 8, 9, 11, 14, 17, 18, 19, 20, 23]
2026-09-23 16:26:47,770 INFO simulation_814372.repartition: step 40 evaluated 39 selective candidates; objective 10470.20 -> 10470.20 (communication 10470.20 -> 10470.20, deferred load 0.0 -> 0.0, migration 0.00)
2026-09-23 16:26:47,770 INFO simulation_814372.repartition: step 40 repartition rejected: no_improving_selective_move
2026-09-23 16:26:48,542 INFO simulation_814372.repartition: step 41 repartition trigger reason=congestion (congestion) links=3-4 affected_qubits=[1, 2, 3, 7, 12, 22]
2026-09-23 16:26:48,542 INFO simulation_814372.repartition: step 41 evaluated 13 selective candidates; objective 11112.92 -> 11112.92 (communication 11112.92 -> 11112.92, deferred load 0.0 -> 0.0, migration 0.00)
2026-09-23 16:26:48,543 INFO simulation_814372.repartition: step 41 repartition rejected: no_improving_selective_move
2026-09-23 16:26:49,146 INFO simulation_814372.repartition: step 43 repartition trigger reason=congestion (congestion) links=3-4 affected_qubits=[3, 12]
2026-09-23 16:26:49,146 INFO simulation_814372.repartition: step 43 evaluated 1 selective candidates; objective 11144.98 -> 11144.98 (communication 11144.98 -> 11144.98, deferred load 0.0 -> 0.0, migration 0.00)
2026-09-23 16:26:49,146 INFO simulation_814372.repartition: step 43 repartition rejected: no_improving_selective_move
2026-09-23 16:26:49,635 INFO simulation_814372.repartition: step 44 repartition trigger reason=congestion (congestion) links=3-4 affected_qubits=[3, 11, 15, 23]
2026-09-23 16:26:49,635 INFO simulation_814372.repartition: step 44 evaluated 5 selective candidates; objective 9138.57 -> 9138.57 (communication 9138.57 -> 9138.57, deferred load 0.0 -> 0.0, migration 0.00)
2026-09-23 16:26:49,635 INFO simulation_814372.repartition: step 44 repartition rejected: no_improving_selective_move
2026-09-23 16:26:50,733 INFO simulation_814372.repartition: step 45 repartition trigger reason=congestion (congestion) links=3-4 affected_qubits=[16, 21, 22, 23]
2026-09-23 16:26:50,733 INFO simulation_814372.repartition: step 45 evaluated 5 selective candidates; objective 9974.28 -> 9974.28 (communication 9974.28 -> 9974.28, deferred load 0.0 -> 0.0, migration 0.00)
2026-09-23 16:26:50,733 INFO simulation_814372.repartition: step 45 repartition rejected: no_improving_selective_move
