2026-09-23 16:21:28,015 INFO run.814373.135599821542736.baseline.repartition: step 3 repartition trigger reason=congestion (congestion) links=0-4|2-5 affected_qubits=[2, 3, 4, 5, 8, 15, 22, 23]
2026-09-23 16:21:28,016 INFO run.814373.135599821542736.baseline.repartition: step 3 evaluated 46 selective candidates; objective 15278.59 -> 15124.43 (communication 8878.59 -> 8589.41, deferred load 32.0 -> 32.0, migration 135.02)
2026-09-23 16:21:28,016 INFO run.814373.135599821542736.baseline.repartition: step 3 repartition rejected: improvement_below_margin
2026-09-23 16:21:28,095 INFO run.814373.135599821542736.baseline.repartition: step 4 repartition trigger reason=resource (resource) links= affected_qubits=[2, 3, 4, 5, 6, 10, 11, 12, 17, 18]
2026-09-23 16:21:28,096 INFO run.814373.135599821542736.baseline.repartition: step 4 evaluated 72 selective candidates; objective 16469.77 -> 16047.98 (communication 9269.77 -> 8803.20, deferred load 36.0 -> 35.0, migration 244.78)
2026-09-23 16:21:28,096 INFO run.814373.135599821542736.baseline.repartition: step 4 repartition rejected: improvement_below_margin
2026-09-23 16:21:28,305 INFO run.814373.135599821542736.baseline.repartition: step 5 repartition trigger reason=combined (congestion+resource) links=0-4|2-5 affected_qubits=[1, 2, 3, 4, 5, 6, 10, 11, 12, 14, 15, 16, 17, 18, 23]
2026-09-23 16:21:28,305 INFO run.814373.135599821542736.baseline.repartition: step 5 evaluated 182 selective candidates; objective 19769.39 -> 18928.49 (communication 14169.39 -> 13674.70, deferred load 28.0 -> 25.0, migration 253.79)
2026-09-23 16:21:28,305 INFO run.814373.135599821542736.baseline.repartition: step 5 repartition rejected: improvement_below_margin
2026-09-23 16:21:28,498 INFO run.814373.135599821542736.baseline.repartition: step 6 repartition trigger reason=combined (congestion+resource) links=0-4|1-3|2-5 affected_qubits=[0, 1, 2, 3, 4, 5, 8, 10, 11, 12, 13, 14, 16, 17, 18, 21]
2026-09-23 16:21:28,498 INFO run.814373.135599821542736.baseline.repartition: step 6 evaluated 200 selective candidates; objective 18378.68 -> 17728.79 (communication 7578.68 -> 7739.18, deferred load 54.0 -> 49.0, migration 189.61)
2026-09-23 16:21:28,498 INFO run.814373.135599821542736.baseline.repartition: step 6 repartition rejected: improvement_below_margin
2026-09-23 16:21:28,796 INFO run.814373.135599821542736.baseline.repartition: step 7 repartition trigger reason=combined (congestion+resource) links=0-4|1-3|2-5 affected_qubits=[1, 3, 4, 5, 6, 7, 8, 9, 10, 11, 12, 13, 14, 16, 17, 18, 20, 21, 23]
2026-09-23 16:21:28,796 INFO run.814373.135599821542736.baseline.repartition: step 7 evaluated 298 selective candidates; objective 23794.62 -> 22650.11 (communication 14794.62 -> 13508.07, deferred load 45.0 -> 45.0, migration 142.04)
2026-09-23 16:21:28,796 INFO run.814373.135599821542736.baseline.repartition: step 7 repartition rejected: improvement_below_margin
2026-09-23 16:21:29,068 INFO run.814373.135599821542736.baseline.repartition: step 8 repartition trigger reason=combined (congestion+resource) links=0-4|1-3|2-5 affected_qubits=[0, 1, 3, 4, 5, 7, 9, 10, 11, 12, 13, 14, 16, 17, 19, 21, 22]
2026-09-23 16:21:29,069 INFO run.814373.135599821542736.baseline.repartition: step 8 evaluated 224 selective candidates; objective 17214.24 -> 15871.81 (communication 11214.24 -> 11648.20, deferred load 30.0 -> 20.0, migration 223.61)
2026-09-23 16:21:29,069 INFO run.814373.135599821542736.baseline.repartition: step 8 accepted swap of qubits [13, 17]: QPU [0, 5] -> QPU [5, 0]
2026-09-23 16:21:29,069 INFO run.814373.135599821542736.baseline.repartition: step 8 accepted swap of qubits [1, 10]: QPU [1, 5] -> QPU [5, 1]
2026-09-23 16:21:29,069 INFO run.814373.135599821542736.baseline.repartition: step 8 link 0-4 projected peak utilization 1.00 -> 0.75
2026-09-23 16:21:29,069 INFO run.814373.135599821542736.baseline.repartition: step 8 link 1-3 projected peak utilization 0.83 -> 0.83
2026-09-23 16:21:29,069 INFO run.814373.135599821542736.baseline.repartition: step 8 link 2-5 projected peak utilization 1.00 -> 1.00
2026-09-23 16:21:29,069 INFO run.814373.135599821542736.baseline.repartition: step 8 moved qubits [1, 10, 13, 17]; new partition {0: [0, 11, 17, 21], 1: [7, 9, 10, 12], 2: [6, 15, 20, 23], 3: [14, 16, 19, 22], 4: [2, 3, 8, 18], 5: [1, 4, 5, 13]}
2026-09-23 16:21:29,071 INFO run.814373.135599821542736.baseline.repartition: step 9 trigger 'congestion+resource' suppressed by cooldown (last repartition at step 8)
2026-09-23 16:21:29,073 INFO run.814373.135599821542736.baseline.repartition: step 10 trigger 'congestion+resource' suppressed by cooldown (last repartition at step 8)
2026-09-23 16:21:29,168 INFO run.814373.135599821542736.baseline.repartition: step 11 repartition trigger reason=combined (congestion+resource) links=0-4|2-5 affected_qubits=[0, 1, 4, 5, 6, 7, 11, 13, 21, 22, 23]
2026-09-23 16:21:29,168 INFO run.814373.135599821542736.baseline.repartition: step 11 evaluated 90 selective candidates; objective 16502.10 -> 15678.08 (communication 9502.10 -> 9705.98, deferred load 35.0 -> 29.0, migration 172.09)
2026-09-23 16:21:29,169 INFO run.814373.135599821542736.baseline.repartition: step 11 repartition rejected: improvement_below_margin
2026-09-23 16:21:29,213 INFO run.814373.135599821542736.baseline.repartition: step 12 repartition trigger reason=combined (congestion+resource) links=2-5 affected_qubits=[0, 1, 6, 11, 13, 21, 22]
2026-09-23 16:21:29,213 INFO run.814373.135599821542736.baseline.repartition: step 12 evaluated 34 selective candidates; objective 15504.02 -> 14489.19 (communication 12904.02 -> 12548.05, deferred load 13.0 -> 9.0, migration 141.14)
2026-09-23 16:21:29,213 INFO run.814373.135599821542736.baseline.repartition: step 12 accepted swap of qubits [0, 1]: QPU [0, 5] -> QPU [5, 0]
2026-09-23 16:21:29,213 INFO run.814373.135599821542736.baseline.repartition: step 12 accepted swap of qubits [6, 22]: QPU [2, 3] -> QPU [3, 2]
2026-09-23 16:21:29,213 INFO run.814373.135599821542736.baseline.repartition: step 12 link 2-5 projected peak utilization 1.00 -> 1.00
2026-09-23 16:21:29,213 INFO run.814373.135599821542736.baseline.repartition: step 12 moved qubits [0, 1, 6, 22]; new partition {0: [1, 11, 17, 21], 1: [7, 9, 10, 12], 2: [15, 20, 22, 23], 3: [6, 14, 16, 19], 4: [2, 3, 8, 18], 5: [0, 4, 5, 13]}
2026-09-23 16:21:29,216 INFO run.814373.135599821542736.baseline.repartition: step 13 trigger 'congestion+resource' suppressed by cooldown (last repartition at step 12)
2026-09-23 16:21:29,218 INFO run.814373.135599821542736.baseline.repartition: step 14 trigger 'congestion+resource' suppressed by cooldown (last repartition at step 12)
2026-09-23 16:21:29,498 INFO run.814373.135599821542736.baseline.repartition: step 15 repartition trigger reason=combined (congestion+resource) links=0-4|1-3|2-5 affected_qubits=[0, 1, 2, 3, 4, 5, 7, 10, 11, 12, 13, 16, 17, 18, 20, 22, 23]
2026-09-23 16:21:29,498 INFO run.814373.135599821542736.baseline.repartition: step 15 evaluated 236 selective candidates; objective 16156.03 -> 15618.71 (communication 12556.03 -> 12696.89, deferred load 18.0 -> 14.0, migration 121.82)
2026-09-23 16:21:29,498 INFO run.814373.135599821542736.baseline.repartition: step 15 repartition rejected: improvement_below_margin
2026-09-23 16:21:29,572 INFO run.814373.135599821542736.baseline.repartition: step 16 repartition trigger reason=combined (congestion+resource) links=0-4|2-5 affected_qubits=[0, 1, 4, 11, 13, 14, 17, 18, 23]
2026-09-23 16:21:29,572 INFO run.814373.135599821542736.baseline.repartition: step 16 evaluated 60 selective candidates; objective 14351.04 -> 13880.53 (communication 10951.04 -> 10905.22, deferred load 17.0 -> 14.0, migration 175.31)
2026-09-23 16:21:29,572 INFO run.814373.135599821542736.baseline.repartition: step 16 repartition rejected: improvement_below_margin
2026-09-23 16:21:29,678 INFO run.814373.135599821542736.baseline.repartition: step 17 repartition trigger reason=combined (congestion+resource) links=2-5 affected_qubits=[0, 1, 4, 5, 6, 10, 11, 13, 14, 17, 23]
2026-09-23 16:21:29,678 INFO run.814373.135599821542736.baseline.repartition: step 17 evaluated 90 selective candidates; objective 14043.71 -> 13751.82 (communication 10243.71 -> 9814.02, deferred load 19.0 -> 19.0, migration 137.80)
2026-09-23 16:21:29,678 INFO run.814373.135599821542736.baseline.repartition: step 17 repartition rejected: improvement_below_margin
2026-09-23 16:21:29,819 INFO run.814373.135599821542736.baseline.repartition: step 18 repartition trigger reason=combined (congestion+resource) links=2-5 affected_qubits=[0, 1, 4, 5, 6, 8, 10, 13, 14, 19, 22, 23]
2026-09-23 16:21:29,819 INFO run.814373.135599821542736.baseline.repartition: step 18 evaluated 112 selective candidates; objective 13015.91 -> 12408.26 (communication 10215.91 -> 10093.41, deferred load 14.0 -> 11.0, migration 114.86)
2026-09-23 16:21:29,819 INFO run.814373.135599821542736.baseline.repartition: step 18 repartition rejected: improvement_below_margin
2026-09-23 16:21:29,986 INFO run.814373.135599821542736.baseline.repartition: step 19 repartition trigger reason=combined (congestion+resource) links=2-5 affected_qubits=[0, 1, 3, 4, 5, 6, 8, 9, 10, 11, 13, 19, 22]
2026-09-23 16:21:29,986 INFO run.814373.135599821542736.baseline.repartition: step 19 evaluated 136 selective candidates; objective 16787.26 -> 16428.26 (communication 13387.26 -> 13908.56, deferred load 17.0 -> 12.0, migration 119.70)
2026-09-23 16:21:29,986 INFO run.814373.135599821542736.baseline.repartition: step 19 repartition rejected: improvement_below_margin
2026-09-23 16:21:30,308 INFO run.814373.135599821542736.baseline.repartition: step 20 repartition trigger reason=combined (congestion+resource) links=1-3|2-5 affected_qubits=[0, 1, 2, 3, 4, 5, 7, 8, 9, 10, 11, 12, 13, 14, 18, 19, 21, 22]
2026-09-23 16:21:30,309 INFO run.814373.135599821542736.baseline.repartition: step 20 evaluated 262 selective candidates; objective 18505.79 -> 18320.07 (communication 14305.79 -> 14209.44, deferred load 21.0 -> 20.0, migration 110.63)
2026-09-23 16:21:30,309 INFO run.814373.135599821542736.baseline.repartition: step 20 repartition rejected: improvement_below_margin
2026-09-23 16:21:30,571 INFO run.814373.135599821542736.baseline.repartition: step 21 repartition trigger reason=combined (congestion+resource) links=0-4|1-3|2-5 affected_qubits=[0, 2, 3, 4, 5, 6, 7, 8, 9, 10, 11, 12, 13, 14, 15, 16, 18, 19, 21, 22, 23]
2026-09-23 16:21:30,571 INFO run.814373.135599821542736.baseline.repartition: step 21 evaluated 364 selective candidates; objective 21388.30 -> 20681.09 (communication 9788.30 -> 9375.01, deferred load 58.0 -> 56.0, migration 106.08)
2026-09-23 16:21:30,571 INFO run.814373.135599821542736.baseline.repartition: step 21 repartition rejected: improvement_below_margin
2026-09-23 16:21:30,985 INFO run.814373.135599821542736.baseline.repartition: step 22 repartition trigger reason=combined (congestion+resource) links=0-2|0-3|1-3 affected_qubits=[0, 1, 2, 3, 4, 5, 8, 9, 10, 11, 12, 13, 14, 15, 16, 17, 18, 19, 21, 22]
2026-09-23 16:21:30,986 INFO run.814373.135599821542736.baseline.repartition: step 22 evaluated 330 selective candidates; objective 16499.94 -> 15638.82 (communication 13099.94 -> 12121.56, deferred load 17.0 -> 17.0, migration 117.26)
2026-09-23 16:21:30,986 INFO run.814373.135599821542736.baseline.repartition: step 22 accepted swap of qubits [3, 11]: QPU [4, 0] -> QPU [0, 4]
2026-09-23 16:21:30,986 INFO run.814373.135599821542736.baseline.repartition: step 22 accepted swap of qubits [8, 10]: QPU [4, 1] -> QPU [1, 4]
2026-09-23 16:21:30,986 INFO run.814373.135599821542736.baseline.repartition: step 22 link 0-2 projected peak utilization 0.67 -> 0.67
2026-09-23 16:21:30,986 INFO run.814373.135599821542736.baseline.repartition: step 22 link 0-3 projected peak utilization 0.50 -> 0.50
2026-09-23 16:21:30,986 INFO run.814373.135599821542736.baseline.repartition: step 22 link 1-3 projected peak utilization 1.00 -> 1.00
2026-09-23 16:21:30,986 INFO run.814373.135599821542736.baseline.repartition: step 22 moved qubits [3, 8, 10, 11]; new partition {0: [1, 3, 17, 21], 1: [7, 8, 9, 12], 2: [15, 20, 22, 23], 3: [6, 14, 16, 19], 4: [2, 10, 11, 18], 5: [0, 4, 5, 13]}
2026-09-23 16:21:30,988 INFO run.814373.135599821542736.baseline.repartition: step 23 trigger 'congestion+resource' suppressed by cooldown (last repartition at step 22)
2026-09-23 16:21:30,991 INFO run.814373.135599821542736.baseline.repartition: step 24 trigger 'congestion+resource' suppressed by cooldown (last repartition at step 22)
2026-09-23 16:21:31,267 INFO run.814373.135599821542736.baseline.repartition: step 25 repartition trigger reason=combined (congestion+resource) links=1-3|2-5 affected_qubits=[0, 1, 2, 3, 4, 5, 7, 8, 9, 10, 11, 12, 13, 14, 15, 16, 21]
2026-09-23 16:21:31,268 INFO run.814373.135599821542736.baseline.repartition: step 25 evaluated 234 selective candidates; objective 20318.14 -> 19415.14 (communication 15318.14 -> 14271.23, deferred load 25.0 -> 25.0, migration 143.90)
2026-09-23 16:21:31,268 INFO run.814373.135599821542736.baseline.repartition: step 25 repartition rejected: improvement_below_margin
2026-09-23 16:21:31,664 INFO run.814373.135599821542736.baseline.repartition: step 26 repartition trigger reason=combined (congestion+resource) links=0-4|1-3|2-5 affected_qubits=[0, 1, 2, 3, 4, 5, 6, 7, 8, 9, 10, 11, 13, 14, 15, 16, 17, 18, 21, 23]
2026-09-23 16:21:31,664 INFO run.814373.135599821542736.baseline.repartition: step 26 evaluated 330 selective candidates; objective 16874.88 -> 16311.46 (communication 12074.88 -> 11362.04, deferred load 24.0 -> 24.0, migration 149.43)
2026-09-23 16:21:31,664 INFO run.814373.135599821542736.baseline.repartition: step 26 repartition rejected: improvement_below_margin
2026-09-23 16:21:32,105 INFO run.814373.135599821542736.baseline.repartition: step 27 repartition trigger reason=combined (congestion+resource) links=0-4|1-3|2-5 affected_qubits=[0, 1, 3, 4, 5, 6, 7, 9, 10, 11, 12, 13, 14, 15, 16, 17, 18, 20, 21, 22, 23]
2026-09-23 16:21:32,106 INFO run.814373.135599821542736.baseline.repartition: step 27 evaluated 366 selective candidates; objective 18294.18 -> 17864.80 (communication 13894.18 -> 13718.83, deferred load 22.0 -> 20.0, migration 145.97)
2026-09-23 16:21:32,106 INFO run.814373.135599821542736.baseline.repartition: step 27 repartition rejected: improvement_below_margin
2026-09-23 16:21:32,289 INFO run.814373.135599821542736.baseline.repartition: step 28 repartition trigger reason=combined (congestion+resource) links=0-4|2-5 affected_qubits=[0, 1, 3, 4, 5, 6, 7, 10, 11, 13, 14, 17, 21, 22]
2026-09-23 16:21:32,289 INFO run.814373.135599821542736.baseline.repartition: step 28 evaluated 154 selective candidates; objective 15105.11 -> 14526.58 (communication 10705.11 -> 10811.42, deferred load 22.0 -> 18.0, migration 115.16)
2026-09-23 16:21:32,289 INFO run.814373.135599821542736.baseline.repartition: step 28 repartition rejected: improvement_below_margin
2026-09-23 16:21:32,475 INFO run.814373.135599821542736.baseline.repartition: step 29 repartition trigger reason=combined (congestion+resource) links=2-5 affected_qubits=[0, 1, 2, 3, 4, 5, 6, 10, 11, 13, 17, 18, 20, 21, 22]
2026-09-23 16:21:32,475 INFO run.814373.135599821542736.baseline.repartition: step 29 evaluated 172 selective candidates; objective 16274.61 -> 15495.02 (communication 8674.61 -> 8295.20, deferred load 38.0 -> 35.0, migration 199.83)
2026-09-23 16:21:32,475 INFO run.814373.135599821542736.baseline.repartition: step 29 repartition rejected: improvement_below_margin
2026-09-23 16:21:32,695 INFO run.814373.135599821542736.baseline.repartition: step 30 repartition trigger reason=combined (congestion+resource) links=2-5 affected_qubits=[0, 2, 3, 4, 5, 6, 10, 11, 13, 17, 18, 20, 21, 22, 23]
2026-09-23 16:21:32,695 INFO run.814373.135599821542736.baseline.repartition: step 30 evaluated 174 selective candidates; objective 15169.32 -> 14365.27 (communication 11769.32 -> 11365.89, deferred load 17.0 -> 14.0, migration 199.38)
2026-09-23 16:21:32,695 INFO run.814373.135599821542736.baseline.repartition: step 30 accepted swap of qubits [4, 11]: QPU [5, 4] -> QPU [4, 5]
2026-09-23 16:21:32,695 INFO run.814373.135599821542736.baseline.repartition: step 30 accepted swap of qubits [6, 22]: QPU [3, 2] -> QPU [2, 3]
2026-09-23 16:21:32,695 INFO run.814373.135599821542736.baseline.repartition: step 30 link 2-5 projected peak utilization 1.00 -> 1.00
2026-09-23 16:21:32,695 INFO run.814373.135599821542736.baseline.repartition: step 30 moved qubits [4, 6, 11, 22]; new partition {0: [1, 3, 17, 21], 1: [7, 8, 9, 12], 2: [6, 15, 20, 23], 3: [14, 16, 19, 22], 4: [2, 4, 10, 18], 5: [0, 5, 11, 13]}
2026-09-23 16:21:32,697 INFO run.814373.135599821542736.baseline.repartition: step 31 trigger 'congestion+resource' suppressed by cooldown (last repartition at step 30)
2026-09-23 16:21:32,699 INFO run.814373.135599821542736.baseline.repartition: step 32 trigger 'congestion+resource' suppressed by cooldown (last repartition at step 30)
2026-09-23 16:21:32,852 INFO run.814373.135599821542736.baseline.repartition: step 33 repartition trigger reason=combined (congestion+resource) links=0-4|1-3|2-5 affected_qubits=[0, 1, 2, 3, 4, 5, 6, 10, 11, 12, 13, 18, 23]
2026-09-23 16:21:32,852 INFO run.814373.135599821542736.baseline.repartition: step 33 evaluated 128 selective candidates; objective 17949.97 -> 16717.35 (communication 15349.97 -> 13466.41, deferred load 13.0 -> 15.0, migration 250.93)
2026-09-23 16:21:32,852 INFO run.814373.135599821542736.baseline.repartition: step 33 accepted swap of qubits [4, 11]: QPU [4, 5] -> QPU [5, 4]
2026-09-23 16:21:32,852 INFO run.814373.135599821542736.baseline.repartition: step 33 accepted swap of qubits [1, 2]: QPU [0, 4] -> QPU [4, 0]
2026-09-23 16:21:32,852 INFO run.814373.135599821542736.baseline.repartition: step 33 link 0-4 projected peak utilization 1.00 -> 1.00
2026-09-23 16:21:32,852 INFO run.814373.135599821542736.baseline.repartition: step 33 link 1-3 projected peak utilization 1.00 -> 1.00
2026-09-23 16:21:32,852 INFO run.814373.135599821542736.baseline.repartition: step 33 link 2-5 projected peak utilization 1.00 -> 1.00
2026-09-23 16:21:32,852 INFO run.814373.135599821542736.baseline.repartition: step 33 moved qubits [1, 2, 4, 11]; new partition {0: [2, 3, 17, 21], 1: [7, 8, 9, 12], 2: [6, 15, 20, 23], 3: [14, 16, 19, 22], 4: [1, 10, 11, 18], 5: [0, 4, 5, 13]}
2026-09-23 16:21:32,855 INFO run.814373.135599821542736.baseline.repartition: step 34 trigger 'congestion+resource' suppressed by cooldown (last repartition at step 33)
2026-09-23 16:21:32,856 INFO run.814373.135599821542736.baseline.repartition: step 35 trigger 'congestion+resource' suppressed by cooldown (last repartition at step 33)
2026-09-23 16:21:33,127 INFO run.814373.135599821542736.baseline.repartition: step 36 repartition trigger reason=combined (congestion+resource) links=0-4|1-3|2-5 affected_qubits=[0, 2, 3, 4, 5, 8, 9, 10, 11, 12, 13, 14, 18, 19, 21, 22, 23]
2026-09-23 16:21:33,128 INFO run.814373.135599821542736.baseline.repartition: step 36 evaluated 236 selective candidates; objective 17719.31 -> 17328.00 (communication 12319.31 -> 12748.90, deferred load 27.0 -> 22.0, migration 179.11)
2026-09-23 16:21:33,128 INFO run.814373.135599821542736.baseline.repartition: step 36 repartition rejected: improvement_below_margin
2026-09-23 16:21:33,339 INFO run.814373.135599821542736.baseline.repartition: step 37 repartition trigger reason=combined (congestion+resource) links=0-4|1-3|2-5 affected_qubits=[0, 1, 2, 3, 4, 5, 8, 9, 10, 11, 12, 13, 14, 15, 16, 17, 18, 19, 21, 22]
2026-09-23 16:21:33,339 INFO run.814373.135599821542736.baseline.repartition: step 37 evaluated 326 selective candidates; objective 21561.10 -> 20167.24 (communication 7961.10 -> 8378.04, deferred load 68.0 -> 58.0, migration 189.19)
2026-09-23 16:21:33,339 INFO run.814373.135599821542736.baseline.repartition: step 37 accepted swap of qubits [17, 18]: QPU [0, 4] -> QPU [4, 0]
2026-09-23 16:21:33,339 INFO run.814373.135599821542736.baseline.repartition: step 37 accepted swap of qubits [8, 21]: QPU [1, 0] -> QPU [0, 1]
2026-09-23 16:21:33,339 INFO run.814373.135599821542736.baseline.repartition: step 37 link 0-4 projected peak utilization 1.00 -> 1.00
2026-09-23 16:21:33,339 INFO run.814373.135599821542736.baseline.repartition: step 37 link 1-3 projected peak utilization 1.00 -> 1.00
2026-09-23 16:21:33,339 INFO run.814373.135599821542736.baseline.repartition: step 37 link 2-5 projected peak utilization 1.00 -> 1.00
2026-09-23 16:21:33,339 INFO run.814373.135599821542736.baseline.repartition: step 37 moved qubits [8, 17, 18, 21]; new partition {0: [2, 3, 8, 18], 1: [7, 9, 12, 21], 2: [6, 15, 20, 23], 3: [14, 16, 19, 22], 4: [1, 10, 11, 17], 5: [0, 4, 5, 13]}
2026-09-23 16:21:33,341 INFO run.814373.135599821542736.baseline.repartition: step 38 trigger 'congestion+resource' suppressed by cooldown (last repartition at step 37)
2026-09-23 16:21:33,343 INFO run.814373.135599821542736.baseline.repartition: step 39 trigger 'congestion+resource' suppressed by cooldown (last repartition at step 37)
2026-09-23 16:21:33,650 INFO run.814373.135599821542736.baseline.repartition: step 40 repartition trigger reason=combined (congestion+resource) links=0-4|1-3|2-5 affected_qubits=[0, 1, 2, 3, 4, 5, 7, 8, 10, 11, 12, 13, 14, 15, 17, 18, 19, 21, 22]
2026-09-23 16:21:33,650 INFO run.814373.135599821542736.baseline.repartition: step 40 evaluated 294 selective candidates; objective 18440.67 -> 17257.74 (communication 10440.67 -> 9626.13, deferred load 40.0 -> 37.0, migration 231.61)
2026-09-23 16:21:33,650 INFO run.814373.135599821542736.baseline.repartition: step 40 accepted swap of qubits [4, 11]: QPU [5, 4] -> QPU [4, 5]
2026-09-23 16:21:33,650 INFO run.814373.135599821542736.baseline.repartition: step 40 accepted swap of qubits [1, 12]: QPU [4, 1] -> QPU [1, 4]
2026-09-23 16:21:33,650 INFO run.814373.135599821542736.baseline.repartition: step 40 link 0-4 projected peak utilization 1.00 -> 1.00
2026-09-23 16:21:33,650 INFO run.814373.135599821542736.baseline.repartition: step 40 link 1-3 projected peak utilization 0.83 -> 0.67
2026-09-23 16:21:33,650 INFO run.814373.135599821542736.baseline.repartition: step 40 link 2-5 projected peak utilization 1.00 -> 1.00
2026-09-23 16:21:33,650 INFO run.814373.135599821542736.baseline.repartition: step 40 moved qubits [1, 4, 11, 12]; new partition {0: [2, 3, 8, 18], 1: [1, 7, 9, 21], 2: [6, 15, 20, 23], 3: [14, 16, 19, 22], 4: [4, 10, 12, 17], 5: [0, 5, 11, 13]}
2026-09-23 16:21:33,652 INFO run.814373.135599821542736.baseline.repartition: step 41 trigger 'congestion+resource' suppressed by cooldown (last repartition at step 40)
2026-09-23 16:21:33,653 INFO run.814373.135599821542736.baseline.repartition: step 42 trigger 'congestion+resource' suppressed by cooldown (last repartition at step 40)
2026-09-23 16:21:33,846 INFO run.814373.135599821542736.baseline.repartition: step 43 repartition trigger reason=combined (congestion+resource) links=2-5 affected_qubits=[0, 1, 3, 4, 5, 6, 7, 11, 13, 14, 15, 17, 20, 22]
2026-09-23 16:21:33,846 INFO run.814373.135599821542736.baseline.repartition: step 43 evaluated 158 selective candidates; objective 18244.71 -> 16274.82 (communication 15044.71 -> 14227.54, deferred load 16.0 -> 9.0, migration 247.28)
2026-09-23 16:21:33,846 INFO run.814373.135599821542736.baseline.repartition: step 43 accepted swap of qubits [4, 11]: QPU [4, 5] -> QPU [5, 4]
2026-09-23 16:21:33,846 INFO run.814373.135599821542736.baseline.repartition: step 43 accepted swap of qubits [3, 15]: QPU [0, 2] -> QPU [2, 0]
2026-09-23 16:21:33,846 INFO run.814373.135599821542736.baseline.repartition: step 43 link 2-5 projected peak utilization 1.00 -> 1.00
2026-09-23 16:21:33,846 INFO run.814373.135599821542736.baseline.repartition: step 43 moved qubits [3, 4, 11, 15]; new partition {0: [2, 8, 15, 18], 1: [1, 7, 9, 21], 2: [3, 6, 20, 23], 3: [14, 16, 19, 22], 4: [10, 11, 12, 17], 5: [0, 4, 5, 13]}
2026-09-23 16:21:33,848 INFO run.814373.135599821542736.baseline.repartition: step 44 trigger 'congestion+resource' suppressed by cooldown (last repartition at step 43)
2026-09-23 16:21:33,850 INFO run.814373.135599821542736.baseline.repartition: step 45 trigger 'congestion+resource' suppressed by cooldown (last repartition at step 43)
2026-09-23 16:21:34,015 INFO run.814373.135599821542736.baseline.repartition: step 46 repartition trigger reason=combined (congestion+resource) links=1-4|2-5 affected_qubits=[2, 3, 4, 5, 7, 11, 12, 13, 16, 17, 18, 20, 21, 23]
2026-09-23 16:21:34,015 INFO run.814373.135599821542736.baseline.repartition: step 46 evaluated 160 selective candidates; objective 14013.45 -> 13992.51 (communication 7613.45 -> 7544.75, deferred load 32.0 -> 32.0, migration 47.75)
2026-09-23 16:21:34,015 INFO run.814373.135599821542736.baseline.repartition: step 46 repartition rejected: improvement_below_margin
2026-09-23 16:21:34,048 INFO run.814373.135599821542736.baseline.repartition: step 47 repartition trigger reason=combined (congestion+resource) links=2-5 affected_qubits=[0, 3, 4, 5, 13, 17, 18, 20, 23]
2026-09-23 16:21:34,048 INFO run.814373.135599821542736.baseline.repartition: step 47 evaluated 27 selective candidates; objective 13751.68 -> 13751.68 (communication 9951.68 -> 9951.68, deferred load 19.0 -> 19.0, migration 0.00)
2026-09-23 16:21:34,048 INFO run.814373.135599821542736.baseline.repartition: step 47 repartition rejected: no_improving_selective_move
2026-09-23 16:21:34,108 INFO run.814373.135599821542736.baseline.repartition: step 48 repartition trigger reason=combined (congestion+resource) links=2-5 affected_qubits=[0, 3, 4, 5, 11, 13, 14, 17, 18, 20, 23]
2026-09-23 16:21:34,108 INFO run.814373.135599821542736.baseline.repartition: step 48 evaluated 45 selective candidates; objective 13342.94 -> 13342.94 (communication 10942.94 -> 10942.94, deferred load 12.0 -> 12.0, migration 0.00)
2026-09-23 16:21:34,108 INFO run.814373.135599821542736.baseline.repartition: step 48 repartition rejected: no_improving_selective_move
2026-09-23 16:21:34,168 INFO run.814373.135599821542736.baseline.repartition: step 49 repartition trigger reason=combined (congestion+resource) links=2-5 affected_qubits=[0, 1, 4, 5, 6, 10, 11, 13, 14, 17, 18, 23]
2026-09-23 16:21:34,168 INFO run.814373.135599821542736.baseline.repartition: step 49 evaluated 56 selective candidates; objective 15091.08 -> 15091.08 (communication 8491.08 -> 8491.08, deferred load 33.0 -> 33.0, migration 0.00)
2026-09-23 16:21:34,168 INFO run.814373.135599821542736.baseline.repartition: step 49 repartition rejected: no_improving_selective_move
2026-09-23 16:21:34,278 INFO run.814373.135599821542736.baseline.repartition: step 50 repartition trigger reason=combined (congestion+resource) links=1-3|2-5 affected_qubits=[0, 1, 2, 4, 5, 6, 8, 10, 13, 14, 17, 19, 21, 22, 23]
2026-09-23 16:21:34,279 INFO run.814373.135599821542736.baseline.repartition: step 50 evaluated 92 selective candidates; objective 15344.48 -> 15344.48 (communication 12344.48 -> 12344.48, deferred load 15.0 -> 15.0, migration 0.00)
2026-09-23 16:21:34,279 INFO run.814373.135599821542736.baseline.repartition: step 50 repartition rejected: no_improving_selective_move
